###############################################################################
#
# IAR ELF Linker V8.32.1.169/W32 for ARM                  11/Nov/2020  10:19:28
# Copyright 2007-2018 IAR Systems AB.
#
#    Output file  =  
#        D:\nRF5_SDK_15.2.0_9412b96\sdk17\project\iar\Debug\Exe\WT_demo.out
#    Map file     =  
#        D:\nRF5_SDK_15.2.0_9412b96\sdk17\project\iar\Debug\List\WT_demo.map
#    Command line =  
#        -f C:\Users\RD-CHS\AppData\Local\Temp\EWB51B.tmp
#        (D:\nRF5_SDK_15.2.0_9412b96\sdk17\project\iar\Debug\Obj\advertising.o
#        D:\nRF5_SDK_15.2.0_9412b96\sdk17\project\iar\Debug\Obj\app_error.o
#        D:\nRF5_SDK_15.2.0_9412b96\sdk17\project\iar\Debug\Obj\app_error_handler_iar.o
#        D:\nRF5_SDK_15.2.0_9412b96\sdk17\project\iar\Debug\Obj\app_error_weak.o
#        D:\nRF5_SDK_15.2.0_9412b96\sdk17\project\iar\Debug\Obj\app_fifo.o
#        D:\nRF5_SDK_15.2.0_9412b96\sdk17\project\iar\Debug\Obj\app_freertos.o
#        D:\nRF5_SDK_15.2.0_9412b96\sdk17\project\iar\Debug\Obj\app_timer_freertos.o
#        D:\nRF5_SDK_15.2.0_9412b96\sdk17\project\iar\Debug\Obj\app_uart_fifo.o
#        D:\nRF5_SDK_15.2.0_9412b96\sdk17\project\iar\Debug\Obj\app_util_platform.o
#        D:\nRF5_SDK_15.2.0_9412b96\sdk17\project\iar\Debug\Obj\auth_status_tracker.o
#        D:\nRF5_SDK_15.2.0_9412b96\sdk17\project\iar\Debug\Obj\ble_advdata.o
#        D:\nRF5_SDK_15.2.0_9412b96\sdk17\project\iar\Debug\Obj\ble_advertising.o
#        D:\nRF5_SDK_15.2.0_9412b96\sdk17\project\iar\Debug\Obj\ble_conn_params.o
#        D:\nRF5_SDK_15.2.0_9412b96\sdk17\project\iar\Debug\Obj\ble_conn_state.o
#        D:\nRF5_SDK_15.2.0_9412b96\sdk17\project\iar\Debug\Obj\ble_date.o
#        D:\nRF5_SDK_15.2.0_9412b96\sdk17\project\iar\Debug\Obj\ble_srv_common.o
#        D:\nRF5_SDK_15.2.0_9412b96\sdk17\project\iar\Debug\Obj\bmp.o
#        D:\nRF5_SDK_15.2.0_9412b96\sdk17\project\iar\Debug\Obj\common.o
#        D:\nRF5_SDK_15.2.0_9412b96\sdk17\project\iar\Debug\Obj\croutine.o
#        D:\nRF5_SDK_15.2.0_9412b96\sdk17\project\iar\Debug\Obj\event_groups.o
#        D:\nRF5_SDK_15.2.0_9412b96\sdk17\project\iar\Debug\Obj\fds.o
#        D:\nRF5_SDK_15.2.0_9412b96\sdk17\project\iar\Debug\Obj\gatt_cache_manager.o
#        D:\nRF5_SDK_15.2.0_9412b96\sdk17\project\iar\Debug\Obj\gatts_cache_manager.o
#        D:\nRF5_SDK_15.2.0_9412b96\sdk17\project\iar\Debug\Obj\global.o
#        D:\nRF5_SDK_15.2.0_9412b96\sdk17\project\iar\Debug\Obj\heap_4.o
#        D:\nRF5_SDK_15.2.0_9412b96\sdk17\project\iar\Debug\Obj\iar_startup_nrf52.o
#        D:\nRF5_SDK_15.2.0_9412b96\sdk17\project\iar\Debug\Obj\id_manager.o
#        D:\nRF5_SDK_15.2.0_9412b96\sdk17\project\iar\Debug\Obj\inv_mpu.o
#        D:\nRF5_SDK_15.2.0_9412b96\sdk17\project\iar\Debug\Obj\inv_mpu_dmp_motion_driver.o
#        D:\nRF5_SDK_15.2.0_9412b96\sdk17\project\iar\Debug\Obj\it725x.o
#        D:\nRF5_SDK_15.2.0_9412b96\sdk17\project\iar\Debug\Obj\lcd.o
#        D:\nRF5_SDK_15.2.0_9412b96\sdk17\project\iar\Debug\Obj\list.o
#        D:\nRF5_SDK_15.2.0_9412b96\sdk17\project\iar\Debug\Obj\main.o
#        D:\nRF5_SDK_15.2.0_9412b96\sdk17\project\iar\Debug\Obj\mpu6050.o
#        D:\nRF5_SDK_15.2.0_9412b96\sdk17\project\iar\Debug\Obj\nrf_atfifo.o
#        D:\nRF5_SDK_15.2.0_9412b96\sdk17\project\iar\Debug\Obj\nrf_atflags.o
#        D:\nRF5_SDK_15.2.0_9412b96\sdk17\project\iar\Debug\Obj\nrf_atomic.o
#        D:\nRF5_SDK_15.2.0_9412b96\sdk17\project\iar\Debug\Obj\nrf_balloc.o
#        D:\nRF5_SDK_15.2.0_9412b96\sdk17\project\iar\Debug\Obj\nrf_ble_gatt.o
#        D:\nRF5_SDK_15.2.0_9412b96\sdk17\project\iar\Debug\Obj\nrf_ble_qwr.o
#        D:\nRF5_SDK_15.2.0_9412b96\sdk17\project\iar\Debug\Obj\nrf_drv_clock.o
#        D:\nRF5_SDK_15.2.0_9412b96\sdk17\project\iar\Debug\Obj\nrf_drv_spi.o
#        D:\nRF5_SDK_15.2.0_9412b96\sdk17\project\iar\Debug\Obj\nrf_drv_twi.o
#        D:\nRF5_SDK_15.2.0_9412b96\sdk17\project\iar\Debug\Obj\nrf_drv_uart.o
#        D:\nRF5_SDK_15.2.0_9412b96\sdk17\project\iar\Debug\Obj\nrf_fprintf.o
#        D:\nRF5_SDK_15.2.0_9412b96\sdk17\project\iar\Debug\Obj\nrf_fprintf_format.o
#        D:\nRF5_SDK_15.2.0_9412b96\sdk17\project\iar\Debug\Obj\nrf_fstorage.o
#        D:\nRF5_SDK_15.2.0_9412b96\sdk17\project\iar\Debug\Obj\nrf_fstorage_sd.o
#        D:\nRF5_SDK_15.2.0_9412b96\sdk17\project\iar\Debug\Obj\nrf_log_backend_rtt.o
#        D:\nRF5_SDK_15.2.0_9412b96\sdk17\project\iar\Debug\Obj\nrf_log_backend_serial.o
#        D:\nRF5_SDK_15.2.0_9412b96\sdk17\project\iar\Debug\Obj\nrf_log_default_backends.o
#        D:\nRF5_SDK_15.2.0_9412b96\sdk17\project\iar\Debug\Obj\nrf_log_frontend.o
#        D:\nRF5_SDK_15.2.0_9412b96\sdk17\project\iar\Debug\Obj\nrf_log_str_formatter.o
#        D:\nRF5_SDK_15.2.0_9412b96\sdk17\project\iar\Debug\Obj\nrf_memobj.o
#        D:\nRF5_SDK_15.2.0_9412b96\sdk17\project\iar\Debug\Obj\nrf_ringbuf.o
#        D:\nRF5_SDK_15.2.0_9412b96\sdk17\project\iar\Debug\Obj\nrf_sdh.o
#        D:\nRF5_SDK_15.2.0_9412b96\sdk17\project\iar\Debug\Obj\nrf_sdh_ble.o
#        D:\nRF5_SDK_15.2.0_9412b96\sdk17\project\iar\Debug\Obj\nrf_sdh_freertos.o
#        D:\nRF5_SDK_15.2.0_9412b96\sdk17\project\iar\Debug\Obj\nrf_sdh_soc.o
#        D:\nRF5_SDK_15.2.0_9412b96\sdk17\project\iar\Debug\Obj\nrf_section_iter.o
#        D:\nRF5_SDK_15.2.0_9412b96\sdk17\project\iar\Debug\Obj\nrf_strerror.o
#        D:\nRF5_SDK_15.2.0_9412b96\sdk17\project\iar\Debug\Obj\nrfx_clock.o
#        D:\nRF5_SDK_15.2.0_9412b96\sdk17\project\iar\Debug\Obj\nrfx_gpiote.o
#        D:\nRF5_SDK_15.2.0_9412b96\sdk17\project\iar\Debug\Obj\nrfx_prs.o
#        D:\nRF5_SDK_15.2.0_9412b96\sdk17\project\iar\Debug\Obj\nrfx_rtc.o
#        D:\nRF5_SDK_15.2.0_9412b96\sdk17\project\iar\Debug\Obj\nrfx_saadc.o
#        D:\nRF5_SDK_15.2.0_9412b96\sdk17\project\iar\Debug\Obj\nrfx_spi.o
#        D:\nRF5_SDK_15.2.0_9412b96\sdk17\project\iar\Debug\Obj\nrfx_spim.o
#        D:\nRF5_SDK_15.2.0_9412b96\sdk17\project\iar\Debug\Obj\nrfx_twi.o
#        D:\nRF5_SDK_15.2.0_9412b96\sdk17\project\iar\Debug\Obj\nrfx_twim.o
#        D:\nRF5_SDK_15.2.0_9412b96\sdk17\project\iar\Debug\Obj\nrfx_uart.o
#        D:\nRF5_SDK_15.2.0_9412b96\sdk17\project\iar\Debug\Obj\nrfx_uarte.o
#        D:\nRF5_SDK_15.2.0_9412b96\sdk17\project\iar\Debug\Obj\nrfx_wdt.o
#        D:\nRF5_SDK_15.2.0_9412b96\sdk17\project\iar\Debug\Obj\peer_data_storage.o
#        D:\nRF5_SDK_15.2.0_9412b96\sdk17\project\iar\Debug\Obj\peer_database.o
#        D:\nRF5_SDK_15.2.0_9412b96\sdk17\project\iar\Debug\Obj\peer_id.o
#        D:\nRF5_SDK_15.2.0_9412b96\sdk17\project\iar\Debug\Obj\peer_manager.o
#        D:\nRF5_SDK_15.2.0_9412b96\sdk17\project\iar\Debug\Obj\peer_manager_handler.o
#        D:\nRF5_SDK_15.2.0_9412b96\sdk17\project\iar\Debug\Obj\pm_buffer.o
#        D:\nRF5_SDK_15.2.0_9412b96\sdk17\project\iar\Debug\Obj\port.o
#        D:\nRF5_SDK_15.2.0_9412b96\sdk17\project\iar\Debug\Obj\port_cmsis.o
#        D:\nRF5_SDK_15.2.0_9412b96\sdk17\project\iar\Debug\Obj\port_cmsis_systick.o
#        D:\nRF5_SDK_15.2.0_9412b96\sdk17\project\iar\Debug\Obj\queue.o
#        D:\nRF5_SDK_15.2.0_9412b96\sdk17\project\iar\Debug\Obj\rtc.o
#        D:\nRF5_SDK_15.2.0_9412b96\sdk17\project\iar\Debug\Obj\saadc.o
#        D:\nRF5_SDK_15.2.0_9412b96\sdk17\project\iar\Debug\Obj\security_dispatcher.o
#        D:\nRF5_SDK_15.2.0_9412b96\sdk17\project\iar\Debug\Obj\security_manager.o
#        D:\nRF5_SDK_15.2.0_9412b96\sdk17\project\iar\Debug\Obj\SEGGER_RTT.o
#        D:\nRF5_SDK_15.2.0_9412b96\sdk17\project\iar\Debug\Obj\SEGGER_RTT_printf.o
#        D:\nRF5_SDK_15.2.0_9412b96\sdk17\project\iar\Debug\Obj\SEGGER_RTT_Syscalls_IAR.o
#        D:\nRF5_SDK_15.2.0_9412b96\sdk17\project\iar\Debug\Obj\service.o
#        D:\nRF5_SDK_15.2.0_9412b96\sdk17\project\iar\Debug\Obj\spi.o
#        D:\nRF5_SDK_15.2.0_9412b96\sdk17\project\iar\Debug\Obj\st7789.o
#        D:\nRF5_SDK_15.2.0_9412b96\sdk17\project\iar\Debug\Obj\stream_buffer.o
#        D:\nRF5_SDK_15.2.0_9412b96\sdk17\project\iar\Debug\Obj\system_nrf52.o
#        D:\nRF5_SDK_15.2.0_9412b96\sdk17\project\iar\Debug\Obj\tasks.o
#        D:\nRF5_SDK_15.2.0_9412b96\sdk17\project\iar\Debug\Obj\timers.o
#        D:\nRF5_SDK_15.2.0_9412b96\sdk17\project\iar\Debug\Obj\twi.o
#        D:\nRF5_SDK_15.2.0_9412b96\sdk17\project\iar\Debug\Obj\utf.o
#        --redirect _Printf=_PrintfFull --redirect _Scanf=_ScanfFull
#        --no_out_extension -o
#        D:\nRF5_SDK_15.2.0_9412b96\sdk17\project\iar\Debug\Exe\WT_demo.out
#        --map
#        D:\nRF5_SDK_15.2.0_9412b96\sdk17\project\iar\Debug\List\WT_demo.map
#        --config
#        D:\nRF5_SDK_15.2.0_9412b96\sdk17\project\iar\ble_app_hrs_freertos_iar_nRF5x.icf
#        --semihosting --entry __iar_program_start --vfe --text_out locale)
#
###############################################################################

*******************************************************************************
*** RUNTIME MODEL ATTRIBUTES
***

CppFlavor       = *
__SystemLibrary = DLib
__dlib_version  = 6


*******************************************************************************
*** HEAP SELECTION
***

The basic heap was selected because no calls to memory allocation
functions were found in the application outside of system library
functions, and there are calls to deallocation functions in the
application.


*******************************************************************************
*** PLACEMENT SUMMARY
***

"A0":  place at 0x2'6000 { ro section .intvec };
define block RO_END with size = 0M, alignment = 8 { };
"P1":  place in [from 0x2'6000 to 0x7'ffff] { ro, block RO_END };
define block CSTACK with size = 2K, alignment = 8 { };
define block HEAP with size = 1K, alignment = 8 { };
"P2":  place in [from 0x2000'5968 to 0x2000'ffff] {
          rw, block CSTACK, block HEAP };
initialize by copy { rw };
keep { section .intvec };

  Section                 Kind         Address     Size  Object
  -------                 ----         -------     ----  ------
"A0":                                             0x200
  .intvec                 ro code     0x2'6000    0x200  iar_startup_nrf52.o [1]
                                    - 0x2'6200    0x200

"P1":                                           0x33256
  .rodata                 const       0x2'6200  0x1c208  bmp.o [1]
  .text                   ro code     0x4'2408   0x191c  inv_mpu.o [1]
  .text                   ro code     0x4'3d24    0x2bc  mpu6050.o [1]
  .text                   ro code     0x4'3fe0     0x66  ABImemset.o [4]
  .text                   ro code     0x4'4046      0x8  labs.o [2]
  .text                   ro code     0x4'404e     0x7a  lz77_init_single.o [4]
  .text                   ro code     0x4'40c8    0x274  I64DivMod.o [4]
  .text                   ro code     0x4'433c      0x6  ABImemclr4.o [4]
  .text                   ro code     0x4'4342     0x3a  zero_init3.o [4]
  .text                   ro code     0x4'437c     0x68  memcmp.o [4]
  .text                   ro code     0x4'43e4     0xa6  ABImemcpy.o [4]
  .rodata                 const       0x4'448a      0x2  inv_mpu_dmp_motion_driver.o [1]
  .text                   ro code     0x4'448c    0xa30  inv_mpu_dmp_motion_driver.o [1]
  .text                   ro code     0x4'4ebc    0x4fc  twi.o [1]
  .text                   ro code     0x4'53b8    0x874  nrf_log_frontend.o [1]
  .text                   ro code     0x4'5c2c      0x2  I64DivZer.o [4]
  .rodata                 const       0x4'5c2e      0x2  it725x.o [1]
  .text                   ro code     0x4'5c30     0x32  ABImemset48.o [4]
  .text                   ro code     0x4'5c62    0x226  nrf_memobj.o [1]
  .text                   ro code     0x4'5e88     0x26  nrf_ringbuf.o [1]
  .text                   ro code     0x4'5eae      0x2  iar_startup_nrf52.o [1]
  .text                   ro code     0x4'5eb0    0x104  nrf_atomic.o [1]
  .text                   ro code     0x4'5fb4     0xba  app_util_platform.o [1]
  .text                   ro code     0x4'606e     0xe2  nrf_balloc.o [1]
  .text                   ro code     0x4'6150   0x1320  fds.o [1]
  .text                   ro code     0x4'7470    0x352  nrf_fstorage.o [1]
  .text                   ro code     0x4'77c2      0x2  iar_startup_nrf52.o [1]
  .text                   ro code     0x4'77c4    0x1ba  nrf_atfifo.o [1]
  .text                   ro code     0x4'797e      0x2  iar_startup_nrf52.o [1]
  .rodata                 const       0x4'7980    0xbf8  inv_mpu_dmp_motion_driver.o [1]
  .text                   ro code     0x4'8578    0xbc4  tasks.o [1]
  .text                   ro code     0x4'913c    0x204  heap_4.o [1]
  .text                   ro code     0x4'9340     0x9a  list.o [1]
  .text                   ro code     0x4'93da      0x2  iar_startup_nrf52.o [1]
  .text                   ro code     0x4'93dc     0xe4  port_cmsis.o [1]
  .text                   ro code     0x4'94c0    0x434  timers.o [1]
  .text                   ro code     0x4'98f4    0x194  app_freertos.o [1]
  .text                   ro code     0x4'9a88    0x5e0  main.o [1]
  .text                   ro code     0x4'a068    0x344  port_cmsis_systick.o [1]
  .text                   ro code     0x4'a3ac     0xaa  port.o [1]
  .text                   ro code     0x4'a456      0x2  iar_startup_nrf52.o [1]
  .text                   ro code     0x4'a458    0x5a0  queue.o [1]
  .text                   ro code     0x4'a9f8     0x22  S32ToDbl.o [3]
  .text                   ro code     0x4'aa1a      0x2  iar_startup_nrf52.o [1]
  .text                   ro code     0x4'aa1c    0x17a  DblAdd.o [3]
  .text                   ro code     0x4'ab96      0x2  iar_startup_nrf52.o [1]
  .text                   ro code     0x4'ab98     0x68  DblToFlt.o [3]
  .text                   ro code     0x4'ac00     0xb8  saadc.o [1]
  .text                   ro code     0x4'acb8     0x8c  lcd.o [1]
  .text                   ro code     0x4'ad44    0x262  advertising.o [1]
  .text                   ro code     0x4'afa6      0x2  iar_startup_nrf52.o [1]
  .text                   ro code     0x4'afa8    0x5f8  peer_manager.o [1]
  .text                   ro code     0x4'b5a0    0x37c  nrf_sdh.o [1]
  .text                   ro code     0x4'b91c    0x1ac  nrf_sdh_ble.o [1]
  .text                   ro code     0x4'bac8    0x494  nrf_ble_gatt.o [1]
  .text                   ro code     0x4'bf5c     0x2c  nrf_log_default_backends.o [1]
  .text                   ro code     0x4'bf88     0x28  app_error_handler_iar.o [1]
  .text                   ro code     0x4'bfb0    0x23c  nrf_drv_clock.o [1]
  .text                   ro code     0x4'c1ec    0x3e0  ble_conn_params.o [1]
  .text                   ro code     0x4'c5cc     0x38  service.o [1]
  .text                   ro code     0x4'c604     0xe8  rtc.o [1]
  .text                   ro code     0x4'c6ec    0x56c  st7789.o [1]
  .text                   ro code     0x4'cc58     0xb8  nrf_sdh_freertos.o [1]
  .text                   ro code     0x4'cd10     0xe2  DblSub.o [3]
  .text                   ro code     0x4'cdf2      0x2  iar_startup_nrf52.o [1]
  .text                   ro code     0x4'cdf4    0x53c  nrfx_saadc.o [1]
  .text                   ro code     0x4'd330    0x744  it725x.o [1]
  .text                   ro code     0x4'da74    0x5b4  ble_advertising.o [1]
  .text                   ro code     0x4'e028    0x400  ble_conn_state.o [1]
  .text                   ro code     0x4'e428    0x500  id_manager.o [1]
  .text                   ro code     0x4'e928    0x688  peer_data_storage.o [1]
  .text                   ro code     0x4'efb0    0x650  security_manager.o [1]
  .text                   ro code     0x4'f600    0x960  gatt_cache_manager.o [1]
  .text                   ro code     0x4'ff60     0x58  nrf_strerror.o [1]
  .text                   ro code     0x4'ffb8    0x6bc  peer_database.o [1]
  .text                   ro code     0x5'0674    0xa02  security_dispatcher.o [1]
  .text                   ro code     0x5'1076      0x2  iar_startup_nrf52.o [1]
  .text                   ro code     0x5'1078    0x368  gatts_cache_manager.o [1]
  .text                   ro code     0x5'13e0     0x6e  nrf_section_iter.o [1]
  .text                   ro code     0x5'144e      0x2  iar_startup_nrf52.o [1]
  .text                   ro code     0x5'1450     0xc0  nrf_log_backend_rtt.o [1]
  .text                   ro code     0x5'1510    0x11c  app_error_weak.o [1]
  .text                   ro code     0x5'162c    0x244  nrfx_clock.o [1]
  .text                   ro code     0x5'1870    0x1f4  app_timer_freertos.o [1]
  .text                   ro code     0x5'1a64     0x1e  ble_srv_common.o [1]
  .text                   ro code     0x5'1a82    0x148  nrf_ble_qwr.o [1]
  .text                   ro code     0x5'1bca      0x2  iar_startup_nrf52.o [1]
  .text                   ro code     0x5'1bcc    0x2cc  nrfx_rtc.o [1]
  .text                   ro code     0x5'1e98    0x1f0  spi.o [1]
  .text                   ro code     0x5'2088      0x8  abs.o [2]
  .text                   ro code     0x5'2090      0xc  memcpy.o [4]
  .text                   ro code     0x5'209c    0x950  nrfx_twim.o [1]
  .text                   ro code     0x5'29ec    0x19c  nrf_drv_twi.o [1]
  .text                   ro code     0x5'2b88    0x7f0  nrfx_gpiote.o [1]
  .text                   ro code     0x5'3378     0x1a  U32ToDbl.o [3]
  .text                   ro code     0x5'3392      0x2  iar_startup_nrf52.o [1]
  .text                   ro code     0x5'3394     0x16  math_wrappers64.o [3]
  .text                   ro code     0x5'33aa      0x2  iar_startup_nrf52.o [1]
  .text                   ro code     0x5'33ac    0x1a2  DblMul.o [3]
  .text                   ro code     0x5'354e      0x2  iar_startup_nrf52.o [1]
  .text                   ro code     0x5'3550     0x2e  DblCmpGe.o [3]
  .text                   ro code     0x5'357e      0x2  iar_startup_nrf52.o [1]
  .text                   ro code     0x5'3580     0x2e  DblCmpLe.o [3]
  .text                   ro code     0x5'35ae      0x2  iar_startup_nrf52.o [1]
  .text                   ro code     0x5'35b0     0x3a  DblToS32.o [3]
  .text                   ro code     0x5'35ea    0x7e8  ble_advdata.o [1]
  .text                   ro code     0x5'3dd2     0xce  nrf_atflags.o [1]
  .text                   ro code     0x5'3ea0    0x1d4  peer_id.o [1]
  .text                   ro code     0x5'4074    0x18a  pm_buffer.o [1]
  .text                   ro code     0x5'41fe      0x2  iar_startup_nrf52.o [1]
  .text                   ro code     0x5'4200    0x210  SEGGER_RTT.o [1]
  .text                   ro code     0x5'4410     0xee  nrf_log_backend_serial.o [1]
  .text                   ro code     0x5'44fe      0x2  iar_startup_nrf52.o [1]
  .text                   ro code     0x5'4500     0x6c  app_error.o [1]
  .text                   ro code     0x5'456c    0x544  nrfx_spim.o [1]
  .text                   ro code     0x5'4ab0     0xc4  nrf_drv_spi.o [1]
  .text                   ro code     0x5'4b74     0x6e  nrfx_prs.o [1]
  .text                   ro code     0x5'4be2      0x2  iar_startup_nrf52.o [1]
  .text                   ro code     0x5'4be4    0x13c  atan2_64.o [3]
  .text                   ro code     0x5'4d20     0x18  strcpy.o [4]
  .text                   ro code     0x5'4d38    0x25c  nrf_log_str_formatter.o [1]
  .text                   ro code     0x5'4f94    0x246  DblDiv.o [3]
  .text                   ro code     0x5'51da      0x2  iar_startup_nrf52.o [1]
  .text                   ro code     0x5'51dc    0x1d0  iar_Atan64.o [3]
  .text                   ro code     0x5'53ac     0x44  nrf_fprintf.o [1]
  .text                   ro code     0x5'53f0     0x28  isprint.o [2]
  .text                   ro code     0x5'5418     0x20  DblCmpEq.o [3]
  .text                   ro code     0x5'5438    0x488  nrf_fprintf_format.o [1]
  .text                   ro code     0x5'58c0     0x14  isalpha.o [2]
  .text                   ro code     0x5'58d4     0x14  ispunct.o [2]
  .text                   ro code     0x5'58e8     0x36  strlen.o [4]
  .text                   ro code     0x5'591e      0x2  iar_startup_nrf52.o [1]
  .text                   ro code     0x5'5920     0x48  xlocale_c.o [2]
  .rodata                 const       0x5'5968    0x724  bmp.o [1]
  .text                   ro code     0x5'608c    0x664  system_nrf52.o [1]
  .text                   ro code     0x5'66f0    0x42c  nrf_fstorage_sd.o [1]
  .rodata                 const       0x5'6b1c    0x128  nrf_strerror.o [1]
  log_const_data                      0x5'6c44     0xd8  <Block>
    log_const_data        const       0x5'6c44      0x8  gatt_cache_manager.o [1]
    log_const_data        const       0x5'6c4c      0x8  gatts_cache_manager.o [1]
    log_const_data        const       0x5'6c54      0x8  id_manager.o [1]
    log_const_data        const       0x5'6c5c      0x8  nrf_ble_gatt.o [1]
    log_const_data        const       0x5'6c64      0x8  nrf_drv_clock.o [1]
    log_const_data        const       0x5'6c6c      0x8  nrf_fstorage.o [1]
    log_const_data        const       0x5'6c74      0x8  nrf_log_frontend.o [1]
    log_const_data        const       0x5'6c7c      0x8  nrf_sdh.o [1]
    log_const_data        const       0x5'6c84      0x8  nrf_sdh_ble.o [1]
    log_const_data        const       0x5'6c8c      0x8  nrf_sdh_freertos.o [1]
    log_const_data        const       0x5'6c94      0x8  nrf_sdh_soc.o [1]
    log_const_data        const       0x5'6c9c      0x8  nrfx_clock.o [1]
    log_const_data        const       0x5'6ca4      0x8  nrfx_gpiote.o [1]
    log_const_data        const       0x5'6cac      0x8  nrfx_prs.o [1]
    log_const_data        const       0x5'6cb4      0x8  nrfx_rtc.o [1]
    log_const_data        const       0x5'6cbc      0x8  nrfx_saadc.o [1]
    log_const_data        const       0x5'6cc4      0x8  nrfx_spim.o [1]
    log_const_data        const       0x5'6ccc      0x8  nrfx_twim.o [1]
    log_const_data        const       0x5'6cd4      0x8  nrfx_uart.o [1]
    log_const_data        const       0x5'6cdc      0x8  nrfx_uarte.o [1]
    log_const_data        const       0x5'6ce4      0x8  nrfx_wdt.o [1]
    log_const_data        const       0x5'6cec      0x8  peer_data_storage.o [1]
    log_const_data        const       0x5'6cf4      0x8  peer_database.o [1]
    log_const_data        const       0x5'6cfc      0x8  peer_manager.o [1]
    log_const_data        const       0x5'6d04      0x8  peer_manager_handler.o [1]
    log_const_data        const       0x5'6d0c      0x8  security_dispatcher.o [1]
    log_const_data        const       0x5'6d14      0x8  security_manager.o [1]
  .rodata                 const       0x5'6d1c     0xb8  security_manager.o [1]
  .rodata                 const       0x5'6dd4     0x80  gatt_cache_manager.o [1]
  .rodata                 const       0x5'6e54     0x80  gatts_cache_manager.o [1]
  .text                   ro code     0x5'6ed4     0x80  ble_date.o [1]
  .rodata                 const       0x5'6f54     0x78  gatts_cache_manager.o [1]
  .rodata                 const       0x5'6fcc     0x74  peer_database.o [1]
  .rodata                 const       0x5'7040     0x70  gatt_cache_manager.o [1]
  .rodata                 const       0x5'70b0     0x70  security_dispatcher.o [1]
  .rodata                 const       0x5'7120     0x70  security_dispatcher.o [1]
  .rodata                 const       0x5'7190     0x70  security_dispatcher.o [1]
  .rodata                 const       0x5'7200     0x70  security_manager.o [1]
  .rodata                 const       0x5'7270     0x6c  security_dispatcher.o [1]
  .rodata                 const       0x5'72dc     0x6c  security_manager.o [1]
  .rodata                 const       0x5'7348     0x64  security_dispatcher.o [1]
  .rodata                 const       0x5'73ac     0x60  gatt_cache_manager.o [1]
  .rodata                 const       0x5'740c     0x60  peer_database.o [1]
  .rodata                 const       0x5'746c     0x60  port_cmsis_systick.o [1]
  .rodata                 const       0x5'74cc     0x5c  security_dispatcher.o [1]
  .text                   ro code     0x5'7528     0x5c  nrf_sdh_soc.o [1]
  .rodata                 const       0x5'7584     0x58  gatts_cache_manager.o [1]
  .rodata                 const       0x5'75dc     0x58  nrf_ble_gatt.o [1]
  .rodata                 const       0x5'7634     0x58  peer_data_storage.o [1]
  .rodata                 const       0x5'768c     0x58  peer_database.o [1]
  .rodata                 const       0x5'76e4     0x58  security_dispatcher.o [1]
  .rodata                 const       0x5'773c     0x58  security_manager.o [1]
  .rodata                 const       0x5'7794     0x54  gatt_cache_manager.o [1]
  .rodata                 const       0x5'77e8     0x54  nrf_sdh_freertos.o [1]
  .rodata                 const       0x5'783c     0x54  peer_database.o [1]
  .text                   ro code     0x5'7890     0x54  nrfx_wdt.o [1]
  .rodata                 const       0x5'78e4     0x50  nrf_fstorage.o [1]
  .rodata                 const       0x5'7934     0x50  security_dispatcher.o [1]
  .rodata                 const       0x5'7984     0x4c  gatts_cache_manager.o [1]
  .rodata                 const       0x5'79d0     0x4c  nrf_ble_gatt.o [1]
  .rodata                 const       0x5'7a1c     0x4c  nrf_sdh_ble.o [1]
  .rodata                 const       0x5'7a68     0x4c  nrf_sdh_soc.o [1]
  .rodata                 const       0x5'7ab4     0x4c  peer_data_storage.o [1]
  .rodata                 const       0x5'7b00     0x48  ble_conn_state.o [1]
  .rodata                 const       0x5'7b48     0x48  nrf_sdh.o [1]
  .rodata                 const       0x5'7b90     0x48  peer_manager.o [1]
  .rodata                 const       0x5'7bd8     0x48  peer_manager.o [1]
  .rodata                 const       0x5'7c20     0x44  peer_data_storage.o [1]
  .rodata                 const       0x5'7c64     0x40  gatt_cache_manager.o [1]
  .rodata                 const       0x5'7ca4     0x40  gatt_cache_manager.o [1]
  .rodata                 const       0x5'7ce4     0x40  nrf_ble_gatt.o [1]
  .rodata                 const       0x5'7d24     0x40  peer_data_storage.o [1]
  .rodata                 const       0x5'7d64     0x40  peer_database.o [1]
  .rodata                 const       0x5'7da4     0x3c  gatt_cache_manager.o [1]
  .rodata                 const       0x5'7de0     0x40  iar_Atan64.o [3]
  .rodata                 const       0x5'7e20     0x3c  gatt_cache_manager.o [1]
  .rodata                 const       0x5'7e5c     0x3c  gatt_cache_manager.o [1]
  .rodata                 const       0x5'7e98     0x38  gatt_cache_manager.o [1]
  .rodata                 const       0x5'7ed0     0x34  advertising.o [1]
  .rodata                 const       0x5'7f04     0x34  nrf_ble_gatt.o [1]
  .rodata                 const       0x5'7f38     0x34  security_dispatcher.o [1]
  .rodata                 const       0x5'7f6c     0x34  security_dispatcher.o [1]
  .rodata                 const       0x5'7fa0     0x30  main.o [1]
  .rodata                 const       0x5'7fd0     0x30  nrf_ble_gatt.o [1]
  .rodata                 const       0x5'8000     0x30  peer_database.o [1]
  .rodata                 const       0x5'8030     0x30  service.o [1]
  .rodata                 const       0x5'8060     0x2c  advertising.o [1]
  .rodata                 const       0x5'808c     0x2c  advertising.o [1]
  .rodata                 const       0x5'80b8     0x2c  nrf_fstorage.o [1]
  .rodata                 const       0x5'80e4     0x2c  nrf_fstorage.o [1]
  .rodata                 const       0x5'8110     0x2c  nrf_strerror.o [1]
  .rodata                 const       0x5'813c     0x2c  peer_manager.o [1]
  .rodata                 const       0x5'8168     0x2c  peer_manager.o [1]
  .rodata                 const       0x5'8194     0x2c  peer_manager.o [1]
  .rodata                 const       0x5'81c0     0x2c  peer_manager.o [1]
  .rodata                 const       0x5'81ec     0x2c  peer_manager.o [1]
  .rodata                 const       0x5'8218     0x2c  peer_manager.o [1]
  .rodata                 const       0x5'8244     0x28  advertising.o [1]
  .rodata                 const       0x5'826c     0x28  advertising.o [1]
  .rodata                 const       0x5'8294     0x28  app_error_weak.o [1]
  .rodata                 const       0x5'82bc     0x28  inv_mpu.o [1]
  .rodata                 const       0x5'82e4     0x28  it725x.o [1]
  .rodata                 const       0x5'830c     0x28  main.o [1]
  .rodata                 const       0x5'8334     0x28  nrf_fstorage.o [1]
  .rodata                 const       0x5'835c     0x28  nrf_fstorage.o [1]
  .rodata                 const       0x5'8384     0x28  nrf_strerror.o [1]
  .rodata                 const       0x5'83ac     0x28  nrf_strerror.o [1]
  .text                   ro code     0x5'83d4     0x28  data_init.o [4]
  .rodata                 const       0x5'83fc     0x24  advertising.o [1]
  .rodata                 const       0x5'8420     0x24  app_error_weak.o [1]
  .rodata                 const       0x5'8444     0x24  main.o [1]
  .rodata                 const       0x5'8468     0x24  nrf_fstorage.o [1]
  .rodata                 const       0x5'848c     0x24  nrf_strerror.o [1]
  .rodata                 const       0x5'84b0     0x24  nrf_strerror.o [1]
  .rodata                 const       0x5'84d4     0x24  nrf_strerror.o [1]
  .rodata                 const       0x5'84f8     0x24  nrf_strerror.o [1]
  .rodata                 const       0x5'851c     0x24  nrf_strerror.o [1]
  .text                   ro code     0x5'8540     0x22  fpinit_M.o [3]
  .iar.init_table         const       0x5'8564     0x20  - Linker created -
  .text                   ro code     0x5'8584      0x2  iar_startup_nrf52.o [1]
  .rodata                 const       0x5'8588     0x20  advertising.o [1]
  .rodata                 const       0x5'85a8     0x20  app_error_weak.o [1]
  .rodata                 const       0x5'85c8     0x20  main.o [1]
  .rodata                 const       0x5'85e8     0x20  main.o [1]
  .rodata                 const       0x5'8608     0x20  main.o [1]
  .rodata                 const       0x5'8628     0x20  nrf_fstorage_sd.o [1]
  .rodata                 const       0x5'8648     0x20  nrf_sdh_ble.o [1]
  .rodata                 const       0x5'8668     0x20  nrf_sdh_freertos.o [1]
  .rodata                 const       0x5'8688     0x20  nrf_strerror.o [1]
  .rodata                 const       0x5'86a8     0x20  nrf_strerror.o [1]
  .rodata                 const       0x5'86c8     0x20  nrf_strerror.o [1]
  .rodata                 const       0x5'86e8     0x20  nrf_strerror.o [1]
  .rodata                 const       0x5'8708     0x20  nrf_strerror.o [1]
  .rodata                 const       0x5'8728     0x20  peer_database.o [1]
  sdh_ble_observers1                  0x5'8748     0x20  <Block>
    sdh_ble_observers1    const       0x5'8748      0x8  advertising.o [1]
    sdh_ble_observers1    const       0x5'8750      0x8  ble_conn_params.o [1]
    sdh_ble_observers1    const       0x5'8758      0x8  main.o [1]
    sdh_ble_observers1    const       0x5'8760      0x8  peer_manager.o [1]
  .text                   ro code     0x5'8768     0x1e  cmain.o [4]
  .text                   ro code     0x5'8786      0x4  low_level_init.o [2]
  .text                   ro code     0x5'878a      0x4  exit.o [2]
  .text                   ro code     0x5'878e      0x2  iar_startup_nrf52.o [1]
  .text                   ro code     0x5'8790      0xa  cexit.o [4]
  .text                   ro code     0x5'879a      0x2  iar_startup_nrf52.o [1]
  .text                   ro code     0x5'879c     0x14  exit.o [5]
  .rodata                 const       0x5'87b0     0x1c  app_error_weak.o [1]
  .rodata                 const       0x5'87cc     0x1c  inv_mpu.o [1]
  .rodata                 const       0x5'87e8     0x1c  main.o [1]
  .rodata                 const       0x5'8804     0x1c  main.o [1]
  .rodata                 const       0x5'8820     0x1c  main.o [1]
  .rodata                 const       0x5'883c     0x1c  nrf_strerror.o [1]
  .rodata                 const       0x5'8858     0x1c  nrf_strerror.o [1]
  .rodata                 const       0x5'8874     0x1c  nrf_strerror.o [1]
  .rodata                 const       0x5'8890     0x1c  nrf_strerror.o [1]
  .rodata                 const       0x5'88ac     0x1c  nrf_strerror.o [1]
  .rodata                 const       0x5'88c8     0x18  advertising.o [1]
  .rodata                 const       0x5'88e0     0x18  advertising.o [1]
  .rodata                 const       0x5'88f8     0x18  advertising.o [1]
  .rodata                 const       0x5'8910     0x18  app_error_weak.o [1]
  .rodata                 const       0x5'8928     0x18  main.o [1]
  .rodata                 const       0x5'8940     0x18  main.o [1]
  .rodata                 const       0x5'8958     0x18  main.o [1]
  .rodata                 const       0x5'8970     0x18  main.o [1]
  .rodata                 const       0x5'8988     0x18  nrf_fstorage.o [1]
  .rodata                 const       0x5'89a0     0x18  nrf_log_str_formatter.o [1]
  .rodata                 const       0x5'89b8     0x18  nrf_strerror.o [1]
  .rodata                 const       0x5'89d0     0x18  nrf_strerror.o [1]
  .rodata                 const       0x5'89e8     0x18  nrf_strerror.o [1]
  .rodata                 const       0x5'8a00     0x18  nrf_strerror.o [1]
  .rodata                 const       0x5'8a18     0x18  nrf_strerror.o [1]
  .rodata                 const       0x5'8a30     0x18  nrf_strerror.o [1]
  .rodata                 const       0x5'8a48     0x18  nrf_strerror.o [1]
  .rodata                 const       0x5'8a60     0x18  nrf_strerror.o [1]
  .rodata                 const       0x5'8a78     0x18  nrf_strerror.o [1]
  .rodata                 const       0x5'8a90     0x18  peer_manager_handler.o [1]
  .rodata                 const       0x5'8aa8     0x14  advertising.o [1]
  .rodata                 const       0x5'8abc     0x14  app_error_weak.o [1]
  .rodata                 const       0x5'8ad0     0x14  app_freertos.o [1]
  .rodata                 const       0x5'8ae4     0x14  app_freertos.o [1]
  .rodata                 const       0x5'8af8     0x14  ble_date.o [1]
  .rodata                 const       0x5'8b0c     0x14  gatt_cache_manager.o [1]
  .rodata                 const       0x5'8b20     0x14  gatt_cache_manager.o [1]
  .rodata                 const       0x5'8b34     0x14  gatt_cache_manager.o [1]
  .rodata                 const       0x5'8b48     0x14  gatt_cache_manager.o [1]
  .rodata                 const       0x5'8b5c     0x14  gatt_cache_manager.o [1]
  .rodata                 const       0x5'8b70     0x14  gatts_cache_manager.o [1]
  .rodata                 const       0x5'8b84     0x14  main.o [1]
  .rodata                 const       0x5'8b98     0x14  main.o [1]
  .rodata                 const       0x5'8bac     0x14  nrf_fstorage.o [1]
  .rodata                 const       0x5'8bc0     0x14  nrf_fstorage.o [1]
  .rodata                 const       0x5'8bd4     0x14  nrf_fstorage.o [1]
  .rodata                 const       0x5'8be8     0x14  nrf_log_frontend.o [1]
  .rodata                 const       0x5'8bfc     0x14  nrf_sdh_freertos.o [1]
  .rodata                 const       0x5'8c10     0x14  nrf_strerror.o [1]
  .rodata                 const       0x5'8c24     0x14  nrf_strerror.o [1]
  .rodata                 const       0x5'8c38     0x14  nrf_strerror.o [1]
  .rodata                 const       0x5'8c4c     0x14  nrf_strerror.o [1]
  .rodata                 const       0x5'8c60     0x14  nrf_strerror.o [1]
  .rodata                 const       0x5'8c74     0x14  nrf_strerror.o [1]
  .rodata                 const       0x5'8c88     0x14  nrf_strerror.o [1]
  .rodata                 const       0x5'8c9c     0x14  nrf_strerror.o [1]
  .rodata                 const       0x5'8cb0     0x14  nrfx_twim.o [1]
  .rodata                 const       0x5'8cc4     0x14  peer_data_storage.o [1]
  .rodata                 const       0x5'8cd8     0x14  peer_data_storage.o [1]
  .rodata                 const       0x5'8cec     0x14  peer_database.o [1]
  .rodata                 const       0x5'8d00     0x14  rtc.o [1]
  .rodata                 const       0x5'8d14     0x14  security_dispatcher.o [1]
  .rodata                 const       0x5'8d28     0x14  security_dispatcher.o [1]
  .rodata                 const       0x5'8d3c     0x14  security_dispatcher.o [1]
  .rodata                 const       0x5'8d50     0x14  security_dispatcher.o [1]
  .rodata                 const       0x5'8d64     0x14  security_dispatcher.o [1]
  .rodata                 const       0x5'8d78     0x14  security_dispatcher.o [1]
  nrf_balloc              const       0x5'8d8c     0x14  nrf_log_frontend.o [1]
  .rodata                 const       0x5'8da0     0x10  app_freertos.o [1]
  .rodata                 const       0x5'8db0     0x10  id_manager.o [1]
  .rodata                 const       0x5'8dc0     0x10  it725x.o [1]
  .rodata                 const       0x5'8dd0     0x10  it725x.o [1]
  .rodata                 const       0x5'8de0     0x10  it725x.o [1]
  .rodata                 const       0x5'8df0     0x10  it725x.o [1]
  .rodata                 const       0x5'8e00     0x10  it725x.o [1]
  .rodata                 const       0x5'8e10     0x10  main.o [1]
  .rodata                 const       0x5'8e20     0x10  main.o [1]
  .rodata                 const       0x5'8e30     0x10  main.o [1]
  .rodata                 const       0x5'8e40     0x10  main.o [1]
  .rodata                 const       0x5'8e50     0x10  nrf_ble_gatt.o [1]
  .rodata                 const       0x5'8e60     0x10  nrf_drv_spi.o [1]
  .rodata                 const       0x5'8e70     0x10  nrf_fprintf_format.o [1]
  .rodata                 const       0x5'8e80     0x10  nrf_fstorage.o [1]
  .rodata                 const       0x5'8e90     0x10  nrf_log_default_backends.o [1]
  .rodata                 const       0x5'8ea0     0x10  nrf_sdh.o [1]
  .rodata                 const       0x5'8eb0     0x10  nrf_sdh.o [1]
  .rodata                 const       0x5'8ec0     0x10  nrf_sdh.o [1]
  .rodata                 const       0x5'8ed0     0x10  nrf_sdh_soc.o [1]
  .rodata                 const       0x5'8ee0     0x10  nrf_strerror.o [1]
  .rodata                 const       0x5'8ef0     0x10  nrf_strerror.o [1]
  .rodata                 const       0x5'8f00     0x10  peer_database.o [1]
  .rodata                 const       0x5'8f10     0x10  peer_manager.o [1]
  .rodata                 const       0x5'8f20     0x10  peer_manager.o [1]
  .rodata                 const       0x5'8f30     0x10  security_dispatcher.o [1]
  .rodata                 const       0x5'8f40     0x10  security_manager.o [1]
  .rodata                 const       0x5'8f50     0x10  spi.o [1]
  .rodata                 const       0x5'8f60     0x10  spi.o [1]
  .text                   ro code     0x5'8f70     0x10  iar_startup_nrf52.o [1]
  log_backends            const       0x5'8f80     0x10  nrf_log_default_backends.o [1]
  sdh_ble_observers2                  0x5'8f90     0x10  <Block>
    sdh_ble_observers2    const       0x5'8f90      0x8  ble_date.o [1]
    sdh_ble_observers2    const       0x5'8f98      0x8  service.o [1]
  sdh_soc_observers0                  0x5'8fa0     0x10  <Block>
    sdh_soc_observers0    const       0x5'8fa0      0x8  nrf_drv_clock.o [1]
    sdh_soc_observers0    const       0x5'8fa8      0x8  nrf_fstorage_sd.o [1]
  sdh_stack_observers0                0x5'8fb0     0x10  <Block>
    sdh_stack_observers0  const       0x5'8fb0      0x8  nrf_sdh_ble.o [1]
    sdh_stack_observers0  const       0x5'8fb8      0x8  nrf_sdh_soc.o [1]
  sdh_state_observers0                0x5'8fc0     0x10  <Block>
    sdh_state_observers0  const       0x5'8fc0      0x8  nrf_drv_clock.o [1]
    sdh_state_observers0  const       0x5'8fc8      0x8  nrf_fstorage_sd.o [1]
  .rodata                 const       0x5'8fd0      0xc  advertising.o [1]
  .rodata                 const       0x5'8fdc      0xc  advertising.o [1]
  .rodata                 const       0x5'8fe8      0xc  app_freertos.o [1]
  .rodata                 const       0x5'8ff4      0xc  app_freertos.o [1]
  .rodata                 const       0x5'9000      0xc  inv_mpu.o [1]
  .rodata                 const       0x5'900c      0xc  inv_mpu_dmp_motion_driver.o [1]
  .rodata                 const       0x5'9018      0xc  inv_mpu_dmp_motion_driver.o [1]
  .rodata                 const       0x5'9024      0xc  inv_mpu_dmp_motion_driver.o [1]
  .rodata                 const       0x5'9030      0xc  it725x.o [1]
  .rodata                 const       0x5'903c      0xc  it725x.o [1]
  .rodata                 const       0x5'9048      0xc  main.o [1]
  .rodata                 const       0x5'9054      0xc  main.o [1]
  .rodata                 const       0x5'9060      0xc  main.o [1]
  .rodata                 const       0x5'906c      0xc  nrf_fstorage.o [1]
  .rodata                 const       0x5'9078      0xc  nrf_fstorage_sd.o [1]
  .rodata                 const       0x5'9084      0xc  nrf_log_backend_rtt.o [1]
  .rodata                 const       0x5'9090      0xc  nrf_log_frontend.o [1]
  .rodata                 const       0x5'909c      0xc  nrf_log_str_formatter.o [1]
  .rodata                 const       0x5'90a8      0xc  nrf_sdh.o [1]
  .rodata                 const       0x5'90b4      0xc  nrf_sdh.o [1]
  .rodata                 const       0x5'90c0      0xc  nrf_sdh.o [1]
  .rodata                 const       0x5'90cc      0xc  nrf_sdh_ble.o [1]
  .rodata                 const       0x5'90d8      0xc  nrf_sdh_ble.o [1]
  .rodata                 const       0x5'90e4      0xc  nrf_sdh_soc.o [1]
  .rodata                 const       0x5'90f0      0xc  nrf_sdh_soc.o [1]
  .rodata                 const       0x5'90fc      0xc  nrf_strerror.o [1]
  .rodata                 const       0x5'9108      0xc  rtc.o [1]
  .rodata                 const       0x5'9114      0xc  saadc.o [1]
  .rodata                 const       0x5'9120      0xc  SEGGER_RTT.o [1]
  .text                   ro code     0x5'912c      0xc  cstartup_M.o [4]
  .rodata                 const       0x5'9138      0x8  fds.o [1]
  .rodata                 const       0x5'9140      0x8  fds.o [1]
  .rodata                 const       0x5'9148      0x8  gatt_cache_manager.o [1]
  .rodata                 const       0x5'9150      0x8  gatt_cache_manager.o [1]
  .rodata                 const       0x5'9158      0x8  gatts_cache_manager.o [1]
  .rodata                 const       0x5'9160      0x8  gatts_cache_manager.o [1]
  .rodata                 const       0x5'9168      0x8  id_manager.o [1]
  .rodata                 const       0x5'9170      0x8  inv_mpu.o [1]
  .rodata                 const       0x5'9178      0x8  it725x.o [1]
  .rodata                 const       0x5'9180      0x8  it725x.o [1]
  .rodata                 const       0x5'9188      0x8  it725x.o [1]
  .rodata                 const       0x5'9190      0x8  it725x.o [1]
  .rodata                 const       0x5'9198      0x8  main.o [1]
  .rodata                 const       0x5'91a0      0x8  main.o [1]
  .rodata                 const       0x5'91a8      0x8  main.o [1]
  .rodata                 const       0x5'91b0      0x8  mpu6050.o [1]
  .rodata                 const       0x5'91b8      0x8  nrf_ble_gatt.o [1]
  .rodata                 const       0x5'91c0      0x8  nrf_ble_gatt.o [1]
  .rodata                 const       0x5'91c8      0x8  nrf_ble_gatt.o [1]
  .rodata                 const       0x5'91d0      0x8  nrf_ble_gatt.o [1]
  .rodata                 const       0x5'91d8      0x8  nrf_ble_gatt.o [1]
  .rodata                 const       0x5'91e0      0x8  nrf_drv_clock.o [1]
  .rodata                 const       0x5'91f0      0x8  nrf_drv_twi.o [1]
  .rodata                 const       0x5'91f8      0x8  nrf_fstorage.o [1]
  .rodata                 const       0x5'9200      0x8  nrf_fstorage.o [1]
  .rodata                 const       0x5'9208      0x8  nrf_fstorage.o [1]
  .rodata                 const       0x5'9210      0x8  nrf_log_backend_rtt.o [1]
  .rodata                 const       0x5'9218      0x8  nrf_log_str_formatter.o [1]
  .rodata                 const       0x5'9220      0x8  nrf_log_str_formatter.o [1]
  .rodata                 const       0x5'9228      0x8  nrf_log_str_formatter.o [1]
  .rodata                 const       0x5'9230      0x8  nrf_log_str_formatter.o [1]
  .rodata                 const       0x5'9238      0x8  nrf_log_str_formatter.o [1]
  .rodata                 const       0x5'9240      0x8  nrf_log_str_formatter.o [1]
  .rodata                 const       0x5'9248      0x8  nrf_log_str_formatter.o [1]
  .rodata                 const       0x5'9250      0x8  nrf_log_str_formatter.o [1]
  .rodata                 const       0x5'9258      0x8  nrf_log_str_formatter.o [1]
  .rodata                 const       0x5'9260      0x8  nrf_log_str_formatter.o [1]
  .rodata                 const       0x5'9268      0x8  nrf_log_str_formatter.o [1]
  .rodata                 const       0x5'9270      0x8  nrf_log_str_formatter.o [1]
  .rodata                 const       0x5'9278      0x8  nrf_log_str_formatter.o [1]
  .rodata                 const       0x5'9280      0x8  nrf_log_str_formatter.o [1]
  .rodata                 const       0x5'9288      0x8  nrf_sdh.o [1]
  .rodata                 const       0x5'9290      0x8  nrfx_clock.o [1]
  .rodata                 const       0x5'9298      0x8  nrfx_gpiote.o [1]
  .rodata                 const       0x5'92a0      0x8  nrfx_saadc.o [1]
  .rodata                 const       0x5'92a8      0x8  nrfx_spim.o [1]
  .rodata                 const       0x5'92b0      0x8  nrfx_twim.o [1]
  .rodata                 const       0x5'92b8      0x8  nrfx_twim.o [1]
  .rodata                 const       0x5'92c0      0x8  nrfx_uart.o [1]
  .rodata                 const       0x5'92c8      0x8  nrfx_uarte.o [1]
  .rodata                 const       0x5'92d0      0x8  peer_database.o [1]
  .rodata                 const       0x5'92d8      0x8  peer_manager.o [1]
  .rodata                 const       0x5'92e0      0x8  peer_manager.o [1]
  .rodata                 const       0x5'92e8      0x8  rtc.o [1]
  .rodata                 const       0x5'92f0      0x8  rtc.o [1]
  .rodata                 const       0x5'92f8      0x8  SEGGER_RTT.o [1]
  .rodata                 const       0x5'9300      0x8  spi.o [1]
  .rodata                 const       0x5'9310      0x8  st7789.o [1]
  .rodata                 const       0x5'9318      0x8  tasks.o [1]
  .rodata                 const       0x5'9320      0x8  timers.o [1]
  .rodata                 const       0x5'9328      0x8  timers.o [1]
  .rodata                 const       0x5'9330      0x8  twi.o [1]
  sdh_ble_observers0                  0x5'9338      0x8  <Block>
    sdh_ble_observers0    const       0x5'9338      0x8  ble_conn_state.o [1]
  sdh_ble_observers3                  0x5'9340      0x8  <Block>
    sdh_ble_observers3    const       0x5'9340      0x8  main.o [1]
  sdh_req_observers0                  0x5'9348      0x8  <Block>
    sdh_req_observers0    const       0x5'9348      0x8  nrf_fstorage_sd.o [1]
  .rodata                 const       0x5'9350      0x4  fds.o [1]
  .rodata                 const       0x5'9354      0x4  fds.o [1]
  .rodata                 const       0x5'9358      0x4  gatt_cache_manager.o [1]
  .rodata                 const       0x5'935c      0x4  gatt_cache_manager.o [1]
  .rodata                 const       0x5'9360      0x4  gatt_cache_manager.o [1]
  .rodata                 const       0x5'9364      0x4  gatts_cache_manager.o [1]
  .rodata                 const       0x5'9368      0x4  gatts_cache_manager.o [1]
  .rodata                 const       0x5'936c      0x4  heap_4.o [1]
  .rodata                 const       0x5'9370      0x4  inv_mpu_dmp_motion_driver.o [1]
  .rodata                 const       0x5'9374      0x4  inv_mpu_dmp_motion_driver.o [1]
  .rodata                 const       0x5'9378      0x4  inv_mpu_dmp_motion_driver.o [1]
  .rodata                 const       0x5'937c      0x4  inv_mpu_dmp_motion_driver.o [1]
  .rodata                 const       0x5'9380      0x4  it725x.o [1]
  .rodata                 const       0x5'9384      0x4  it725x.o [1]
  .rodata                 const       0x5'9388      0x4  nrf_fprintf.o [1]
  .rodata                 const       0x5'938c      0x4  nrf_fstorage_sd.o [1]
  .rodata                 const       0x5'9390      0x4  nrf_log_frontend.o [1]
  .rodata                 const       0x5'9394      0x4  nrf_sdh.o [1]
  .rodata                 const       0x5'9398      0x4  nrf_sdh_ble.o [1]
  .rodata                 const       0x5'939c      0x4  nrfx_gpiote.o [1]
  .rodata                 const       0x5'93a0      0x4  nrfx_prs.o [1]
  .rodata                 const       0x5'93a4      0x4  nrfx_rtc.o [1]
  .rodata                 const       0x5'93a8      0x4  nrfx_spim.o [1]
  .rodata                 const       0x5'93ac      0x4  nrfx_wdt.o [1]
  .rodata                 const       0x5'93b0      0x4  peer_data_storage.o [1]
  .rodata                 const       0x5'93b4      0x4  port_cmsis.o [1]
  .rodata                 const       0x5'93b8      0x4  saadc.o [1]
  .rodata                 const       0x5'93bc      0x4  security_dispatcher.o [1]
  .rodata                 const       0x5'93c0      0x4  security_manager.o [1]
  .rodata                 const       0x5'93c4      0x4  service.o [1]
  .rodata                 const       0x5'93c8      0x2  xlocale_c.o [2]
  .text                   ro code     0x5'93ca      0x2  iar_startup_nrf52.o [1]
  .text                   ro code     0x5'93cc      0x2  iar_startup_nrf52.o [1]
  .text                   ro code     0x5'93ce      0x2  iar_startup_nrf52.o [1]
  .text                   ro code     0x5'93d0      0x2  iar_startup_nrf52.o [1]
  .text                   ro code     0x5'93d2      0x2  iar_startup_nrf52.o [1]
  .text                   ro code     0x5'93d4      0x2  iar_startup_nrf52.o [1]
  .text                   ro code     0x5'93d6      0x2  iar_startup_nrf52.o [1]
  .rodata                 const       0x5'93d8      0x1  it725x.o [1]
  .rodata                 const       0x5'93d9      0x1  main.o [1]
  .rodata                 const       0x5'93da      0x1  security_manager.o [1]
  .rodata                 const       0x5'93db      0x1  security_manager.o [1]
  .rodata                 const       0x5'93dc      0x0  zero_init3.o [4]
  .rodata                 const       0x5'93dc      0x0  lz77_init_single.o [4]
  Initializer bytes       const       0x5'93dc     0x7a  <for P2-1>
                                    - 0x5'9456  0x33256

"P2", part 1 of 3:                                 0xef
  P2-1                             0x2000'5968     0xef  <Init block>
    .data                 inited   0x2000'5968      0x4  gatt_cache_manager.o [1]
    .data                 inited   0x2000'596c      0x4  gatts_cache_manager.o [1]
    .data                 inited   0x2000'5970     0x2c  inv_mpu.o [1]
    .data                 inited   0x2000'599c      0xc  inv_mpu.o [1]
    .data                 inited   0x2000'59a8      0x8  nrf_log_default_backends.o [1]
    .data                 inited   0x2000'59b0      0x4  nrf_log_frontend.o [1]
    .data                 inited   0x2000'59b4     0x14  nrf_log_str_formatter.o [1]
    .data                 inited   0x2000'59c8     0x24  nrf_log_str_formatter.o [1]
    .data                 inited   0x2000'59ec      0x4  system_nrf52.o [1]
    .data                 inited   0x2000'59f0     0x48  xlocale_c.o [2]
    fs_data               inited   0x2000'5a38     0x14  fds.o [1]
    .data                 inited   0x2000'5a4c      0x2  common.o [1]
    .data                 inited   0x2000'5a4e      0x1  it725x.o [1]
    .data                 inited   0x2000'5a4f      0x1  security_dispatcher.o [1]
    .data                 inited   0x2000'5a50      0x1  security_dispatcher.o [1]
    .data                 inited   0x2000'5a51      0x1  security_dispatcher.o [1]
    .data                 inited   0x2000'5a52      0x1  security_dispatcher.o [1]
    .data                 inited   0x2000'5a53      0x1  security_manager.o [1]
    .data                 inited   0x2000'5a54      0x1  security_manager.o [1]
    .data                 inited   0x2000'5a55      0x1  security_manager.o [1]
    .data                 inited   0x2000'5a56      0x1  security_manager.o [1]
                                 - 0x2000'5a57     0xef

"P2", part 2 of 3:                               0x9640
  .bss                    zero     0x2000'5a58   0x8000  heap_4.o [1]
  .bss                    zero     0x2000'da58    0x434  advertising.o [1]
  .bss                    zero     0x2000'de8c    0x420  nrf_log_frontend.o [1]
  .bss                    zero     0x2000'e2ac    0x200  SEGGER_RTT.o [1]
  .bss                    zero     0x2000'e4ac    0x140  peer_database.o [1]
  .bss                    zero     0x2000'e5ec     0xc8  id_manager.o [1]
  .bss                    zero     0x2000'e6b4     0xc0  nrf_log_frontend.o [1]
  .bss                    zero     0x2000'e774     0x8c  fds.o [1]
  .bss                    zero     0x2000'e800     0x8c  nrf_fstorage_sd.o [1]
  .bss                    zero     0x2000'e88c     0x80  nrf_log_frontend.o [1]
  .bss                    zero     0x2000'e90c     0x7c  ble_conn_state.o [1]
  .bss                    zero     0x2000'e988     0x78  SEGGER_RTT.o [1]
  .bss                    zero     0x2000'ea00     0x78  tasks.o [1]
  .bss                    zero     0x2000'ea78     0x68  nrfx_twim.o [1]
  .bss                    zero     0x2000'eae0     0x64  st7789.o [1]
  .bss                    zero     0x2000'eb44     0x5c  nrfx_gpiote.o [1]
  .bss                    zero     0x2000'eba0     0x40  nrf_log_backend_rtt.o [1]
  .bss                    zero     0x2000'ebe0     0x40  peer_id.o [1]
  .bss                    zero     0x2000'ec20     0x40  security_dispatcher.o [1]
  .bss                    zero     0x2000'ec60     0x30  nrfx_saadc.o [1]
  .bss                    zero     0x2000'ec90     0x30  peer_database.o [1]
  .bss                    zero     0x2000'ecc0     0x28  fds.o [1]
  .bss                    zero     0x2000'ece8     0x24  nrfx_spim.o [1]
  .bss                    zero     0x2000'ed0c     0x20  app_error.o [1]
  .bss                    zero     0x2000'ed2c     0x20  ble_conn_params.o [1]
  .bss                    zero     0x2000'ed4c     0x1c  ble_conn_params.o [1]
  .bss                    zero     0x2000'ed68     0x18  nrf_log_frontend.o [1]
  .bss                    zero     0x2000'ed80     0x14  ble_conn_params.o [1]
  .bss                    zero     0x2000'ed94     0x14  main.o [1]
  .bss                    zero     0x2000'eda8     0x14  nrf_drv_clock.o [1]
  .bss                    zero     0x2000'edbc     0x14  nrf_fstorage_sd.o [1]
  .bss                    zero     0x2000'edd0     0x14  saadc.o [1]
  .bss                    zero     0x2000'ede4     0x14  tasks.o [1]
  .bss                    zero     0x2000'edf8     0x14  tasks.o [1]
  .bss                    zero     0x2000'ee0c     0x14  tasks.o [1]
  .bss                    zero     0x2000'ee20     0x14  tasks.o [1]
  .bss                    zero     0x2000'ee34     0x14  tasks.o [1]
  .bss                    zero     0x2000'ee48     0x14  timers.o [1]
  .bss                    zero     0x2000'ee5c     0x14  timers.o [1]
  .bss                    zero     0x2000'ee70     0x10  fds.o [1]
  .bss                    zero     0x2000'ee80     0x10  fds.o [1]
  .bss                    zero     0x2000'ee90     0x10  fds.o [1]
  .bss                    zero     0x2000'eea0     0x10  inv_mpu_dmp_motion_driver.o [1]
  .bss                    zero     0x2000'eeb0     0x10  nrf_fstorage_sd.o [1]
  .bss                    zero     0x2000'eec0     0x10  peer_database.o [1]
  .bss                    zero     0x2000'eed0     0x10  queue.o [1]
  .bss                    zero     0x2000'eee0     0x10  SEGGER_RTT.o [1]
  .bss                    zero     0x2000'eef0      0xc  app_util_platform.o [1]
  .bss                    zero     0x2000'eefc      0xc  ble_date.o [1]
  .bss                    zero     0x2000'ef08      0xc  fds.o [1]
  .bss                    zero     0x2000'ef14      0xc  nrf_drv_spi.o [1]
  .bss                    zero     0x2000'ef20      0xc  nrf_drv_spi.o [1]
  .bss                    zero     0x2000'ef2c      0xc  peer_manager.o [1]
  .bss                    zero     0x2000'ef38      0xc  service.o [1]
  .bss                    zero     0x2000'ef44      0x8  ble_conn_params.o [1]
  .bss                    zero     0x2000'ef4c      0x8  fds.o [1]
  .bss                    zero     0x2000'ef54      0x8  fds.o [1]
  .bss                    zero     0x2000'ef5c      0x8  fds.o [1]
  .bss                    zero     0x2000'ef64      0x8  heap_4.o [1]
  .bss                    zero     0x2000'ef6c      0x8  it725x.o [1]
  .bss                    zero     0x2000'ef74      0x8  nrf_drv_twi.o [1]
  .bss                    zero     0x2000'ef7c      0x8  nrf_drv_twi.o [1]
  .bss                    zero     0x2000'ef84      0x8  nrf_log_frontend.o [1]
  .bss                    zero     0x2000'ef8c      0x8  nrf_log_frontend.o [1]
  .bss                    zero     0x2000'ef94      0x8  nrfx_clock.o [1]
  .bss                    zero     0x2000'ef9c      0x8  nrfx_prs.o [1]
  .bss                    zero     0x2000'efa4      0x8  peer_data_storage.o [1]
  .bss                    zero     0x2000'efac      0x4  app_freertos.o [1]
  .bss                    zero     0x2000'efb0      0x4  app_freertos.o [1]
  .bss                    zero     0x2000'efb4      0x4  app_freertos.o [1]
  .bss                    zero     0x2000'efb8      0x4  app_freertos.o [1]
  .bss                    zero     0x2000'efbc      0x4  fds.o [1]
  .bss                    zero     0x2000'efc0      0x4  fds.o [1]
  .bss                    zero     0x2000'efc4      0x4  fds.o [1]
  .bss                    zero     0x2000'efc8      0x4  fds.o [1]
  .bss                    zero     0x2000'efcc      0x4  fds.o [1]
  .bss                    zero     0x2000'efd0      0x4  gatt_cache_manager.o [1]
  .bss                    zero     0x2000'efd4      0x4  heap_4.o [1]
  .bss                    zero     0x2000'efd8      0x4  heap_4.o [1]
  .bss                    zero     0x2000'efdc      0x4  heap_4.o [1]
  .bss                    zero     0x2000'efe0      0x4  heap_4.o [1]
  .bss                    zero     0x2000'efe4      0x4  main.o [1]
  .bss                    zero     0x2000'efe8      0x4  nrf_fstorage_sd.o [1]
  .bss                    zero     0x2000'efec      0x4  nrf_fstorage_sd.o [1]
  .bss                    zero     0x2000'eff0      0x4  nrf_sdh_freertos.o [1]
  .bss                    zero     0x2000'eff4      0x4  nrf_sdh_freertos.o [1]
  .bss                    zero     0x2000'eff8      0x4  nrfx_rtc.o [1]
  .bss                    zero     0x2000'effc      0x4  nrfx_rtc.o [1]
  .bss                    zero     0x2000'f000      0x4  nrfx_wdt.o [1]
  .bss                    zero     0x2000'f004      0x4  peer_database.o [1]
  .bss                    zero     0x2000'f008      0x4  peer_manager.o [1]
  .bss                    zero     0x2000'f00c      0x4  peer_manager.o [1]
  .bss                    zero     0x2000'f010      0x4  port_cmsis.o [1]
  .bss                    zero     0x2000'f014      0x4  rtc.o [1]
  .bss                    zero     0x2000'f018      0x4  security_manager.o [1]
  .bss                    zero     0x2000'f01c      0x4  security_manager.o [1]
  .bss                    zero     0x2000'f020      0x4  tasks.o [1]
  .bss                    zero     0x2000'f024      0x4  tasks.o [1]
  .bss                    zero     0x2000'f028      0x4  tasks.o [1]
  .bss                    zero     0x2000'f02c      0x4  tasks.o [1]
  .bss                    zero     0x2000'f030      0x4  tasks.o [1]
  .bss                    zero     0x2000'f034      0x4  tasks.o [1]
  .bss                    zero     0x2000'f038      0x4  tasks.o [1]
  .bss                    zero     0x2000'f03c      0x4  tasks.o [1]
  .bss                    zero     0x2000'f040      0x4  tasks.o [1]
  .bss                    zero     0x2000'f044      0x4  tasks.o [1]
  .bss                    zero     0x2000'f048      0x4  tasks.o [1]
  .bss                    zero     0x2000'f04c      0x4  tasks.o [1]
  .bss                    zero     0x2000'f050      0x4  tasks.o [1]
  .bss                    zero     0x2000'f054      0x4  tasks.o [1]
  .bss                    zero     0x2000'f058      0x4  tasks.o [1]
  .bss                    zero     0x2000'f05c      0x4  timers.o [1]
  .bss                    zero     0x2000'f060      0x4  timers.o [1]
  .bss                    zero     0x2000'f064      0x4  timers.o [1]
  .bss                    zero     0x2000'f068      0x4  timers.o [1]
  .bss                    zero     0x2000'f06c      0x4  timers.o [1]
  .bss                    zero     0x2000'f070      0x2  fds.o [1]
  .bss                    zero     0x2000'f072      0x2  gatts_cache_manager.o [1]
  .bss                    zero     0x2000'f074      0x2  gatts_cache_manager.o [1]
  .bss                    zero     0x2000'f076      0x2  peer_manager.o [1]
  .bss                    zero     0x2000'f078      0x2  saadc.o [1]
  .bss                    zero     0x2000'f07a      0x1  ble_date.o [1]
  .bss                    zero     0x2000'f07b      0x1  gatt_cache_manager.o [1]
  .bss                    zero     0x2000'f07c      0x1  gatt_cache_manager.o [1]
  .bss                    zero     0x2000'f07d      0x1  gatt_cache_manager.o [1]
  .bss                    zero     0x2000'f07e      0x1  gatt_cache_manager.o [1]
  .bss                    zero     0x2000'f07f      0x1  gatt_cache_manager.o [1]
  .bss                    zero     0x2000'f080      0x1  gatt_cache_manager.o [1]
  .bss                    zero     0x2000'f081      0x1  gatt_cache_manager.o [1]
  .bss                    zero     0x2000'f082      0x1  gatt_cache_manager.o [1]
  .bss                    zero     0x2000'f083      0x1  gatts_cache_manager.o [1]
  .bss                    zero     0x2000'f084      0x1  it725x.o [1]
  .bss                    zero     0x2000'f085      0x1  it725x.o [1]
  .bss                    zero     0x2000'f086      0x1  nrf_log_backend_rtt.o [1]
  .bss                    zero     0x2000'f087      0x1  nrf_sdh.o [1]
  .bss                    zero     0x2000'f088      0x1  nrf_sdh.o [1]
  .bss                    zero     0x2000'f089      0x1  nrf_sdh.o [1]
  .bss                    zero     0x2000'f08a      0x1  nrf_sdh_ble.o [1]
  .bss                    zero     0x2000'f08b      0x1  peer_data_storage.o [1]
  .bss                    zero     0x2000'f08c      0x1  peer_data_storage.o [1]
  .bss                    zero     0x2000'f08d      0x1  peer_database.o [1]
  .bss                    zero     0x2000'f08e      0x1  peer_database.o [1]
  .bss                    zero     0x2000'f08f      0x1  peer_manager.o [1]
  .bss                    zero     0x2000'f090      0x1  peer_manager.o [1]
  .bss                    zero     0x2000'f091      0x1  peer_manager.o [1]
  .bss                    zero     0x2000'f092      0x1  peer_manager.o [1]
  .bss                    zero     0x2000'f093      0x1  security_dispatcher.o [1]
  .bss                    zero     0x2000'f094      0x1  security_manager.o [1]
  .bss                    zero     0x2000'f095      0x1  security_manager.o [1]
                                 - 0x2000'f096   0x963e

"P2", part 3 of 3:                                0x800
  CSTACK                           0x2000'f098    0x800  <Block>
    CSTACK                uninit   0x2000'f098    0x800  <Block tail>
                                 - 0x2000'f898    0x800

Unused ranges:

         From           To      Size
         ----           --      ----
     0x5'9456     0x7'ffff  0x2'6baa
  0x2000'5a57  0x2000'5a57       0x1
  0x2000'f898  0x2000'ffff     0x768


*******************************************************************************
*** INIT TABLE
***

          Address      Size
          -------      ----
Zero (__iar_zero_init3)
    1 destination range, total size 0x963e:
          0x2000'5a58  0x963e

Copy/lz77 (__iar_lz77_init_single3)
    1 source range, total size 0x7a (51% of destination):
             0x5'93dc    0x7a
    1 destination range, total size 0xef:
          0x2000'5968    0xef



*******************************************************************************
*** MODULE SUMMARY
***

    Module                       ro code  ro data  rw data
    ------                       -------  -------  -------
command line/config:
    ------------------------------------------------------
    Total:

D:\nRF5_SDK_15.2.0_9412b96\sdk17\project\iar\Debug\Obj: [1]
    SEGGER_RTT.o                     528       20      648
    advertising.o                    610      412    1 076
    app_error.o                      108                32
    app_error_handler_iar.o           40
    app_error_weak.o                 284      180
    app_freertos.o                   404       80       16
    app_timer_freertos.o             500
    app_util_platform.o              186                12
    ble_advdata.o                  2 024
    ble_advertising.o              1 460
    ble_conn_params.o                992        8       88
    ble_conn_state.o               1 024       80      124
    ble_date.o                       128       28       13
    ble_srv_common.o                  30
    bmp.o                                 117 036
    common.o                                    1        2
    fds.o                          4 896       34      306
    gatt_cache_manager.o           2 400      922       16
    gatts_cache_manager.o            872      466        9
    heap_4.o                         516        4   32 792
    iar_startup_nrf52.o              592
    id_manager.o                   1 280       32      200
    inv_mpu.o                      6 428      116       56
    inv_mpu_dmp_motion_driver.o    2 608    3 118       16
    it725x.o                       1 860      187       11
    lcd.o                            140
    list.o                           154
    main.o                         1 504      581       24
    mpu6050.o                        700        8
    nrf_atfifo.o                     442
    nrf_atflags.o                    206
    nrf_atomic.o                     260
    nrf_balloc.o                     226
    nrf_ble_gatt.o                 1 172      392
    nrf_ble_qwr.o                    328
    nrf_drv_clock.o                  572       32       20
    nrf_drv_spi.o                    196       16       24
    nrf_drv_twi.o                    412        8       16
    nrf_fprintf.o                     68        4
    nrf_fprintf_format.o           1 160       16
    nrf_fstorage.o                   850      428
    nrf_fstorage_sd.o              1 068       72      184
    nrf_log_backend_rtt.o            192       20       65
    nrf_log_backend_serial.o         238
    nrf_log_default_backends.o        44       36        8
    nrf_log_frontend.o             2 164       66    1 420
    nrf_log_str_formatter.o          604      177       56
    nrf_memobj.o                     550
    nrf_ringbuf.o                     38
    nrf_sdh.o                        892      176        3
    nrf_sdh_ble.o                    428      152        1
    nrf_sdh_freertos.o               184      144        8
    nrf_sdh_soc.o                     92      132
    nrf_section_iter.o               110
    nrf_strerror.o                    88    1 320
    nrfx_clock.o                     580       16        8
    nrfx_gpiote.o                  2 032       20       92
    nrfx_prs.o                       110       12        8
    nrfx_rtc.o                       716       12        8
    nrfx_saadc.o                   1 340       16       48
    nrfx_spim.o                    1 348       20       36
    nrfx_twim.o                    2 384       44      104
    nrfx_uart.o                                16
    nrfx_uarte.o                               16
    nrfx_wdt.o                        84       12        4
    peer_data_storage.o            1 672      348       10
    peer_database.o                1 724      580      390
    peer_id.o                        468                64
    peer_manager.o                 1 528      472       26
    peer_manager_handler.o                     32
    pm_buffer.o                      394
    port.o                           170
    port_cmsis.o                     228        4        4
    port_cmsis_systick.o             836       96
    queue.o                        1 440                16
    rtc.o                            232       48        4
    saadc.o                          184       16       22
    security_dispatcher.o          2 562    1 058       69
    security_manager.o             1 616      525       14
    service.o                         56       60       12
    spi.o                            496       40
    st7789.o                       1 388        8      100
    system_nrf52.o                 1 636        2        4
    tasks.o                        3 012        8      280
    timers.o                       1 076       16       60
    twi.o                          1 276        8
    ------------------------------------------------------
    Total:                        75 440  130 009   38 629

dl7M_tlf.a: [2]
    abs.o                              8
    exit.o                             4
    isalpha.o                         20
    isprint.o                         40
    ispunct.o                         20
    labs.o                             8
    low_level_init.o                   4
    xlocale_c.o                       72       39       72
    ------------------------------------------------------
    Total:                           176       39       72

m7M_tls.a: [3]
    DblAdd.o                         378
    DblCmpEq.o                        32
    DblCmpGe.o                        46
    DblCmpLe.o                        46
    DblDiv.o                         582
    DblMul.o                         418
    DblSub.o                         226
    DblToFlt.o                       104
    DblToS32.o                        58
    S32ToDbl.o                        34
    U32ToDbl.o                        26
    atan2_64.o                       316
    fpinit_M.o                        34
    iar_Atan64.o                     464       64
    math_wrappers64.o                 22
    ------------------------------------------------------
    Total:                         2 786       64

rt7M_tl.a: [4]
    ABImemclr4.o                       6
    ABImemcpy.o                      166
    ABImemset.o                      102
    ABImemset48.o                     50
    I64DivMod.o                      628
    I64DivZer.o                        2
    cexit.o                           10
    cmain.o                           30
    cstartup_M.o                      12
    data_init.o                       40
    lz77_init_single.o               122
    memcmp.o                         104
    memcpy.o                          12
    strcpy.o                          24
    strlen.o                          54
    zero_init3.o                      58
    ------------------------------------------------------
    Total:                         1 420

shb_l.a: [5]
    exit.o                            20
    ------------------------------------------------------
    Total:                            20

    Gaps                                       20
    Linker created                             32    2 048
----------------------------------------------------------
    Grand Total:                  79 842  130 164   40 749


*******************************************************************************
*** ENTRY LIST
***

Entry                       Address     Size  Type      Object
-----                       -------     ----  ----      ------
.iar.init_table$$Base      0x5'8564            --   Gb  - Linker created -
.iar.init_table$$Limit     0x5'8584            --   Gb  - Linker created -
?main                      0x5'8769           Code  Gb  cmain.o [4]
BatteryTimerBackCall       0x4'98f5     0x58  Code  Gb  app_freertos.o [1]
CSTACK$$Base            0x2000'f098            --   Gb  - Linker created -
CSTACK$$Limit           0x2000'f898            --   Gb  - Linker created -
GPIOTE_IRQHandler          0x5'32c9     0xb0  Code  Gb  nrfx_gpiote.o [1]
HardFault_Handler          0x4'9efd     0x18  Code  Gb  main.o [1]
I2cSimulationAck           0x4'52d1     0x38  Code  Gb  twi.o [1]
I2cSimulationInit          0x4'5167     0x3c  Code  Gb  twi.o [1]
I2cSimulationNoAck         0x4'5309     0x38  Code  Gb  twi.o [1]
I2cSimulationReadByte      0x4'5341     0x64  Code  Gb  twi.o [1]
I2cSimulationSendByte      0x4'51a3     0x68  Code  Gb  twi.o [1]
I2cSimulationStart         0x4'520b     0x38  Code  Gb  twi.o [1]
I2cSimulationStop          0x4'5243     0x38  Code  Gb  twi.o [1]
I2cSimulationWaitAck       0x4'527b     0x56  Code  Gb  twi.o [1]
I2c_Rx                     0x4'50e3     0x84  Code  Gb  twi.o [1]
I2c_Rx_OneByte             0x4'4fe5     0x6a  Code  Gb  twi.o [1]
I2c_Tx                     0x4'504f     0x94  Code  Gb  twi.o [1]
I2c_Tx_OneByte             0x4'4f83     0x62  Code  Gb  twi.o [1]
IT725X_GenerateEvent       0x4'd747    0x21a  Code  Gb  it725x.o [1]
IT725X_GetBuffData         0x4'd689     0x2c  Code  Gb  it725x.o [1]
IT725X_GetCommand          0x4'd63b     0x4e  Code  Gb  it725x.o [1]
IT725X_GetTwoPoint         0x4'd6b5     0x92  Code  Gb  it725x.o [1]
IT725X_GetTwoPoint::frist
                        0x2000'5a4e      0x1  Data  Lc  it725x.o [1]
IT725X_GetTwoPoint::x_tmp
                        0x2000'f084      0x1  Data  Lc  it725x.o [1]
IT725X_GetTwoPoint::y_tmp
                        0x2000'f085      0x1  Data  Lc  it725x.o [1]
IT725X_HardwareInit        0x4'da59     0x10  Code  Gb  it725x.o [1]
IT725X_Init                0x4'da69      0xc  Code  Gb  it725x.o [1]
IT725X_InterruptInit       0x4'd5ad     0x2e  Code  Gb  it725x.o [1]
IT725X_InterruptNotificationEnable
                           0x4'd961     0x5a  Code  Lc  it725x.o [1]
IT725X_Reset               0x4'd587     0x26  Code  Lc  it725x.o [1]
IT725X_SetCommand          0x4'd5db     0x60  Code  Gb  it725x.o [1]
IT725X_handler             0x4'd46b     0xd4  Code  Lc  it725x.o [1]
LCD_Init                   0x4'ad39      0xc  Code  Gb  lcd.o [1]
LCD_RefreshBattery         0x4'acb9     0x80  Code  Gb  lcd.o [1]
MPU_INT_Init               0x4'3d71     0x2a  Code  Gb  mpu6050.o [1]
MPU_Init                   0x4'3d9b     0xc4  Code  Gb  mpu6050.o [1]
MPU_Motion_Interrupt       0x4'3d59     0x18  Code  Gb  mpu6050.o [1]
MPU_Read_Length            0x4'3e5f     0x52  Code  Gb  mpu6050.o [1]
MPU_Set_Accel_Fsr          0x4'3f1d     0x12  Code  Gb  mpu6050.o [1]
MPU_Set_Gyro_Fsr           0x4'3f0b     0x12  Code  Gb  mpu6050.o [1]
MPU_Set_LPF                0x4'3f2f     0x52  Code  Gb  mpu6050.o [1]
MPU_Set_Rate               0x4'3f81     0x50  Code  Gb  mpu6050.o [1]
MPU_Write_Length           0x4'3eb1     0x5a  Code  Gb  mpu6050.o [1]
POWER_CLOCK_IRQHandler     0x5'17ef     0x52  Code  Gb  nrfx_clock.o [1]
PendSV_Handler             0x4'a3f9     0x5e  Code  Gb  port.o [1]
RTC1_IRQHandler            0x4'a1ad     0x6a  Code  Gb  port_cmsis_systick.o [1]
RTC2_IRQHandler            0x5'1e73      0xe  Code  Gb  nrfx_rtc.o [1]
RTC2_init                  0x4'c685     0x46  Code  Gb  rtc.o [1]
RTCUpdateTaskHandle     0x2000'efb0      0x4  Data  Gb  app_freertos.o [1]
Region$$Table$$Base        0x5'8564            --   Gb  - Linker created -
Region$$Table$$Limit       0x5'8584            --   Gb  - Linker created -
SAADC_Handler              0x4'ac19     0x44  Code  Gb  saadc.o [1]
SAADC_IRQHandler           0x4'cf79    0x1aa  Code  Gb  nrfx_saadc.o [1]
SAADC_Init                 0x4'ac5d     0x40  Code  Gb  saadc.o [1]
SAADC_Start                0x4'acb1      0x8  Code  Gb  saadc.o [1]
SAADC_Value             0x2000'f078      0x2  Data  Gb  saadc.o [1]
SEGGER_RTT_Init            0x5'43f3      0x8  Code  Gb  SEGGER_RTT.o [1]
SEGGER_RTT_WriteNoLock     0x5'4371     0x82  Code  Gb  SEGGER_RTT.o [1]
SPIM0_SPIS0_TWIM0_TWIS0_SPI0_TWI0_IRQHandler
                           0x5'29a7      0xc  Code  Gb  nrfx_twim.o [1]
SPIM1_SPIS1_TWIM1_TWIS1_SPI1_TWI1_IRQHandler
                           0x5'29b3      0xe  Code  Gb  nrfx_twim.o [1]
SPIM2_SPIS2_SPI2_IRQHandler
                           0x5'4a89      0xc  Code  Gb  nrfx_spim.o [1]
SPI_HardWareInit           0x5'1fab     0x48  Code  Lc  spi.o [1]
SPI_Init                   0x5'2073      0x8  Code  Gb  spi.o [1]
SPI_Rest                   0x5'2051     0x22  Code  Gb  spi.o [1]
SPI_WriteCommand           0x5'2033     0x1e  Code  Gb  spi.o [1]
SPI_WriteData              0x5'2015     0x1e  Code  Gb  spi.o [1]
SPI_WriteDataLength        0x5'1ff3     0x22  Code  Gb  spi.o [1]
ST7789_Display             0x4'caa5      0xa  Code  Gb  st7789.o [1]
ST7789_DrawLine            0x4'c8ab    0x108  Code  Gb  st7789.o [1]
ST7789_DrawPixel           0x4'c7df     0x4e  Code  Gb  st7789.o [1]
ST7789_DrawRectangle       0x4'c9b3     0x80  Code  Gb  st7789.o [1]
ST7789_Fill                0x4'c82d     0x7e  Code  Gb  st7789.o [1]
ST7789_Init                0x4'cab9      0xc  Code  Gb  st7789.o [1]
ST7789_PictureDraw         0x4'ca33     0x72  Code  Gb  st7789.o [1]
ST7789_SetAddressWindow
                           0x4'c749     0x96  Code  Lc  st7789.o [1]
ST7789_TXBuffer         0x2000'eae0     0x64  Data  Gb  st7789.o [1]
ST7789_UnDisplay           0x4'caaf      0xa  Code  Gb  st7789.o [1]
ST7789_command_list        0x4'cac5    0x184  Code  Lc  st7789.o [1]
SVC_Handler                0x4'a3d5     0x22  Code  Gb  port.o [1]
SWI2_EGU2_IRQHandler       0x4'cc59     0x2a  Code  Gb  nrf_sdh_freertos.o [1]
Start_Task                 0x4'994d     0x60  Code  Gb  app_freertos.o [1]
SystemCoreClock         0x2000'59ec      0x4  Data  Gb  system_nrf52.o [1]
[...]
run_self_test              0x4'3b3d     0x9e  Code  Gb  inv_mpu.o [1]
sStartAddress              0x4'448a      0x2  Data  Lc  inv_mpu_dmp_motion_driver.o [1]
saadcBuff               0x2000'edd0     0x14  Data  Gb  saadc.o [1]
sc_send_pending_handle     0x4'fa05     0x22  Code  Lc  gatt_cache_manager.o [1]
sd_nvic_DisableIRQ         0x4'b6c1     0x4a  Code  Lc  nrf_sdh.o [1]
sd_nvic_EnableIRQ          0x4'b661     0x60  Code  Lc  nrf_sdh.o [1]
sd_nvic_critical_region_enter
                           0x4'5fc1     0x44  Code  Lc  app_util_platform.o [1]
sd_nvic_critical_region_enter
                           0x4'a0dd     0x44  Code  Lc  port_cmsis_systick.o [1]
sd_nvic_critical_region_exit
                           0x4'6005     0x36  Code  Lc  app_util_platform.o [1]
sd_nvic_critical_region_exit
                           0x4'a121     0x36  Code  Lc  port_cmsis_systick.o [1]
sd_state_evt_handler       0x4'c17f     0x58  Code  Lc  nrf_drv_clock.o [1]
sdh_ble_observers          0x5'90d8      0xc  Data  Lc  nrf_sdh_ble.o [1]
sdh_ble_observers0$$Base
                           0x5'9338            --   Gb  - Linker created -
sdh_ble_observers0$$Limit
                           0x5'9340            --   Gb  - Linker created -
sdh_ble_observers1$$Base
                           0x5'8748            --   Gb  - Linker created -
sdh_ble_observers1$$Limit
                           0x5'8768            --   Gb  - Linker created -
sdh_ble_observers2$$Base
                           0x5'8f90            --   Gb  - Linker created -
sdh_ble_observers2$$Limit
                           0x5'8fa0            --   Gb  - Linker created -
sdh_ble_observers3$$Base
                           0x5'9340            --   Gb  - Linker created -
sdh_ble_observers3$$Limit
                           0x5'9348            --   Gb  - Linker created -
sdh_ble_observers_array
                           0x5'8648     0x20  Data  Lc  nrf_sdh_ble.o [1]
sdh_req_observers          0x5'90a8      0xc  Data  Lc  nrf_sdh.o [1]
sdh_req_observers0$$Base
                           0x5'9348            --   Gb  - Linker created -
sdh_req_observers0$$Limit
                           0x5'9350            --   Gb  - Linker created -
sdh_req_observers1$$Base
                                0x0            --   Gb  - Linker created -
sdh_req_observers1$$Limit
                                0x0            --   Gb  - Linker created -
sdh_req_observers_array
                           0x5'8ea0     0x10  Data  Lc  nrf_sdh.o [1]
sdh_request_observer_notify
                           0x4'b70b     0x3e  Code  Lc  nrf_sdh.o [1]
sdh_soc_observers          0x5'90f0      0xc  Data  Lc  nrf_sdh_soc.o [1]
sdh_soc_observers0$$Base
                           0x5'8fa0            --   Gb  - Linker created -
sdh_soc_observers0$$Limit
                           0x5'8fb0            --   Gb  - Linker created -
sdh_soc_observers1$$Base
                                0x0            --   Gb  - Linker created -
sdh_soc_observers1$$Limit
                                0x0            --   Gb  - Linker created -
sdh_soc_observers_array
                           0x5'8ed0     0x10  Data  Lc  nrf_sdh_soc.o [1]
sdh_stack_observers        0x5'90c0      0xc  Data  Lc  nrf_sdh.o [1]
sdh_stack_observers0$$Base
                           0x5'8fb0            --   Gb  - Linker created -
sdh_stack_observers0$$Limit
                           0x5'8fc0            --   Gb  - Linker created -
sdh_stack_observers1$$Base
                                0x0            --   Gb  - Linker created -
sdh_stack_observers1$$Limit
                                0x0            --   Gb  - Linker created -
sdh_stack_observers_array
                           0x5'8ec0     0x10  Data  Lc  nrf_sdh.o [1]
sdh_state_observer_notify
                           0x4'b749     0x32  Code  Lc  nrf_sdh.o [1]
sdh_state_observers        0x5'90b4      0xc  Data  Lc  nrf_sdh.o [1]
sdh_state_observers0$$Base
                           0x5'8fc0            --   Gb  - Linker created -
sdh_state_observers0$$Limit
                           0x5'8fd0            --   Gb  - Linker created -
sdh_state_observers1$$Base
                                0x0            --   Gb  - Linker created -
sdh_state_observers1$$Limit
                                0x0            --   Gb  - Linker created -
sdh_state_observers_array
                           0x5'8eb0     0x10  Data  Lc  nrf_sdh.o [1]
sec_info_request_process
                           0x5'08e1    0x106  Code  Lc  security_dispatcher.o [1]
sec_keyset_fill            0x5'0da7     0xdc  Code  Lc  security_dispatcher.o [1]
sec_keyset_fill::__func__
                           0x5'8f30     0x10  Data  Lc  security_dispatcher.o [1]
sec_params_request_process
                           0x5'0a7b     0x32  Code  Lc  security_dispatcher.o [1]
sec_proc_start             0x5'0875     0x6c  Code  Lc  security_dispatcher.o [1]
sec_procedure              0x5'0675     0x14  Code  Lc  security_dispatcher.o [1]
sec_req_process            0x4'f3e1     0x82  Code  Lc  security_manager.o [1]
sec_start_send             0x5'06e9     0x26  Code  Lc  security_dispatcher.o [1]
send_config_req            0x5'09e7     0x2a  Code  Lc  security_dispatcher.o [1]
send_error_evt             0x4'c2bf     0x16  Code  Lc  ble_conn_params.o [1]
send_params_req            0x5'0a57     0x24  Code  Lc  security_dispatcher.o [1]
send_storage_full_evt      0x5'0733     0x20  Code  Lc  security_dispatcher.o [1]
send_unexpected_error      0x4'f681     0x24  Code  Lc  gatt_cache_manager.o [1]
send_unexpected_error      0x4'e9e5     0x24  Code  Lc  peer_data_storage.o [1]
send_unexpected_error      0x5'070f     0x24  Code  Lc  security_dispatcher.o [1]
send_unexpected_error      0x4'f055     0x2a  Code  Lc  security_manager.o [1]
send_update_request        0x4'c2d5     0x2c  Code  Lc  ble_conn_params.o [1]
serial_tx                  0x5'148b     0x5a  Code  Lc  nrf_log_backend_rtt.o [1]
service_changed_cccd       0x4'f841     0x8a  Code  Lc  gatt_cache_manager.o [1]
service_changed_needed     0x4'fa3b     0x22  Code  Lc  gatt_cache_manager.o [1]
service_changed_pending_flags_check
                           0x4'fa27     0x14  Code  Lc  gatt_cache_manager.o [1]
service_changed_pending_set
                           0x5'10af     0x8a  Code  Lc  gatts_cache_manager.o [1]
service_changed_pending_set::service_changed_pending
                           0x5'9364      0x4  Data  Lc  gatts_cache_manager.o [1]
service_changed_send_in_evt
                           0x4'f8cb     0xee  Code  Lc  gatt_cache_manager.o [1]
service_data_encode        0x5'3ae1     0xb4  Code  Lc  ble_advdata.o [1]
service_init               0x4'c5dd     0x18  Code  Gb  service.o [1]
set_adv_mode_directed      0x4'dbb7     0x32  Code  Lc  ble_advertising.o [1]
set_adv_mode_directed_high_duty
                           0x4'db93     0x24  Code  Lc  ble_advertising.o [1]
set_adv_mode_fast          0x4'dc3b     0x5c  Code  Lc  ble_advertising.o [1]
set_adv_mode_slow          0x4'dc97     0x5c  Code  Lc  ble_advertising.o [1]
set_int_enable             0x4'243d     0xa0  Code  Lc  inv_mpu.o [1]
severity_names          0x2000'59b4     0x14  Data  Lc  nrf_log_str_formatter.o [1]
sm_ble_evt_handler         0x4'f567     0x30  Code  Gb  security_manager.o [1]
sm_conn_sec_config_reply
                           0x4'f597     0x1e  Code  Gb  security_manager.o [1]
sm_conn_sec_status_get     0x4'f2f3     0xb6  Code  Gb  security_manager.o [1]
sm_init                    0x4'f51b     0x4c  Code  Gb  security_manager.o [1]
sm_pdb_evt_handler         0x4'f4dd     0x2c  Code  Gb  security_manager.o [1]
sm_sec_is_sufficient       0x4'f3a9     0x38  Code  Gb  security_manager.o [1]
sm_smd_evt_handler         0x4'f46f     0x26  Code  Gb  security_manager.o [1]
smd_ble_evt_handler        0x5'1033     0x44  Code  Gb  security_dispatcher.o [1]
smd_conn_sec_config_reply
                           0x5'0a11     0x24  Code  Gb  security_dispatcher.o [1]
smd_init                   0x5'0d3b     0x6c  Code  Gb  security_dispatcher.o [1]
smd_link_secure            0x5'1007     0x2c  Code  Gb  security_dispatcher.o [1]
smd_params_reply           0x5'0e83     0xf2  Code  Gb  security_dispatcher.o [1]
smd_params_reply_perform
                           0x4'f29f     0x46  Code  Lc  security_manager.o [1]
soc_evt_handler            0x4'c167     0x18  Code  Lc  nrf_drv_clock.o [1]
softdevice_evt_irq_disable
                           0x4'b797     0x1c  Code  Lc  nrf_sdh.o [1]
softdevice_task            0x4'cc83     0x22  Code  Lc  nrf_sdh_freertos.o [1]
softdevices_evt_irq_enable
                           0x4'b77b     0x1c  Code  Lc  nrf_sdh.o [1]
spi0                       0x5'8f50     0x10  Data  Lc  spi.o [1]
spim_evt_handler           0x5'4ab1     0x38  Code  Lc  nrf_drv_spi.o [1]
spim_int_enable            0x5'48ff     0x22  Code  Lc  nrfx_spim.o [1]
spim_list_enable_handle
                           0x5'4921     0x2c  Code  Lc  nrfx_spim.o [1]
spim_xfer                  0x5'494d     0xac  Code  Lc  nrfx_spim.o [1]
st                      0x2000'5970     0x2c  Data  Lc  inv_mpu.o [1]
startTaskHandle         0x2000'efb8      0x4  Data  Gb  app_freertos.o [1]
std_header_set             0x4'5601     0x66  Code  Lc  nrf_log_frontend.o [1]
std_n                      0x4'5731     0x74  Code  Lc  nrf_log_frontend.o [1]
store_car_value            0x4'fc8d     0x64  Code  Gb  gatt_cache_manager.o [1]
store_car_value::car_value_false
                           0x5'9360      0x4  Data  Lc  gatt_cache_manager.o [1]
store_car_value::car_value_true
                           0x5'935c      0x4  Data  Lc  gatt_cache_manager.o [1]
strcpy                     0x5'4d21           Code  Gb  strcpy.o [4]
string_print               0x5'5469     0x8a  Code  Lc  nrf_fprintf_format.o [1]
strlen                     0x5'58e9           Code  Gb  strlen.o [4]
task_init                  0x4'99ad     0x24  Code  Gb  app_freertos.o [1]
test                       0x5'82bc     0x28  Data  Gb  inv_mpu.o [1]
timestamp_print            0x5'4d39      0x2  Code  Lc  nrf_log_str_formatter.o [1]
twi_clear_bus              0x5'2a71     0x7e  Code  Lc  nrf_drv_twi.o [1]
twi_process_error          0x5'2269     0x24  Code  Lc  nrfx_twim.o [1]
twim_evt_handler           0x5'2aef     0x40  Code  Lc  nrf_drv_twi.o [1]
twim_irq_handler           0x5'27b9    0x1ee  Code  Lc  nrfx_twim.o [1]
twim_list_enable_handle
                           0x5'2415     0x2c  Code  Lc  nrfx_twim.o [1]
twim_xfer                  0x5'2441    0x2e6  Code  Lc  nrfx_twim.o [1]
tx_power_level_encode      0x5'37f3     0x3c  Code  Lc  ble_advdata.o [1]
ucHeap                  0x2000'5a58   0x8000  Data  Lc  heap_4.o [1]
uint16_decode              0x5'1a65      0xe  Code  Lc  ble_srv_common.o [1]
uint16_encode              0x5'35eb     0x10  Code  Lc  ble_advdata.o [1]
ulPortRaiseBASEPRI         0x4'a157      0xc  Code  Lc  port_cmsis_systick.o [1]
ulPortRaiseBASEPRI         0x4'a459      0xc  Code  Lc  queue.o [1]
ulPortRaiseBASEPRI         0x4'8579      0xc  Code  Lc  tasks.o [1]
ulTaskNotifyTake           0x4'8f77     0x6e  Code  Gb  tasks.o [1]
uninit                     0x5'6919     0x28  Code  Lc  nrf_fstorage_sd.o [1]
unsigned_print             0x5'54f3     0xbe  Code  Lc  nrf_fprintf_format.o [1]
unsigned_print::_aV2C      0x5'8e70     0x10  Data  Lc  nrf_fprintf_format.o [1]
update_pending_flags_check
                           0x4'fadf     0x2c  Code  Lc  gatt_cache_manager.o [1]
update_timeout_handler     0x4'c301     0x86  Code  Lc  ble_conn_params.o [1]
use_whitelist              0x4'dbe9     0x26  Code  Lc  ble_advertising.o [1]
user_flag_is_acquired      0x4'e109     0x12  Code  Lc  ble_conn_state.o [1]
user_mem_reply             0x5'1ab1     0x2e  Code  Lc  nrf_ble_qwr.o [1]
uuid_list_encode           0x5'3929     0x58  Code  Lc  ble_advdata.o [1]
uuid_list_sized_encode     0x5'382f     0xfa  Code  Lc  ble_advdata.o [1]
uxCriticalNesting       0x2000'f010      0x4  Data  Lc  port_cmsis.o [1]
uxCurrentNumberOfTasks  0x2000'f030      0x4  Data  Lc  tasks.o [1]
uxDeletedTasksWaitingCleanUp
                        0x2000'f02c      0x4  Data  Lc  tasks.o [1]
uxListRemove               0x4'93b3     0x28  Code  Gb  list.o [1]
uxPendedTicks           0x2000'f040      0x4  Data  Lc  tasks.o [1]
uxSchedulerSuspended    0x2000'f058      0x4  Data  Lc  tasks.o [1]
uxTaskNumber            0x2000'f04c      0x4  Data  Lc  tasks.o [1]
uxTopReadyPriority      0x2000'f038      0x4  Data  Lc  tasks.o [1]
vApplicationIdleHook       0x4'9a9d      0xe  Code  Gb  main.o [1]
vApplicationStackOverflowHook
                           0x4'99d1     0x6a  Code  Gb  app_freertos.o [1]
vListInitialise            0x4'9341     0x1e  Code  Gb  list.o [1]
vListInitialiseItem        0x4'935f      0x6  Code  Gb  list.o [1]
vListInsert                0x4'937d     0x36  Code  Gb  list.o [1]
vListInsertEnd             0x4'9365     0x18  Code  Gb  list.o [1]
vPortEnableVFP             0x4'9495      0xc  Code  Lc  port_cmsis.o [1]
vPortEnterCritical         0x4'946f     0x10  Code  Gb  port_cmsis.o [1]
vPortExitCritical          0x4'947f     0x16  Code  Gb  port_cmsis.o [1]
vPortFree                  0x4'9217     0x46  Code  Gb  heap_4.o [1]
vPortSetupTimerInterrupt
                           0x4'a217     0x42  Code  Gb  port_cmsis_systick.o [1]
vPortStartFirstTask        0x4'a3ad     0x26  Code  Gb  port.o [1]
vPortSuppressTicksAndSleep
                           0x4'a259    0x112  Code  Gb  port_cmsis_systick.o [1]
vQueueAddToRegistry        0x4'a97d     0x26  Code  Gb  queue.o [1]
vQueueWaitForMessageRestricted
                           0x4'a9ad     0x4c  Code  Gb  queue.o [1]
vTaskDelete                0x4'8759     0x92  Code  Gb  tasks.o [1]
vTaskInternalSetTimeOutState
                           0x4'8cef     0x12  Code  Gb  tasks.o [1]
vTaskMissedYield           0x4'8d65      0xa  Code  Gb  tasks.o [1]
vTaskNotifyGiveFromISR     0x4'9001     0x86  Code  Gb  tasks.o [1]
vTaskPlaceOnEventList      0x4'8c33     0x20  Code  Gb  tasks.o [1]
vTaskPlaceOnEventListRestricted
                           0x4'8c53     0x2c  Code  Gb  tasks.o [1]
vTaskResume                0x4'88b1     0x70  Code  Gb  tasks.o [1]
vTaskStartScheduler        0x4'8921     0x52  Code  Gb  tasks.o [1]
vTaskStepTick              0x4'8abf      0xc  Code  Gb  tasks.o [1]
vTaskSuspend               0x4'87eb     0x9c  Code  Gb  tasks.o [1]
vTaskSuspendAll            0x4'8973      0xc  Code  Gb  tasks.o [1]
vTaskSwitchContext         0x4'8ba7     0x8c  Code  Gb  tasks.o [1]
whitelist_has_entries      0x4'da75      0x6  Code  Lc  ble_advertising.o [1]
wmap                       0x5'6a29      0x6  Code  Lc  nrf_fstorage_sd.o [1]
write                      0x5'6941     0x5e  Code  Lc  nrf_fstorage_sd.o [1]
write_buf_length_words_set
                           0x5'014b     0x34  Code  Lc  peer_database.o [1]
write_buf_store            0x5'017f     0xf2  Code  Gb  peer_database.o [1]
write_buf_store_in_event
                           0x5'0271     0x68  Code  Lc  peer_database.o [1]
write_buffer_record_acquire
                           0x5'00b9     0x22  Code  Lc  peer_database.o [1]
write_buffer_record_find
                           0x5'000f     0x4a  Code  Lc  peer_database.o [1]
write_buffer_record_find_next
                           0x4'ffdf     0x30  Code  Lc  peer_database.o [1]
write_buffer_record_find_stored
                           0x5'0059     0x2c  Code  Lc  peer_database.o [1]
write_buffer_record_find_unused
                           0x5'0085      0xe  Code  Lc  peer_database.o [1]
write_buffer_record_invalidate
                           0x4'ffb9     0x26  Code  Lc  peer_database.o [1]
write_buffer_record_release
                           0x5'0093     0x26  Code  Lc  peer_database.o [1]
write_enqueue              0x4'7013    0x10a  Code  Lc  fds.o [1]
write_execute              0x4'6dad     0xca  Code  Lc  fds.o [1]
write_execute              0x5'6753     0x48  Code  Lc  nrf_fstorage_sd.o [1]
write_execute::desc     0x2000'ef08      0xc  Data  Lc  fds.o [1]
write_execute::page     0x2000'f070      0x2  Data  Lc  fds.o [1]
write_space_free           0x4'64cf     0x26  Code  Lc  fds.o [1]
write_space_reserve        0x4'643f     0x90  Code  Lc  fds.o [1]
xActiveTimerList1       0x2000'ee48     0x14  Data  Lc  timers.o [1]
xActiveTimerList2       0x2000'ee5c     0x14  Data  Lc  timers.o [1]
xBlockAllocatedBit      0x2000'efe0      0x4  Data  Lc  heap_4.o [1]
xDelayedTaskList1       0x2000'ede4     0x14  Data  Lc  tasks.o [1]
xDelayedTaskList2       0x2000'edf8     0x14  Data  Lc  tasks.o [1]
xFreeBytesRemaining     0x2000'efd8      0x4  Data  Lc  heap_4.o [1]
xHeapStructSize            0x5'936c      0x4  Data  Lc  heap_4.o [1]
xIdleTaskHandle         0x2000'f054      0x4  Data  Lc  tasks.o [1]
xMinimumEverFreeBytesRemaining
                        0x2000'efdc      0x4  Data  Lc  heap_4.o [1]
xNextTaskUnblockTime    0x2000'f050      0x4  Data  Lc  tasks.o [1]
xNumOfOverflows         0x2000'f048      0x4  Data  Lc  tasks.o [1]
xPendingReadyList       0x2000'ee0c     0x14  Data  Lc  tasks.o [1]
xPortGetFreeHeapSize       0x4'925d      0x6  Code  Gb  heap_4.o [1]
xPortStartScheduler        0x4'9435     0x3a  Code  Gb  port_cmsis.o [1]
xQueueGenericCreate        0x4'a4e7     0x42  Code  Gb  queue.o [1]
xQueueGenericReset         0x4'a465     0x82  Code  Gb  queue.o [1]
xQueueGenericSend          0x4'a55b    0x126  Code  Gb  queue.o [1]
xQueueGenericSendFromISR
                           0x4'a681     0x72  Code  Gb  queue.o [1]
xQueueReceive              0x4'a6f3    0x110  Code  Gb  queue.o [1]
xQueueRegistry          0x2000'eed0     0x10  Data  Gb  queue.o [1]
xSchedulerRunning       0x2000'f03c      0x4  Data  Lc  tasks.o [1]
xStart                  0x2000'ef64      0x8  Data  Lc  heap_4.o [1]
xSuspendedTaskList      0x2000'ee34     0x14  Data  Lc  tasks.o [1]
xTaskCheckForTimeOut       0x4'8d01     0x64  Code  Gb  tasks.o [1]
xTaskCreate                0x4'8585     0x74  Code  Gb  tasks.o [1]
xTaskGetSchedulerState     0x4'8ee7     0x20  Code  Gb  tasks.o [1]
xTaskGetTickCount          0x4'8a99      0x8  Code  Gb  tasks.o [1]
xTaskGetTickCountFromISR
                           0x4'8aa1      0xa  Code  Gb  tasks.o [1]
xTaskIncrementTick         0x4'8acb     0xdc  Code  Gb  tasks.o [1]
xTaskPriorityDisinherit
                           0x4'8f19     0x5e  Code  Gb  tasks.o [1]
xTaskRemoveFromEventList
                           0x4'8c7f     0x70  Code  Gb  tasks.o [1]
xTaskResumeAll             0x4'89c5     0xd4  Code  Gb  tasks.o [1]
xTasksWaitingTermination
                        0x2000'ee20     0x14  Data  Lc  tasks.o [1]
xTickCount              0x2000'f034      0x4  Data  Lc  tasks.o [1]
xTimerCreate               0x4'94f5     0x34  Code  Gb  timers.o [1]
xTimerCreateTimerTask      0x4'94c1     0x34  Code  Gb  timers.o [1]
xTimerGenericCommand       0x4'955b     0x6e  Code  Gb  timers.o [1]
xTimerQueue             0x2000'f064      0x4  Data  Lc  timers.o [1]
xTimerTaskHandle        0x2000'f068      0x4  Data  Lc  timers.o [1]
xYieldPending           0x2000'f044      0x4  Data  Lc  tasks.o [1]
xfer_completeness_check
                           0x5'228d     0x9e  Code  Lc  nrfx_twim.o [1]


[1] = D:\nRF5_SDK_15.2.0_9412b96\sdk17\project\iar\Debug\Obj
[2] = dl7M_tlf.a
[3] = m7M_tls.a
[4] = rt7M_tl.a
[5] = shb_l.a

   79 842 bytes of readonly  code memory
  130 164 bytes of readonly  data memory
   40 749 bytes of readwrite data memory

Errors: none
Warnings: none
