###############################################################################
#
# IAR ELF Linker V8.32.1.169/W32 for ARM                  27/Sep/2020  14:01:38
# Copyright 2007-2018 IAR Systems AB.
#
#    Output file  =  
#        D:\nRF5_SDK_15.2.0_9412b96\sdk17\project\iar\Debug\Exe\WT_demo.out
#    Map file     =  
#        D:\nRF5_SDK_15.2.0_9412b96\sdk17\project\iar\Debug\List\WT_demo.map
#    Command line =  
#        -f C:\Users\RD-CHS\AppData\Local\Temp\EW4057.tmp
#        (D:\nRF5_SDK_15.2.0_9412b96\sdk17\project\iar\Debug\Obj\advertising.o
#        D:\nRF5_SDK_15.2.0_9412b96\sdk17\project\iar\Debug\Obj\app_error.o
#        D:\nRF5_SDK_15.2.0_9412b96\sdk17\project\iar\Debug\Obj\app_error_handler_iar.o
#        D:\nRF5_SDK_15.2.0_9412b96\sdk17\project\iar\Debug\Obj\app_error_weak.o
#        D:\nRF5_SDK_15.2.0_9412b96\sdk17\project\iar\Debug\Obj\app_freertos.o
#        D:\nRF5_SDK_15.2.0_9412b96\sdk17\project\iar\Debug\Obj\app_timer_freertos.o
#        D:\nRF5_SDK_15.2.0_9412b96\sdk17\project\iar\Debug\Obj\app_util_platform.o
#        D:\nRF5_SDK_15.2.0_9412b96\sdk17\project\iar\Debug\Obj\auth_status_tracker.o
#        D:\nRF5_SDK_15.2.0_9412b96\sdk17\project\iar\Debug\Obj\ble_advdata.o
#        D:\nRF5_SDK_15.2.0_9412b96\sdk17\project\iar\Debug\Obj\ble_advertising.o
#        D:\nRF5_SDK_15.2.0_9412b96\sdk17\project\iar\Debug\Obj\ble_conn_params.o
#        D:\nRF5_SDK_15.2.0_9412b96\sdk17\project\iar\Debug\Obj\ble_conn_state.o
#        D:\nRF5_SDK_15.2.0_9412b96\sdk17\project\iar\Debug\Obj\ble_date.o
#        D:\nRF5_SDK_15.2.0_9412b96\sdk17\project\iar\Debug\Obj\ble_srv_common.o
#        D:\nRF5_SDK_15.2.0_9412b96\sdk17\project\iar\Debug\Obj\common.o
#        D:\nRF5_SDK_15.2.0_9412b96\sdk17\project\iar\Debug\Obj\croutine.o
#        D:\nRF5_SDK_15.2.0_9412b96\sdk17\project\iar\Debug\Obj\event_groups.o
#        D:\nRF5_SDK_15.2.0_9412b96\sdk17\project\iar\Debug\Obj\fds.o
#        D:\nRF5_SDK_15.2.0_9412b96\sdk17\project\iar\Debug\Obj\gatt_cache_manager.o
#        D:\nRF5_SDK_15.2.0_9412b96\sdk17\project\iar\Debug\Obj\gatts_cache_manager.o
#        D:\nRF5_SDK_15.2.0_9412b96\sdk17\project\iar\Debug\Obj\global.o
#        D:\nRF5_SDK_15.2.0_9412b96\sdk17\project\iar\Debug\Obj\heap_4.o
#        D:\nRF5_SDK_15.2.0_9412b96\sdk17\project\iar\Debug\Obj\iar_startup_nrf52.o
#        D:\nRF5_SDK_15.2.0_9412b96\sdk17\project\iar\Debug\Obj\id_manager.o
#        D:\nRF5_SDK_15.2.0_9412b96\sdk17\project\iar\Debug\Obj\list.o
#        D:\nRF5_SDK_15.2.0_9412b96\sdk17\project\iar\Debug\Obj\main.o
#        D:\nRF5_SDK_15.2.0_9412b96\sdk17\project\iar\Debug\Obj\nrf_atfifo.o
#        D:\nRF5_SDK_15.2.0_9412b96\sdk17\project\iar\Debug\Obj\nrf_atflags.o
#        D:\nRF5_SDK_15.2.0_9412b96\sdk17\project\iar\Debug\Obj\nrf_atomic.o
#        D:\nRF5_SDK_15.2.0_9412b96\sdk17\project\iar\Debug\Obj\nrf_balloc.o
#        D:\nRF5_SDK_15.2.0_9412b96\sdk17\project\iar\Debug\Obj\nrf_ble_gatt.o
#        D:\nRF5_SDK_15.2.0_9412b96\sdk17\project\iar\Debug\Obj\nrf_ble_qwr.o
#        D:\nRF5_SDK_15.2.0_9412b96\sdk17\project\iar\Debug\Obj\nrf_drv_clock.o
#        D:\nRF5_SDK_15.2.0_9412b96\sdk17\project\iar\Debug\Obj\nrf_fprintf.o
#        D:\nRF5_SDK_15.2.0_9412b96\sdk17\project\iar\Debug\Obj\nrf_fprintf_format.o
#        D:\nRF5_SDK_15.2.0_9412b96\sdk17\project\iar\Debug\Obj\nrf_fstorage.o
#        D:\nRF5_SDK_15.2.0_9412b96\sdk17\project\iar\Debug\Obj\nrf_fstorage_sd.o
#        D:\nRF5_SDK_15.2.0_9412b96\sdk17\project\iar\Debug\Obj\nrf_log_backend_rtt.o
#        D:\nRF5_SDK_15.2.0_9412b96\sdk17\project\iar\Debug\Obj\nrf_log_backend_serial.o
#        D:\nRF5_SDK_15.2.0_9412b96\sdk17\project\iar\Debug\Obj\nrf_log_default_backends.o
#        D:\nRF5_SDK_15.2.0_9412b96\sdk17\project\iar\Debug\Obj\nrf_log_frontend.o
#        D:\nRF5_SDK_15.2.0_9412b96\sdk17\project\iar\Debug\Obj\nrf_log_str_formatter.o
#        D:\nRF5_SDK_15.2.0_9412b96\sdk17\project\iar\Debug\Obj\nrf_memobj.o
#        D:\nRF5_SDK_15.2.0_9412b96\sdk17\project\iar\Debug\Obj\nrf_ringbuf.o
#        D:\nRF5_SDK_15.2.0_9412b96\sdk17\project\iar\Debug\Obj\nrf_sdh.o
#        D:\nRF5_SDK_15.2.0_9412b96\sdk17\project\iar\Debug\Obj\nrf_sdh_ble.o
#        D:\nRF5_SDK_15.2.0_9412b96\sdk17\project\iar\Debug\Obj\nrf_sdh_freertos.o
#        D:\nRF5_SDK_15.2.0_9412b96\sdk17\project\iar\Debug\Obj\nrf_sdh_soc.o
#        D:\nRF5_SDK_15.2.0_9412b96\sdk17\project\iar\Debug\Obj\nrf_section_iter.o
#        D:\nRF5_SDK_15.2.0_9412b96\sdk17\project\iar\Debug\Obj\nrf_strerror.o
#        D:\nRF5_SDK_15.2.0_9412b96\sdk17\project\iar\Debug\Obj\nrfx_clock.o
#        D:\nRF5_SDK_15.2.0_9412b96\sdk17\project\iar\Debug\Obj\nrfx_prs.o
#        D:\nRF5_SDK_15.2.0_9412b96\sdk17\project\iar\Debug\Obj\nrfx_rtc.o
#        D:\nRF5_SDK_15.2.0_9412b96\sdk17\project\iar\Debug\Obj\nrfx_twi.o
#        D:\nRF5_SDK_15.2.0_9412b96\sdk17\project\iar\Debug\Obj\nrfx_wdt.o
#        D:\nRF5_SDK_15.2.0_9412b96\sdk17\project\iar\Debug\Obj\peer_data_storage.o
#        D:\nRF5_SDK_15.2.0_9412b96\sdk17\project\iar\Debug\Obj\peer_database.o
#        D:\nRF5_SDK_15.2.0_9412b96\sdk17\project\iar\Debug\Obj\peer_id.o
#        D:\nRF5_SDK_15.2.0_9412b96\sdk17\project\iar\Debug\Obj\peer_manager.o
#        D:\nRF5_SDK_15.2.0_9412b96\sdk17\project\iar\Debug\Obj\peer_manager_handler.o
#        D:\nRF5_SDK_15.2.0_9412b96\sdk17\project\iar\Debug\Obj\pm_buffer.o
#        D:\nRF5_SDK_15.2.0_9412b96\sdk17\project\iar\Debug\Obj\port.o
#        D:\nRF5_SDK_15.2.0_9412b96\sdk17\project\iar\Debug\Obj\port_cmsis.o
#        D:\nRF5_SDK_15.2.0_9412b96\sdk17\project\iar\Debug\Obj\port_cmsis_systick.o
#        D:\nRF5_SDK_15.2.0_9412b96\sdk17\project\iar\Debug\Obj\queue.o
#        D:\nRF5_SDK_15.2.0_9412b96\sdk17\project\iar\Debug\Obj\rtc.o
#        D:\nRF5_SDK_15.2.0_9412b96\sdk17\project\iar\Debug\Obj\security_dispatcher.o
#        D:\nRF5_SDK_15.2.0_9412b96\sdk17\project\iar\Debug\Obj\security_manager.o
#        D:\nRF5_SDK_15.2.0_9412b96\sdk17\project\iar\Debug\Obj\SEGGER_RTT.o
#        D:\nRF5_SDK_15.2.0_9412b96\sdk17\project\iar\Debug\Obj\SEGGER_RTT_printf.o
#        D:\nRF5_SDK_15.2.0_9412b96\sdk17\project\iar\Debug\Obj\SEGGER_RTT_Syscalls_IAR.o
#        D:\nRF5_SDK_15.2.0_9412b96\sdk17\project\iar\Debug\Obj\service.o
#        D:\nRF5_SDK_15.2.0_9412b96\sdk17\project\iar\Debug\Obj\stream_buffer.o
#        D:\nRF5_SDK_15.2.0_9412b96\sdk17\project\iar\Debug\Obj\system_nrf52.o
#        D:\nRF5_SDK_15.2.0_9412b96\sdk17\project\iar\Debug\Obj\tasks.o
#        D:\nRF5_SDK_15.2.0_9412b96\sdk17\project\iar\Debug\Obj\timers.o
#        D:\nRF5_SDK_15.2.0_9412b96\sdk17\project\iar\Debug\Obj\twi.o
#        D:\nRF5_SDK_15.2.0_9412b96\sdk17\project\iar\Debug\Obj\utf.o
#        --no_out_extension -o
#        D:\nRF5_SDK_15.2.0_9412b96\sdk17\project\iar\Debug\Exe\WT_demo.out
#        --map
#        D:\nRF5_SDK_15.2.0_9412b96\sdk17\project\iar\Debug\List\WT_demo.map
#        --config
#        D:\nRF5_SDK_15.2.0_9412b96\sdk17\project\iar\ble_app_hrs_freertos_iar_nRF5x.icf
#        --semihosting --entry __iar_program_start --vfe --text_out locale)
#
###############################################################################

*******************************************************************************
*** RUNTIME MODEL ATTRIBUTES
***

CppFlavor       = *
__SystemLibrary = DLib
__dlib_version  = 6


*******************************************************************************
*** HEAP SELECTION
***

The basic heap was selected because no calls to memory allocation
functions were found in the application outside of system library
functions, and there are calls to deallocation functions in the
application.


*******************************************************************************
*** PLACEMENT SUMMARY
***

"A0":  place at 0x2'6000 { ro section .intvec };
define block RO_END with size = 0M, alignment = 8 { };
"P1":  place in [from 0x2'6000 to 0x7'ffff] { ro, block RO_END };
define block CSTACK with size = 2K, alignment = 8 { };
define block HEAP with size = 1K, alignment = 8 { };
"P2":  place in [from 0x2000'5968 to 0x2000'ffff] {
          rw, block CSTACK, block HEAP };
initialize by copy { rw };
keep { section .intvec };

  Section                 Kind         Address     Size  Object
  -------                 ----         -------     ----  ------
"A0":                                             0x200
  .intvec                 ro code     0x2'6000    0x200  iar_startup_nrf52.o [1]
                                    - 0x2'6200    0x200

"P1":                                           0x10dba
  .text                   ro code     0x2'6200   0x13a0  fds.o [1]
  .text                   ro code     0x2'75a0    0x33e  nrf_fstorage.o [1]
  .text                   ro code     0x2'78de     0x7a  lz77_init_single.o [4]
  .text                   ro code     0x2'7958     0xf8  nrf_atomic.o [1]
  .text                   ro code     0x2'7a50    0x1a2  nrf_atfifo.o [1]
  .text                   ro code     0x2'7bf2     0x3a  zero_init3.o [4]
  .text                   ro code     0x2'7c2c     0x66  ABImemset.o [4]
  .text                   ro code     0x2'7c92      0x2  iar_startup_nrf52.o [1]
  .text                   ro code     0x2'7c94      0x6  ABImemclr4.o [4]
  .text                   ro code     0x2'7c9a      0x2  iar_startup_nrf52.o [1]
  .text                   ro code     0x2'7c9c    0x79c  nrf_log_frontend.o [1]
  .text                   ro code     0x2'8438     0x32  ABImemset48.o [4]
  .text                   ro code     0x2'846a    0x192  nrf_memobj.o [1]
  .text                   ro code     0x2'85fc     0x26  nrf_ringbuf.o [1]
  .text                   ro code     0x2'8622      0x2  iar_startup_nrf52.o [1]
  .text                   ro code     0x2'8624     0xaa  app_util_platform.o [1]
  .text                   ro code     0x2'86ce     0xde  nrf_balloc.o [1]
  .text                   ro code     0x2'87ac     0xa6  ABImemcpy.o [4]
  .text                   ro code     0x2'8852      0x2  iar_startup_nrf52.o [1]
  .text                   ro code     0x2'8854    0xbb4  tasks.o [1]
  .text                   ro code     0x2'9408    0x1fc  heap_4.o [1]
  .text                   ro code     0x2'9604     0x98  list.o [1]
  .text                   ro code     0x2'969c     0xdc  port_cmsis.o [1]
  .text                   ro code     0x2'9778    0x3d8  timers.o [1]
  .text                   ro code     0x2'9b50    0x61c  main.o [1]
  .text                   ro code     0x2'a16c    0x138  port_cmsis_systick.o [1]
  .text                   ro code     0x2'a2a4     0xaa  port.o [1]
  .text                   ro code     0x2'a34e      0x2  iar_startup_nrf52.o [1]
  .text                   ro code     0x2'a350    0x6de  queue.o [1]
  .text                   ro code     0x2'aa2e      0x2  iar_startup_nrf52.o [1]
  .text                   ro code     0x2'aa30    0x248  advertising.o [1]
  .text                   ro code     0x2'ac78    0x730  peer_manager.o [1]
  .text                   ro code     0x2'b3a8    0x360  nrf_sdh.o [1]
  .text                   ro code     0x2'b708    0x160  nrf_sdh_ble.o [1]
  .text                   ro code     0x2'b868    0x3ec  nrf_ble_gatt.o [1]
  .text                   ro code     0x2'bc54     0x28  nrf_log_default_backends.o [1]
  .text                   ro code     0x2'bc7c     0x1e  app_error_handler_iar.o [1]
  .text                   ro code     0x2'bc9a      0x2  iar_startup_nrf52.o [1]
  .text                   ro code     0x2'bc9c    0x230  nrf_drv_clock.o [1]
  .text                   ro code     0x2'becc    0x368  ble_conn_params.o [1]
  .text                   ro code     0x2'c234    0x6f0  peer_manager_handler.o [1]
  .text                   ro code     0x2'c924     0x48  service.o [1]
  .text                   ro code     0x2'c96c     0x5c  common.o [1]
  .text                   ro code     0x2'c9c8    0x464  twi.o [1]
  .text                   ro code     0x2'ce2c     0xe8  app_freertos.o [1]
  .text                   ro code     0x2'cf14     0xac  nrf_sdh_freertos.o [1]
  .text                   ro code     0x2'cfc0    0x550  ble_advertising.o [1]
  .text                   ro code     0x2'd510    0x3d0  ble_conn_state.o [1]
  .text                   ro code     0x2'd8e0    0x4c0  id_manager.o [1]
  .text                   ro code     0x2'dda0    0x61c  peer_data_storage.o [1]
  .text                   ro code     0x2'e3bc    0x732  security_manager.o [1]
  .text                   ro code     0x2'eaee      0x2  iar_startup_nrf52.o [1]
  .text                   ro code     0x2'eaf0    0x908  gatt_cache_manager.o [1]
  .text                   ro code     0x2'f3f8     0x54  nrf_strerror.o [1]
  .text                   ro code     0x2'f44c    0x654  peer_database.o [1]
  .text                   ro code     0x2'faa0    0x988  security_dispatcher.o [1]
  .text                   ro code     0x3'0428    0x30c  gatts_cache_manager.o [1]
  .text                   ro code     0x3'0734     0x62  nrf_section_iter.o [1]
  .text                   ro code     0x3'0796      0x2  iar_startup_nrf52.o [1]
  .text                   ro code     0x3'0798     0xac  nrf_log_backend_rtt.o [1]
  .text                   ro code     0x3'0844    0x118  app_error_weak.o [1]
  .text                   ro code     0x3'095c    0x224  nrfx_clock.o [1]
  .text                   ro code     0x3'0b80    0x1bc  app_timer_freertos.o [1]
  .text                   ro code     0x3'0d3c    0x2d0  ble_srv_common.o [1]
  .text                   ro code     0x3'100c    0x132  nrf_ble_qwr.o [1]
  .text                   ro code     0x3'113e      0x2  iar_startup_nrf52.o [1]
  .text                   ro code     0x3'1140    0x334  rtc.o [1]
  .text                   ro code     0x3'1474    0x1a0  ble_date.o [1]
  .text                   ro code     0x3'1614    0x188  event_groups.o [1]
  .text                   ro code     0x3'179c    0x178  nrfx_wdt.o [1]
  .text                   ro code     0x3'1914    0x75a  ble_advdata.o [1]
  .text                   ro code     0x3'206e     0xbe  nrf_atflags.o [1]
  .text                   ro code     0x3'212c     0x68  memcmp.o [4]
  .text                   ro code     0x3'2194    0x1b8  peer_id.o [1]
  .text                   ro code     0x3'234c    0x16a  pm_buffer.o [1]
  .text                   ro code     0x3'24b6      0x2  iar_startup_nrf52.o [1]
  .text                   ro code     0x3'24b8    0x1d8  SEGGER_RTT.o [1]
  .text                   ro code     0x3'2690     0xd4  nrf_log_backend_serial.o [1]
  .text                   ro code     0x3'2764     0x68  app_error.o [1]
  .text                   ro code     0x3'27cc    0x2d4  nrfx_rtc.o [1]
  .text                   ro code     0x3'2aa0    0x230  I64DivMod.o [4]
  .text                   ro code     0x3'2cd0     0x18  strcpy.o [4]
  .text                   ro code     0x3'2ce8    0x284  nrf_log_str_formatter.o [1]
  .text                   ro code     0x3'2f6c      0x2  I64DivZer.o [4]
  .text                   ro code     0x3'2f6e      0x2  iar_startup_nrf52.o [1]
  .text                   ro code     0x3'2f70     0x3c  nrf_fprintf.o [1]
  .text                   ro code     0x3'2fac     0x3e  isprint.o [2]
  .text                   ro code     0x3'2fea      0x2  iar_startup_nrf52.o [1]
  .text                   ro code     0x3'2fec    0x3fa  nrf_fprintf_format.o [1]
  .text                   ro code     0x3'33e6      0x2  iar_startup_nrf52.o [1]
  .text                   ro code     0x3'33e8     0x36  strlen.o [4]
  .text                   ro code     0x3'341e      0x2  iar_startup_nrf52.o [1]
  .text                   ro code     0x3'3420    0x628  system_nrf52.o [1]
  .text                   ro code     0x3'3a48    0x540  nrfx_twi.o [1]
  .text                   ro code     0x3'3f88    0x3c8  nrf_fstorage_sd.o [1]
  .rodata                 const       0x3'4350    0x128  nrf_strerror.o [1]
  .rodata                 const       0x3'4478     0xb8  security_manager.o [1]
  log_const_data                      0x3'4530     0xb0  <Block>
    log_const_data        const       0x3'4530      0x8  gatt_cache_manager.o [1]
    log_const_data        const       0x3'4538      0x8  gatts_cache_manager.o [1]
    log_const_data        const       0x3'4540      0x8  id_manager.o [1]
    log_const_data        const       0x3'4548      0x8  nrf_ble_gatt.o [1]
    log_const_data        const       0x3'4550      0x8  nrf_drv_clock.o [1]
    log_const_data        const       0x3'4558      0x8  nrf_fstorage.o [1]
    log_const_data        const       0x3'4560      0x8  nrf_log_frontend.o [1]
    log_const_data        const       0x3'4568      0x8  nrf_sdh.o [1]
    log_const_data        const       0x3'4570      0x8  nrf_sdh_ble.o [1]
    log_const_data        const       0x3'4578      0x8  nrf_sdh_freertos.o [1]
    log_const_data        const       0x3'4580      0x8  nrf_sdh_soc.o [1]
    log_const_data        const       0x3'4588      0x8  nrfx_clock.o [1]
    log_const_data        const       0x3'4590      0x8  nrfx_prs.o [1]
    log_const_data        const       0x3'4598      0x8  nrfx_rtc.o [1]
    log_const_data        const       0x3'45a0      0x8  nrfx_twi.o [1]
    log_const_data        const       0x3'45a8      0x8  nrfx_wdt.o [1]
    log_const_data        const       0x3'45b0      0x8  peer_data_storage.o [1]
    log_const_data        const       0x3'45b8      0x8  peer_database.o [1]
    log_const_data        const       0x3'45c0      0x8  peer_manager.o [1]
    log_const_data        const       0x3'45c8      0x8  peer_manager_handler.o [1]
    log_const_data        const       0x3'45d0      0x8  security_dispatcher.o [1]
    log_const_data        const       0x3'45d8      0x8  security_manager.o [1]
  .rodata                 const       0x3'45e0     0x80  gatt_cache_manager.o [1]
  .rodata                 const       0x3'4660     0x80  gatts_cache_manager.o [1]
  .rodata                 const       0x3'46e0     0x78  gatts_cache_manager.o [1]
  .rodata                 const       0x3'4758     0x74  peer_database.o [1]
  .rodata                 const       0x3'47cc     0x74  peer_manager_handler.o [1]
  .rodata                 const       0x3'4840     0x70  gatt_cache_manager.o [1]
  .rodata                 const       0x3'48b0     0x70  security_dispatcher.o [1]
  .rodata                 const       0x3'4920     0x70  security_dispatcher.o [1]
  .rodata                 const       0x3'4990     0x70  security_dispatcher.o [1]
  .rodata                 const       0x3'4a00     0x70  security_manager.o [1]
  .rodata                 const       0x3'4a70     0x6c  security_dispatcher.o [1]
  .rodata                 const       0x3'4adc     0x6c  security_manager.o [1]
  .rodata                 const       0x3'4b48     0x64  security_dispatcher.o [1]
  .rodata                 const       0x3'4bac     0x60  gatt_cache_manager.o [1]
  .rodata                 const       0x3'4c0c     0x60  peer_database.o [1]
  .rodata                 const       0x3'4c6c     0x60  peer_manager_handler.o [1]
  .rodata                 const       0x3'4ccc     0x5c  security_dispatcher.o [1]
  .rodata                 const       0x3'4d28     0x58  gatts_cache_manager.o [1]
  .rodata                 const       0x3'4d80     0x58  nrf_ble_gatt.o [1]
  .rodata                 const       0x3'4dd8     0x58  peer_data_storage.o [1]
  .rodata                 const       0x3'4e30     0x58  peer_database.o [1]
  .rodata                 const       0x3'4e88     0x58  security_dispatcher.o [1]
  .rodata                 const       0x3'4ee0     0x58  security_manager.o [1]
  .rodata                 const       0x3'4f38     0x54  gatt_cache_manager.o [1]
  .rodata                 const       0x3'4f8c     0x54  nrf_sdh_freertos.o [1]
  .rodata                 const       0x3'4fe0     0x54  peer_database.o [1]
  .rodata                 const       0x3'5034     0x54  peer_manager_handler.o [1]
  .rodata                 const       0x3'5088     0x54  peer_manager_handler.o [1]
  .rodata                 const       0x3'50dc     0x50  nrf_fstorage.o [1]
  .rodata                 const       0x3'512c     0x50  security_dispatcher.o [1]
  .text                   ro code     0x3'517c     0x50  nrf_sdh_soc.o [1]
  .rodata                 const       0x3'51cc     0x4c  gatts_cache_manager.o [1]
  .rodata                 const       0x3'5218     0x4c  nrf_ble_gatt.o [1]
  .rodata                 const       0x3'5264     0x4c  nrf_sdh_ble.o [1]
  .rodata                 const       0x3'52b0     0x4c  nrf_sdh_soc.o [1]
  .rodata                 const       0x3'52fc     0x4c  peer_data_storage.o [1]
  .rodata                 const       0x3'5348     0x4c  peer_manager_handler.o [1]
  .rodata                 const       0x3'5394     0x4c  peer_manager_handler.o [1]
  .rodata                 const       0x3'53e0     0x48  ble_conn_state.o [1]
  .rodata                 const       0x3'5428     0x48  nrf_sdh.o [1]
  .rodata                 const       0x3'5470     0x48  peer_manager.o [1]
  .rodata                 const       0x3'54b8     0x48  peer_manager.o [1]
  .rodata                 const       0x3'5500     0x44  peer_data_storage.o [1]
  .rodata                 const       0x3'5544     0x44  peer_manager_handler.o [1]
  .rodata                 const       0x3'5588     0x40  gatt_cache_manager.o [1]
  .rodata                 const       0x3'55c8     0x40  gatt_cache_manager.o [1]
  .rodata                 const       0x3'5608     0x40  nrf_ble_gatt.o [1]
  .rodata                 const       0x3'5648     0x40  peer_data_storage.o [1]
  .rodata                 const       0x3'5688     0x40  peer_database.o [1]
  .rodata                 const       0x3'56c8     0x40  peer_manager.o [1]
  .rodata                 const       0x3'5708     0x40  peer_manager_handler.o [1]
  .rodata                 const       0x3'5748     0x40  peer_manager_handler.o [1]
  .rodata                 const       0x3'5788     0x3c  gatt_cache_manager.o [1]
  .rodata                 const       0x3'57c4     0x3c  gatt_cache_manager.o [1]
  .rodata                 const       0x3'5800     0x3c  gatt_cache_manager.o [1]
  .rodata                 const       0x3'583c     0x3c  peer_manager_handler.o [1]
  .rodata                 const       0x3'5878     0x3c  peer_manager_handler.o [1]
  .rodata                 const       0x3'58b4     0x38  gatt_cache_manager.o [1]
  .rodata                 const       0x3'58ec     0x38  peer_manager_handler.o [1]
  .rodata                 const       0x3'5924     0x34  advertising.o [1]
  .rodata                 const       0x3'5958     0x34  nrf_ble_gatt.o [1]
  .rodata                 const       0x3'598c     0x34  security_dispatcher.o [1]
  .rodata                 const       0x3'59c0     0x34  security_dispatcher.o [1]
  .rodata                 const       0x3'59f4     0x30  common.o [1]
  .rodata                 const       0x3'5a24     0x30  main.o [1]
  .rodata                 const       0x3'5a54     0x30  nrf_ble_gatt.o [1]
  .rodata                 const       0x3'5a84     0x30  peer_database.o [1]
  .rodata                 const       0x3'5ab4     0x30  peer_manager_handler.o [1]
  .rodata                 const       0x3'5ae4     0x30  peer_manager_handler.o [1]
  .rodata                 const       0x3'5b14     0x30  service.o [1]
  .rodata                 const       0x3'5b44     0x2c  advertising.o [1]
  .rodata                 const       0x3'5b70     0x2c  advertising.o [1]
  .rodata                 const       0x3'5b9c     0x2c  nrf_fstorage.o [1]
  .rodata                 const       0x3'5bc8     0x2c  nrf_fstorage.o [1]
  .rodata                 const       0x3'5bf4     0x2c  nrf_strerror.o [1]
  .rodata                 const       0x3'5c20     0x2c  peer_manager.o [1]
  .rodata                 const       0x3'5c4c     0x2c  peer_manager.o [1]
  .rodata                 const       0x3'5c78     0x2c  peer_manager.o [1]
  .rodata                 const       0x3'5ca4     0x2c  peer_manager.o [1]
  .rodata                 const       0x3'5cd0     0x2c  peer_manager.o [1]
  .rodata                 const       0x3'5cfc     0x2c  peer_manager.o [1]
  .rodata                 const       0x3'5d28     0x2c  peer_manager_handler.o [1]
  .rodata                 const       0x3'5d54     0x2c  peer_manager_handler.o [1]
  .rodata                 const       0x3'5d80     0x28  advertising.o [1]
  .rodata                 const       0x3'5da8     0x28  advertising.o [1]
  .rodata                 const       0x3'5dd0     0x28  app_error_weak.o [1]
  .rodata                 const       0x3'5df8     0x28  main.o [1]
  .rodata                 const       0x3'5e20     0x28  nrf_fstorage.o [1]
  .rodata                 const       0x3'5e48     0x28  nrf_fstorage.o [1]
  .rodata                 const       0x3'5e70     0x28  nrf_strerror.o [1]
  .rodata                 const       0x3'5e98     0x28  nrf_strerror.o [1]
  .rodata                 const       0x3'5ec0     0x28  peer_manager_handler.o [1]
  .text                   ro code     0x3'5ee8     0x28  data_init.o [4]
  .rodata                 const       0x3'5f10     0x24  advertising.o [1]
  .rodata                 const       0x3'5f34     0x24  app_error_weak.o [1]
  .rodata                 const       0x3'5f58     0x24  main.o [1]
  .rodata                 const       0x3'5f7c     0x24  nrf_fstorage.o [1]
  .rodata                 const       0x3'5fa0     0x24  nrf_strerror.o [1]
  .rodata                 const       0x3'5fc4     0x24  nrf_strerror.o [1]
  .rodata                 const       0x3'5fe8     0x24  nrf_strerror.o [1]
  .rodata                 const       0x3'600c     0x24  nrf_strerror.o [1]
  .rodata                 const       0x3'6030     0x24  nrf_strerror.o [1]
  .rodata                 const       0x3'6054     0x24  peer_manager_handler.o [1]
  .text                   ro code     0x3'6078     0x22  fpinit_M.o [3]
  .iar.init_table         const       0x3'609c     0x20  - Linker created -
  .text                   ro code     0x3'60bc      0x2  iar_startup_nrf52.o [1]
  .rodata                 const       0x3'60c0     0x20  advertising.o [1]
  .rodata                 const       0x3'60e0     0x20  app_error_weak.o [1]
  .rodata                 const       0x3'6100     0x20  main.o [1]
  .rodata                 const       0x3'6120     0x20  main.o [1]
  .rodata                 const       0x3'6140     0x20  main.o [1]
  .rodata                 const       0x3'6160     0x20  nrf_fstorage_sd.o [1]
  .rodata                 const       0x3'6180     0x20  nrf_sdh_ble.o [1]
  .rodata                 const       0x3'61a0     0x20  nrf_sdh_freertos.o [1]
  .rodata                 const       0x3'61c0     0x20  nrf_strerror.o [1]
  .rodata                 const       0x3'61e0     0x20  nrf_strerror.o [1]
  .rodata                 const       0x3'6200     0x20  nrf_strerror.o [1]
  .rodata                 const       0x3'6220     0x20  nrf_strerror.o [1]
  .rodata                 const       0x3'6240     0x20  nrf_strerror.o [1]
  .rodata                 const       0x3'6260     0x20  peer_database.o [1]
  .rodata                 const       0x3'6280     0x20  peer_manager_handler.o [1]
  .rodata                 const       0x3'62a0     0x20  peer_manager_handler.o [1]
  .rodata                 const       0x3'62c0     0x20  peer_manager_handler.o [1]
  sdh_ble_observers1                  0x3'62e0     0x20  <Block>
    sdh_ble_observers1    const       0x3'62e0      0x8  advertising.o [1]
    sdh_ble_observers1    const       0x3'62e8      0x8  ble_conn_params.o [1]
    sdh_ble_observers1    const       0x3'62f0      0x8  main.o [1]
    sdh_ble_observers1    const       0x3'62f8      0x8  peer_manager.o [1]
  .text                   ro code     0x3'6300     0x1e  cmain.o [4]
  .text                   ro code     0x3'631e      0x4  low_level_init.o [2]
  .text                   ro code     0x3'6322      0x4  exit.o [2]
  .text                   ro code     0x3'6326      0x2  iar_startup_nrf52.o [1]
  .text                   ro code     0x3'6328      0xa  cexit.o [4]
  .text                   ro code     0x3'6332      0x2  iar_startup_nrf52.o [1]
  .text                   ro code     0x3'6334     0x14  exit.o [5]
  .rodata                 const       0x3'6348     0x1c  app_error_weak.o [1]
  .rodata                 const       0x3'6364     0x1c  main.o [1]
  .rodata                 const       0x3'6380     0x1c  main.o [1]
  .rodata                 const       0x3'639c     0x1c  main.o [1]
  .rodata                 const       0x3'63b8     0x1c  nrf_strerror.o [1]
  .rodata                 const       0x3'63d4     0x1c  nrf_strerror.o [1]
  .rodata                 const       0x3'63f0     0x1c  nrf_strerror.o [1]
  .rodata                 const       0x3'640c     0x1c  nrf_strerror.o [1]
  .rodata                 const       0x3'6428     0x1c  nrf_strerror.o [1]
  .rodata                 const       0x3'6444     0x1c  peer_manager_handler.o [1]
  .rodata                 const       0x3'6460     0x1c  peer_manager_handler.o [1]
  .rodata                 const       0x3'647c     0x18  advertising.o [1]
  .rodata                 const       0x3'6494     0x18  advertising.o [1]
  .rodata                 const       0x3'64ac     0x18  advertising.o [1]
  .rodata                 const       0x3'64c4     0x18  app_error_weak.o [1]
  .rodata                 const       0x3'64dc     0x18  main.o [1]
  .rodata                 const       0x3'64f4     0x18  main.o [1]
  .rodata                 const       0x3'650c     0x18  nrf_fstorage.o [1]
  .rodata                 const       0x3'6524     0x18  nrf_log_str_formatter.o [1]
  .rodata                 const       0x3'653c     0x18  nrf_strerror.o [1]
  .rodata                 const       0x3'6554     0x18  nrf_strerror.o [1]
  .rodata                 const       0x3'656c     0x18  nrf_strerror.o [1]
  .rodata                 const       0x3'6584     0x18  nrf_strerror.o [1]
  .rodata                 const       0x3'659c     0x18  nrf_strerror.o [1]
  .rodata                 const       0x3'65b4     0x18  nrf_strerror.o [1]
  .rodata                 const       0x3'65cc     0x18  nrf_strerror.o [1]
  .rodata                 const       0x3'65e4     0x18  nrf_strerror.o [1]
  .rodata                 const       0x3'65fc     0x18  nrf_strerror.o [1]
  .rodata                 const       0x3'6614     0x18  peer_manager_handler.o [1]
  .rodata                 const       0x3'662c     0x18  peer_manager_handler.o [1]
  .rodata                 const       0x3'6644     0x14  advertising.o [1]
  .rodata                 const       0x3'6658     0x14  advertising.o [1]
  .rodata                 const       0x3'666c     0x14  app_error_weak.o [1]
  .rodata                 const       0x3'6680     0x14  ble_date.o [1]
  .rodata                 const       0x3'6694     0x14  gatt_cache_manager.o [1]
  .rodata                 const       0x3'66a8     0x14  gatt_cache_manager.o [1]
  .rodata                 const       0x3'66bc     0x14  gatt_cache_manager.o [1]
  .rodata                 const       0x3'66d0     0x14  gatt_cache_manager.o [1]
  .rodata                 const       0x3'66e4     0x14  gatt_cache_manager.o [1]
  .rodata                 const       0x3'66f8     0x14  gatts_cache_manager.o [1]
  .rodata                 const       0x3'670c     0x14  main.o [1]
  .rodata                 const       0x3'6720     0x14  main.o [1]
  .rodata                 const       0x3'6734     0x14  nrf_fstorage.o [1]
  .rodata                 const       0x3'6748     0x14  nrf_fstorage.o [1]
  .rodata                 const       0x3'675c     0x14  nrf_fstorage.o [1]
  .rodata                 const       0x3'6770     0x14  nrf_log_frontend.o [1]
  .rodata                 const       0x3'6784     0x14  nrf_sdh_freertos.o [1]
  .rodata                 const       0x3'6798     0x14  nrf_strerror.o [1]
  .rodata                 const       0x3'67ac     0x14  nrf_strerror.o [1]
  .rodata                 const       0x3'67c0     0x14  nrf_strerror.o [1]
  .rodata                 const       0x3'67d4     0x14  nrf_strerror.o [1]
  .rodata                 const       0x3'67e8     0x14  nrf_strerror.o [1]
  .rodata                 const       0x3'67fc     0x14  nrf_strerror.o [1]
  .rodata                 const       0x3'6810     0x14  nrf_strerror.o [1]
  .rodata                 const       0x3'6824     0x14  nrf_strerror.o [1]
  .rodata                 const       0x3'6838     0x14  peer_data_storage.o [1]
  .rodata                 const       0x3'684c     0x14  peer_data_storage.o [1]
  .rodata                 const       0x3'6860     0x14  peer_database.o [1]
  .rodata                 const       0x3'6874     0x14  peer_manager_handler.o [1]
  .rodata                 const       0x3'6888     0x14  peer_manager_handler.o [1]
  .rodata                 const       0x3'689c     0x14  peer_manager_handler.o [1]
  .rodata                 const       0x3'68b0     0x14  rtc.o [1]
  .rodata                 const       0x3'68c4     0x14  security_dispatcher.o [1]
  .rodata                 const       0x3'68d8     0x14  security_dispatcher.o [1]
  .rodata                 const       0x3'68ec     0x14  security_dispatcher.o [1]
  .rodata                 const       0x3'6900     0x14  security_dispatcher.o [1]
  .rodata                 const       0x3'6914     0x14  security_dispatcher.o [1]
  .rodata                 const       0x3'6928     0x14  security_dispatcher.o [1]
  nrf_balloc              const       0x3'693c     0x14  nrf_log_frontend.o [1]
  .rodata                 const       0x3'6950     0x10  ble_date.o [1]
  .rodata                 const       0x3'6960     0x10  id_manager.o [1]
  .rodata                 const       0x3'6970     0x10  main.o [1]
  .rodata                 const       0x3'6980     0x10  main.o [1]
  .rodata                 const       0x3'6990     0x10  main.o [1]
  .rodata                 const       0x3'69a0     0x10  main.o [1]
  .rodata                 const       0x3'69b0     0x10  nrf_ble_gatt.o [1]
  .rodata                 const       0x3'69c0     0x10  nrf_fprintf_format.o [1]
  .rodata                 const       0x3'69d0     0x10  nrf_fstorage.o [1]
  .rodata                 const       0x3'69e0     0x10  nrf_log_default_backends.o [1]
  .rodata                 const       0x3'69f0     0x10  nrf_sdh.o [1]
  .rodata                 const       0x3'6a00     0x10  nrf_sdh.o [1]
  .rodata                 const       0x3'6a10     0x10  nrf_sdh.o [1]
  .rodata                 const       0x3'6a20     0x10  nrf_sdh_soc.o [1]
  .rodata                 const       0x3'6a30     0x10  nrf_strerror.o [1]
  .rodata                 const       0x3'6a40     0x10  nrf_strerror.o [1]
  .rodata                 const       0x3'6a50     0x10  peer_database.o [1]
  .rodata                 const       0x3'6a60     0x10  peer_manager.o [1]
  .rodata                 const       0x3'6a70     0x10  peer_manager.o [1]
  .rodata                 const       0x3'6a80     0x10  peer_manager_handler.o [1]
  .rodata                 const       0x3'6a90     0x10  peer_manager_handler.o [1]
  .rodata                 const       0x3'6aa0     0x10  peer_manager_handler.o [1]
  .rodata                 const       0x3'6ab0     0x10  peer_manager_handler.o [1]
  .rodata                 const       0x3'6ac0     0x10  peer_manager_handler.o [1]
  .rodata                 const       0x3'6ad0     0x10  peer_manager_handler.o [1]
  .rodata                 const       0x3'6ae0     0x10  peer_manager_handler.o [1]
  .rodata                 const       0x3'6af0     0x10  security_dispatcher.o [1]
  .rodata                 const       0x3'6b00     0x10  security_manager.o [1]
  .text                   ro code     0x3'6b10     0x10  iar_startup_nrf52.o [1]
  .text                   ro code     0x3'6b20     0x10  nrfx_prs.o [1]
  log_backends            const       0x3'6b30     0x10  nrf_log_default_backends.o [1]
  sdh_ble_observers2                  0x3'6b40     0x10  <Block>
    sdh_ble_observers2    const       0x3'6b40      0x8  ble_date.o [1]
    sdh_ble_observers2    const       0x3'6b48      0x8  service.o [1]
  sdh_soc_observers0                  0x3'6b50     0x10  <Block>
    sdh_soc_observers0    const       0x3'6b50      0x8  nrf_drv_clock.o [1]
    sdh_soc_observers0    const       0x3'6b58      0x8  nrf_fstorage_sd.o [1]
  sdh_stack_observers0                0x3'6b60     0x10  <Block>
    sdh_stack_observers0  const       0x3'6b60      0x8  nrf_sdh_ble.o [1]
    sdh_stack_observers0  const       0x3'6b68      0x8  nrf_sdh_soc.o [1]
  sdh_state_observers0                0x3'6b70     0x10  <Block>
    sdh_state_observers0  const       0x3'6b70      0x8  nrf_drv_clock.o [1]
    sdh_state_observers0  const       0x3'6b78      0x8  nrf_fstorage_sd.o [1]
  .rodata                 const       0x3'6b80      0xc  advertising.o [1]
  .rodata                 const       0x3'6b8c      0xc  advertising.o [1]
  .rodata                 const       0x3'6b98      0xc  app_freertos.o [1]
  .rodata                 const       0x3'6ba4      0xc  app_freertos.o [1]
  .rodata                 const       0x3'6bb0      0xc  common.o [1]
  .rodata                 const       0x3'6bbc      0xc  main.o [1]
  .rodata                 const       0x3'6bc8      0xc  main.o [1]
  .rodata                 const       0x3'6bd4      0xc  main.o [1]
  .rodata                 const       0x3'6be0      0xc  nrf_fstorage.o [1]
  .rodata                 const       0x3'6bec      0xc  nrf_fstorage_sd.o [1]
  .rodata                 const       0x3'6bf8      0xc  nrf_log_backend_rtt.o [1]
  .rodata                 const       0x3'6c04      0xc  nrf_log_frontend.o [1]
  .rodata                 const       0x3'6c10      0xc  nrf_log_str_formatter.o [1]
  .rodata                 const       0x3'6c1c      0xc  nrf_sdh.o [1]
  .rodata                 const       0x3'6c28      0xc  nrf_sdh.o [1]
  .rodata                 const       0x3'6c34      0xc  nrf_sdh.o [1]
  .rodata                 const       0x3'6c40      0xc  nrf_sdh_ble.o [1]
  .rodata                 const       0x3'6c4c      0xc  nrf_sdh_ble.o [1]
  .rodata                 const       0x3'6c58      0xc  nrf_sdh_soc.o [1]
  .rodata                 const       0x3'6c64      0xc  nrf_sdh_soc.o [1]
  .rodata                 const       0x3'6c70      0xc  nrf_strerror.o [1]
  .rodata                 const       0x3'6c7c      0xc  peer_manager_handler.o [1]
  .rodata                 const       0x3'6c88      0xc  peer_manager_handler.o [1]
  .rodata                 const       0x3'6c94      0xc  peer_manager_handler.o [1]
  .rodata                 const       0x3'6ca0      0xc  peer_manager_handler.o [1]
  .rodata                 const       0x3'6cac      0xc  peer_manager_handler.o [1]
  .rodata                 const       0x3'6cb8      0xc  SEGGER_RTT.o [1]
  .text                   ro code     0x3'6cc4      0xc  cstartup_M.o [4]
  .rodata                 const       0x3'6cd0      0x8  fds.o [1]
  .rodata                 const       0x3'6cd8      0x8  fds.o [1]
  .rodata                 const       0x3'6ce0      0x8  gatt_cache_manager.o [1]
  .rodata                 const       0x3'6ce8      0x8  gatt_cache_manager.o [1]
  .rodata                 const       0x3'6cf0      0x8  gatts_cache_manager.o [1]
  .rodata                 const       0x3'6cf8      0x8  gatts_cache_manager.o [1]
  .rodata                 const       0x3'6d00      0x8  id_manager.o [1]
  .rodata                 const       0x3'6d08      0x8  main.o [1]
  .rodata                 const       0x3'6d10      0x8  main.o [1]
  .rodata                 const       0x3'6d18      0x8  main.o [1]
  .rodata                 const       0x3'6d20      0x8  main.o [1]
  .rodata                 const       0x3'6d28      0x8  nrf_ble_gatt.o [1]
  .rodata                 const       0x3'6d30      0x8  nrf_ble_gatt.o [1]
  .rodata                 const       0x3'6d38      0x8  nrf_ble_gatt.o [1]
  .rodata                 const       0x3'6d40      0x8  nrf_ble_gatt.o [1]
  .rodata                 const       0x3'6d48      0x8  nrf_ble_gatt.o [1]
  .rodata                 const       0x3'6d50      0x8  nrf_drv_clock.o [1]
  .rodata                 const       0x3'6d58      0x8  nrf_fstorage.o [1]
  .rodata                 const       0x3'6d60      0x8  nrf_fstorage.o [1]
  .rodata                 const       0x3'6d68      0x8  nrf_fstorage.o [1]
  .rodata                 const       0x3'6d70      0x8  nrf_log_backend_rtt.o [1]
  .rodata                 const       0x3'6d78      0x8  nrf_log_str_formatter.o [1]
  .rodata                 const       0x3'6d80      0x8  nrf_log_str_formatter.o [1]
  .rodata                 const       0x3'6d88      0x8  nrf_log_str_formatter.o [1]
  .rodata                 const       0x3'6d90      0x8  nrf_log_str_formatter.o [1]
  .rodata                 const       0x3'6d98      0x8  nrf_log_str_formatter.o [1]
  .rodata                 const       0x3'6da0      0x8  nrf_log_str_formatter.o [1]
  .rodata                 const       0x3'6da8      0x8  nrf_log_str_formatter.o [1]
  .rodata                 const       0x3'6db0      0x8  nrf_log_str_formatter.o [1]
  .rodata                 const       0x3'6db8      0x8  nrf_log_str_formatter.o [1]
  .rodata                 const       0x3'6dc0      0x8  nrf_log_str_formatter.o [1]
  .rodata                 const       0x3'6dc8      0x8  nrf_log_str_formatter.o [1]
  .rodata                 const       0x3'6dd0      0x8  nrf_log_str_formatter.o [1]
  .rodata                 const       0x3'6dd8      0x8  nrf_log_str_formatter.o [1]
  .rodata                 const       0x3'6de0      0x8  nrf_log_str_formatter.o [1]
  .rodata                 const       0x3'6de8      0x8  nrf_sdh.o [1]
  .rodata                 const       0x3'6df0      0x8  nrfx_clock.o [1]
  .rodata                 const       0x3'6df8      0x8  peer_database.o [1]
  .rodata                 const       0x3'6e00      0x8  peer_manager.o [1]
  .rodata                 const       0x3'6e08      0x8  peer_manager.o [1]
  .rodata                 const       0x3'6e10      0x8  peer_manager.o [1]
  .rodata                 const       0x3'6e18      0x8  peer_manager_handler.o [1]
  .rodata                 const       0x3'6e20      0x8  peer_manager_handler.o [1]
  .rodata                 const       0x3'6e28      0x8  peer_manager_handler.o [1]
  .rodata                 const       0x3'6e30      0x8  peer_manager_handler.o [1]
  .rodata                 const       0x3'6e38      0x8  peer_manager_handler.o [1]
  .rodata                 const       0x3'6e40      0x8  rtc.o [1]
  .rodata                 const       0x3'6e48      0x8  rtc.o [1]
  .rodata                 const       0x3'6e50      0x8  SEGGER_RTT.o [1]
  .rodata                 const       0x3'6e58      0x8  tasks.o [1]
  .rodata                 const       0x3'6e60      0x8  timers.o [1]
  .rodata                 const       0x3'6e68      0x8  timers.o [1]
  .rodata                 const       0x3'6e70      0x8  twi.o [1]
  .rodata                 const       0x3'6e80      0x8  twi.o [1]
  sdh_ble_observers0                  0x3'6e88      0x8  <Block>
    sdh_ble_observers0    const       0x3'6e88      0x8  ble_conn_state.o [1]
  sdh_ble_observers3                  0x3'6e90      0x8  <Block>
    sdh_ble_observers3    const       0x3'6e90      0x8  main.o [1]
  sdh_req_observers0                  0x3'6e98      0x8  <Block>
    sdh_req_observers0    const       0x3'6e98      0x8  nrf_fstorage_sd.o [1]
  .rodata                 const       0x3'6ea0      0x4  fds.o [1]
  .rodata                 const       0x3'6ea4      0x4  fds.o [1]
  .rodata                 const       0x3'6ea8      0x4  gatt_cache_manager.o [1]
  .rodata                 const       0x3'6eac      0x4  gatt_cache_manager.o [1]
  .rodata                 const       0x3'6eb0      0x4  gatt_cache_manager.o [1]
  .rodata                 const       0x3'6eb4      0x4  gatts_cache_manager.o [1]
  .rodata                 const       0x3'6eb8      0x4  gatts_cache_manager.o [1]
  .rodata                 const       0x3'6ebc      0x4  heap_4.o [1]
  .rodata                 const       0x3'6ec0      0x4  nrf_fprintf.o [1]
  .rodata                 const       0x3'6ec4      0x4  nrf_fstorage_sd.o [1]
  .rodata                 const       0x3'6ec8      0x4  nrf_log_frontend.o [1]
  .rodata                 const       0x3'6ecc      0x4  nrf_sdh.o [1]
  .rodata                 const       0x3'6ed0      0x4  nrf_sdh_ble.o [1]
  .rodata                 const       0x3'6ed4      0x4  nrfx_prs.o [1]
  .rodata                 const       0x3'6ed8      0x4  nrfx_rtc.o [1]
  .rodata                 const       0x3'6edc      0x4  nrfx_twi.o [1]
  .rodata                 const       0x3'6ee0      0x4  nrfx_wdt.o [1]
  .rodata                 const       0x3'6ee4      0x4  peer_data_storage.o [1]
  .rodata                 const       0x3'6ee8      0x4  port_cmsis.o [1]
  .rodata                 const       0x3'6eec      0x4  security_dispatcher.o [1]
  .rodata                 const       0x3'6ef0      0x4  security_manager.o [1]
  .rodata                 const       0x3'6ef4      0x4  service.o [1]
  .text                   ro code     0x3'6ef8      0x2  iar_startup_nrf52.o [1]
  .text                   ro code     0x3'6efa      0x2  iar_startup_nrf52.o [1]
  .text                   ro code     0x3'6efc      0x2  iar_startup_nrf52.o [1]
  .text                   ro code     0x3'6efe      0x2  iar_startup_nrf52.o [1]
  .text                   ro code     0x3'6f00      0x2  iar_startup_nrf52.o [1]
  .text                   ro code     0x3'6f02      0x2  iar_startup_nrf52.o [1]
  .text                   ro code     0x3'6f04      0x2  iar_startup_nrf52.o [1]
  .text                   ro code     0x3'6f06      0x2  iar_startup_nrf52.o [1]
  .text                   ro code     0x3'6f08      0x2  iar_startup_nrf52.o [1]
  .text                   ro code     0x3'6f0a      0x2  iar_startup_nrf52.o [1]
  .text                   ro code     0x3'6f0c      0x2  iar_startup_nrf52.o [1]
  .text                   ro code     0x3'6f0e      0x2  iar_startup_nrf52.o [1]
  .text                   ro code     0x3'6f10      0x2  iar_startup_nrf52.o [1]
  .text                   ro code     0x3'6f12      0x2  iar_startup_nrf52.o [1]
  .text                   ro code     0x3'6f14      0x2  iar_startup_nrf52.o [1]
  .text                   ro code     0x3'6f16      0x2  iar_startup_nrf52.o [1]
  .text                   ro code     0x3'6f18      0x2  iar_startup_nrf52.o [1]
  .text                   ro code     0x3'6f1a      0x2  iar_startup_nrf52.o [1]
  .rodata                 const       0x3'6f1c      0x1  main.o [1]
  .rodata                 const       0x3'6f1d      0x1  main.o [1]
  .rodata                 const       0x3'6f1e      0x1  security_manager.o [1]
  .rodata                 const       0x3'6f1f      0x1  security_manager.o [1]
  .rodata                 const       0x3'6f20      0x0  zero_init3.o [4]
  .rodata                 const       0x3'6f20      0x0  lz77_init_single.o [4]
  Initializer bytes       const       0x3'6f20     0x9a  <for P2-1>
                                    - 0x3'6fba  0x10dba

"P2", part 1 of 3:                                 0xdb
  P2-1                             0x2000'5968     0xdb  <Init block>
    .data                 inited   0x2000'5968      0x4  gatt_cache_manager.o [1]
    .data                 inited   0x2000'596c      0x4  gatts_cache_manager.o [1]
    .data                 inited   0x2000'5970      0x8  nrf_log_default_backends.o [1]
    .data                 inited   0x2000'5978      0x4  nrf_log_frontend.o [1]
    .data                 inited   0x2000'597c     0x14  nrf_log_str_formatter.o [1]
    .data                 inited   0x2000'5990     0x24  nrf_log_str_formatter.o [1]
    .data                 inited   0x2000'59b4      0xc  peer_manager_handler.o [1]
    .data                 inited   0x2000'59c0      0xc  peer_manager_handler.o [1]
    .data                 inited   0x2000'59cc     0x28  peer_manager_handler.o [1]
    .data                 inited   0x2000'59f4      0x8  peer_manager_handler.o [1]
    .data                 inited   0x2000'59fc     0x10  peer_manager_handler.o [1]
    .data                 inited   0x2000'5a0c      0xc  rtc.o [1]
    .data                 inited   0x2000'5a18      0x8  rtc.o [1]
    .data                 inited   0x2000'5a20      0x4  system_nrf52.o [1]
    fs_data               inited   0x2000'5a24     0x14  fds.o [1]
    .data                 inited   0x2000'5a38      0x2  common.o [1]
    .data                 inited   0x2000'5a3a      0x1  peer_manager_handler.o [1]
    .data                 inited   0x2000'5a3b      0x1  security_dispatcher.o [1]
    .data                 inited   0x2000'5a3c      0x1  security_dispatcher.o [1]
    .data                 inited   0x2000'5a3d      0x1  security_dispatcher.o [1]
    .data                 inited   0x2000'5a3e      0x1  security_dispatcher.o [1]
    .data                 inited   0x2000'5a3f      0x1  security_manager.o [1]
    .data                 inited   0x2000'5a40      0x1  security_manager.o [1]
    .data                 inited   0x2000'5a41      0x1  security_manager.o [1]
    .data                 inited   0x2000'5a42      0x1  security_manager.o [1]
                                 - 0x2000'5a43     0xdb

"P2", part 2 of 3:                               0x94cc
  .bss                    zero     0x2000'5a44   0x8000  heap_4.o [1]
  .bss                    zero     0x2000'da44    0x434  advertising.o [1]
  .bss                    zero     0x2000'de78    0x420  nrf_log_frontend.o [1]
  .bss                    zero     0x2000'e298    0x200  SEGGER_RTT.o [1]
  .bss                    zero     0x2000'e498    0x140  peer_database.o [1]
  .bss                    zero     0x2000'e5d8     0xc8  id_manager.o [1]
  .bss                    zero     0x2000'e6a0     0xc0  nrf_log_frontend.o [1]
  .bss                    zero     0x2000'e760     0x8c  fds.o [1]
  .bss                    zero     0x2000'e7ec     0x8c  nrf_fstorage_sd.o [1]
  .bss                    zero     0x2000'e878     0x80  nrf_log_frontend.o [1]
  .bss                    zero     0x2000'e8f8     0x7c  ble_conn_state.o [1]
  .bss                    zero     0x2000'e974     0x78  SEGGER_RTT.o [1]
  .bss                    zero     0x2000'e9ec     0x78  tasks.o [1]
  .bss                    zero     0x2000'ea64     0x40  nrf_log_backend_rtt.o [1]
  .bss                    zero     0x2000'eaa4     0x40  peer_id.o [1]
  .bss                    zero     0x2000'eae4     0x40  security_dispatcher.o [1]
  .bss                    zero     0x2000'eb24     0x3c  nrfx_twi.o [1]
  .bss                    zero     0x2000'eb60     0x30  peer_database.o [1]
  .bss                    zero     0x2000'eb90     0x28  fds.o [1]
  .bss                    zero     0x2000'ebb8     0x20  app_error.o [1]
  .bss                    zero     0x2000'ebd8     0x20  ble_conn_params.o [1]
  .bss                    zero     0x2000'ebf8     0x1c  ble_conn_params.o [1]
  .bss                    zero     0x2000'ec14     0x18  nrf_log_frontend.o [1]
  .bss                    zero     0x2000'ec2c     0x14  ble_conn_params.o [1]
  .bss                    zero     0x2000'ec40     0x14  main.o [1]
  .bss                    zero     0x2000'ec54     0x14  nrf_drv_clock.o [1]
  .bss                    zero     0x2000'ec68     0x14  nrf_fstorage_sd.o [1]
  .bss                    zero     0x2000'ec7c     0x14  tasks.o [1]
  .bss                    zero     0x2000'ec90     0x14  tasks.o [1]
  .bss                    zero     0x2000'eca4     0x14  tasks.o [1]
  .bss                    zero     0x2000'ecb8     0x14  tasks.o [1]
  .bss                    zero     0x2000'eccc     0x14  tasks.o [1]
  .bss                    zero     0x2000'ece0     0x14  timers.o [1]
  .bss                    zero     0x2000'ecf4     0x14  timers.o [1]
  .bss                    zero     0x2000'ed08     0x10  fds.o [1]
  .bss                    zero     0x2000'ed18     0x10  fds.o [1]
  .bss                    zero     0x2000'ed28     0x10  fds.o [1]
  .bss                    zero     0x2000'ed38     0x10  nrf_fstorage_sd.o [1]
  .bss                    zero     0x2000'ed48     0x10  peer_database.o [1]
  .bss                    zero     0x2000'ed58     0x10  queue.o [1]
  .bss                    zero     0x2000'ed68     0x10  SEGGER_RTT.o [1]
  .bss                    zero     0x2000'ed78      0xc  app_util_platform.o [1]
  .bss                    zero     0x2000'ed84      0xc  ble_date.o [1]
  .bss                    zero     0x2000'ed90      0xc  fds.o [1]
  .bss                    zero     0x2000'ed9c      0xc  peer_manager.o [1]
  .bss                    zero     0x2000'eda8      0xc  service.o [1]
  .bss                    zero     0x2000'edb4      0x8  ble_conn_params.o [1]
  .bss                    zero     0x2000'edbc      0x8  fds.o [1]
  .bss                    zero     0x2000'edc4      0x8  fds.o [1]
  .bss                    zero     0x2000'edcc      0x8  fds.o [1]
  .bss                    zero     0x2000'edd4      0x8  heap_4.o [1]
  .bss                    zero     0x2000'eddc      0x8  main.o [1]
  .bss                    zero     0x2000'ede4      0x8  nrf_log_frontend.o [1]
  .bss                    zero     0x2000'edec      0x8  nrf_log_frontend.o [1]
  .bss                    zero     0x2000'edf4      0x8  nrfx_clock.o [1]
  .bss                    zero     0x2000'edfc      0x8  nrfx_prs.o [1]
  .bss                    zero     0x2000'ee04      0x8  peer_data_storage.o [1]
  .bss                    zero     0x2000'ee0c      0x8  rtc.o [1]
  .bss                    zero     0x2000'ee14      0x8  security_manager.o [1]
  .bss                    zero     0x2000'ee1c      0x4  app_freertos.o [1]
  .bss                    zero     0x2000'ee20      0x4  common.o [1]
  .bss                    zero     0x2000'ee24      0x4  common.o [1]
  .bss                    zero     0x2000'ee28      0x4  fds.o [1]
  .bss                    zero     0x2000'ee2c      0x4  fds.o [1]
  .bss                    zero     0x2000'ee30      0x4  fds.o [1]
  .bss                    zero     0x2000'ee34      0x4  fds.o [1]
  .bss                    zero     0x2000'ee38      0x4  fds.o [1]
  .bss                    zero     0x2000'ee3c      0x4  gatt_cache_manager.o [1]
  .bss                    zero     0x2000'ee40      0x4  heap_4.o [1]
  .bss                    zero     0x2000'ee44      0x4  heap_4.o [1]
  .bss                    zero     0x2000'ee48      0x4  heap_4.o [1]
  .bss                    zero     0x2000'ee4c      0x4  heap_4.o [1]
  .bss                    zero     0x2000'ee50      0x4  main.o [1]
  .bss                    zero     0x2000'ee54      0x4  nrf_fstorage_sd.o [1]
  .bss                    zero     0x2000'ee58      0x4  nrf_fstorage_sd.o [1]
  .bss                    zero     0x2000'ee5c      0x4  nrf_sdh_freertos.o [1]
  .bss                    zero     0x2000'ee60      0x4  nrf_sdh_freertos.o [1]
  .bss                    zero     0x2000'ee64      0x4  nrfx_rtc.o [1]
  .bss                    zero     0x2000'ee68      0x4  nrfx_rtc.o [1]
  .bss                    zero     0x2000'ee6c      0x4  nrfx_wdt.o [1]
  .bss                    zero     0x2000'ee70      0x4  peer_database.o [1]
  .bss                    zero     0x2000'ee74      0x4  peer_manager.o [1]
  .bss                    zero     0x2000'ee78      0x4  peer_manager.o [1]
  .bss                    zero     0x2000'ee7c      0x4  peer_manager_handler.o [1]
  .bss                    zero     0x2000'ee80      0x4  port_cmsis.o [1]
  .bss                    zero     0x2000'ee84      0x4  rtc.o [1]
  .bss                    zero     0x2000'ee88      0x4  rtc.o [1]
  .bss                    zero     0x2000'ee8c      0x4  rtc.o [1]
  .bss                    zero     0x2000'ee90      0x4  security_manager.o [1]
  .bss                    zero     0x2000'ee94      0x4  security_manager.o [1]
  .bss                    zero     0x2000'ee98      0x4  tasks.o [1]
  .bss                    zero     0x2000'ee9c      0x4  tasks.o [1]
  .bss                    zero     0x2000'eea0      0x4  tasks.o [1]
  .bss                    zero     0x2000'eea4      0x4  tasks.o [1]
  .bss                    zero     0x2000'eea8      0x4  tasks.o [1]
  .bss                    zero     0x2000'eeac      0x4  tasks.o [1]
  .bss                    zero     0x2000'eeb0      0x4  tasks.o [1]
  .bss                    zero     0x2000'eeb4      0x4  tasks.o [1]
  .bss                    zero     0x2000'eeb8      0x4  tasks.o [1]
  .bss                    zero     0x2000'eebc      0x4  tasks.o [1]
  .bss                    zero     0x2000'eec0      0x4  tasks.o [1]
  .bss                    zero     0x2000'eec4      0x4  tasks.o [1]
  .bss                    zero     0x2000'eec8      0x4  tasks.o [1]
  .bss                    zero     0x2000'eecc      0x4  tasks.o [1]
  .bss                    zero     0x2000'eed0      0x4  tasks.o [1]
  .bss                    zero     0x2000'eed4      0x4  timers.o [1]
  .bss                    zero     0x2000'eed8      0x4  timers.o [1]
  .bss                    zero     0x2000'eedc      0x4  timers.o [1]
  .bss                    zero     0x2000'eee0      0x4  timers.o [1]
  .bss                    zero     0x2000'eee4      0x4  timers.o [1]
  .bss                    zero     0x2000'eee8      0x2  fds.o [1]
  .bss                    zero     0x2000'eeea      0x2  gatts_cache_manager.o [1]
  .bss                    zero     0x2000'eeec      0x2  gatts_cache_manager.o [1]
  .bss                    zero     0x2000'eeee      0x2  peer_manager.o [1]
  .bss                    zero     0x2000'eef0      0x1  ble_date.o [1]
  .bss                    zero     0x2000'eef1      0x1  gatt_cache_manager.o [1]
  .bss                    zero     0x2000'eef2      0x1  gatt_cache_manager.o [1]
  .bss                    zero     0x2000'eef3      0x1  gatt_cache_manager.o [1]
  .bss                    zero     0x2000'eef4      0x1  gatt_cache_manager.o [1]
  .bss                    zero     0x2000'eef5      0x1  gatt_cache_manager.o [1]
  .bss                    zero     0x2000'eef6      0x1  gatt_cache_manager.o [1]
  .bss                    zero     0x2000'eef7      0x1  gatt_cache_manager.o [1]
  .bss                    zero     0x2000'eef8      0x1  gatt_cache_manager.o [1]
  .bss                    zero     0x2000'eef9      0x1  gatts_cache_manager.o [1]
  .bss                    zero     0x2000'eefa      0x1  nrf_log_backend_rtt.o [1]
  .bss                    zero     0x2000'eefb      0x1  nrf_sdh.o [1]
  .bss                    zero     0x2000'eefc      0x1  nrf_sdh.o [1]
  .bss                    zero     0x2000'eefd      0x1  nrf_sdh.o [1]
  .bss                    zero     0x2000'eefe      0x1  nrf_sdh_ble.o [1]
  .bss                    zero     0x2000'eeff      0x1  nrfx_wdt.o [1]
  .bss                    zero     0x2000'ef00      0x1  nrfx_wdt.o [1]
  .bss                    zero     0x2000'ef01      0x1  peer_data_storage.o [1]
  .bss                    zero     0x2000'ef02      0x1  peer_data_storage.o [1]
  .bss                    zero     0x2000'ef03      0x1  peer_database.o [1]
  .bss                    zero     0x2000'ef04      0x1  peer_database.o [1]
  .bss                    zero     0x2000'ef05      0x1  peer_manager.o [1]
  .bss                    zero     0x2000'ef06      0x1  peer_manager.o [1]
  .bss                    zero     0x2000'ef07      0x1  peer_manager.o [1]
  .bss                    zero     0x2000'ef08      0x1  peer_manager.o [1]
  .bss                    zero     0x2000'ef09      0x1  peer_manager_handler.o [1]
  .bss                    zero     0x2000'ef0a      0x1  security_dispatcher.o [1]
  .bss                    zero     0x2000'ef0b      0x1  security_manager.o [1]
  .bss                    zero     0x2000'ef0c      0x1  security_manager.o [1]
                                 - 0x2000'ef0d   0x94c9

"P2", part 3 of 3:                                0x800
  CSTACK                           0x2000'ef10    0x800  <Block>
    CSTACK                uninit   0x2000'ef10    0x800  <Block tail>
                                 - 0x2000'f710    0x800

Unused ranges:

         From           To      Size
         ----           --      ----
     0x3'6fba     0x7'ffff  0x4'9046
  0x2000'5a43  0x2000'5a43       0x1
  0x2000'f710  0x2000'ffff     0x8f0


*******************************************************************************
*** INIT TABLE
***

          Address      Size
          -------      ----
Zero (__iar_zero_init3)
    1 destination range, total size 0x94c9:
          0x2000'5a44  0x94c9

Copy/lz77 (__iar_lz77_init_single3)
    1 source range, total size 0x9a (70% of destination):
             0x3'6f20    0x9a
    1 destination range, total size 0xdb:
          0x2000'5968    0xdb



*******************************************************************************
*** MODULE SUMMARY
***

    Module                      ro code  ro data  rw data
    ------                      -------  -------  -------
command line/config:
    -----------------------------------------------------
    Total:

D:\nRF5_SDK_15.2.0_9412b96\sdk17\project\iar\Debug\Obj: [1]
    SEGGER_RTT.o                    472       20      648
    advertising.o                   584      432    1 076
    app_error.o                     104                32
    app_error_handler_iar.o          30
    app_error_weak.o                280      180
    app_freertos.o                  232       24        4
    app_timer_freertos.o            444
    app_util_platform.o             170                12
    ble_advdata.o                 1 882
    ble_advertising.o             1 360
    ble_conn_params.o               872        8       88
    ble_conn_state.o                976       80      124
    ble_date.o                      416       44       13
    ble_srv_common.o                720
    common.o                         92       61       10
    event_groups.o                  392
    fds.o                         5 024       38      306
    gatt_cache_manager.o          2 312      922       16
    gatts_cache_manager.o           780      467        9
    heap_4.o                        508        4   32 792
    iar_startup_nrf52.o             600
    id_manager.o                  1 216       32      200
    list.o                          152
    main.o                        1 564      542       32
    nrf_atfifo.o                    418
    nrf_atflags.o                   190
    nrf_atomic.o                    248
    nrf_balloc.o                    222
    nrf_ble_gatt.o                1 004      392
    nrf_ble_qwr.o                   306
    nrf_drv_clock.o                 560       32       20
    nrf_fprintf.o                    60        4
    nrf_fprintf_format.o          1 018       16
    nrf_fstorage.o                  830      428
    nrf_fstorage_sd.o               968       72      184
    nrf_log_backend_rtt.o           172       20       65
    nrf_log_backend_serial.o        212
    nrf_log_default_backends.o       40       38        8
    nrf_log_frontend.o            1 948       67    1 420
    nrf_log_str_formatter.o         644      187       56
    nrf_memobj.o                    402
    nrf_ringbuf.o                    38
    nrf_sdh.o                       864      176        3
    nrf_sdh_ble.o                   352      152        1
    nrf_sdh_freertos.o              172      144        8
    nrf_sdh_soc.o                    80      132
    nrf_section_iter.o               98
    nrf_strerror.o                   84    1 320
    nrfx_clock.o                    548       16        8
    nrfx_prs.o                       16       12        8
    nrfx_rtc.o                      724       12        8
    nrfx_twi.o                    1 344       12       60
    nrfx_wdt.o                      376       12        6
    peer_data_storage.o           1 564      348       10
    peer_database.o               1 620      580      390
    peer_id.o                       440                64
    peer_manager.o                1 840      544       26
    peer_manager_handler.o        1 776    1 707       94
    pm_buffer.o                     362
    port.o                          170
    port_cmsis.o                    220        4        4
    port_cmsis_systick.o            312
    queue.o                       1 758                16
    rtc.o                           820       50       40
    security_dispatcher.o         2 440    1 059       69
    security_manager.o            1 842      525       22
    service.o                        72       60       12
    system_nrf52.o                1 576        3        4
    tasks.o                       2 996        8      280
    timers.o                        984       16       60
    twi.o                         1 124       16
    -----------------------------------------------------
    Total:                       57 036   11 018   38 308

dl7M_tln.a: [2]
    exit.o                            4
    isprint.o                        62
    low_level_init.o                  4
    -----------------------------------------------------
    Total:                           70

m7M_tls.a: [3]
    fpinit_M.o                       34
    -----------------------------------------------------
    Total:                           34

rt7M_tl.a: [4]
    ABImemclr4.o                      6
    ABImemcpy.o                     166
    ABImemset.o                     102
    ABImemset48.o                    50
    I64DivMod.o                     560
    I64DivZer.o                       2
    cexit.o                          10
    cmain.o                          30
    cstartup_M.o                     12
    data_init.o                      40
    lz77_init_single.o              122
    memcmp.o                        104
    strcpy.o                         24
    strlen.o                         54
    zero_init3.o                     58
    -----------------------------------------------------
    Total:                        1 340

shb_l.a: [5]
    exit.o                           20
    -----------------------------------------------------
    Total:                           20

    Gaps                                      12
    Linker created                            32    2 048
---------------------------------------------------------
    Grand Total:                 58 500   11 062   40 356


*******************************************************************************
*** ENTRY LIST
***

Entry                       Address    Size  Type      Object
-----                       -------    ----  ----      ------
.iar.init_table$$Base      0x3'609c           --   Gb  - Linker created -
.iar.init_table$$Limit     0x3'60bc           --   Gb  - Linker created -
?main                      0x3'6301          Code  Gb  cmain.o [4]
CSTACK$$Base            0x2000'ef10           --   Gb  - Linker created -
CSTACK$$Limit           0x2000'f710           --   Gb  - Linker created -
CommonWatchDogInit         0x2'c98f    0x2e  Code  Gb  common.o [1]
HardFault_Handler          0x2'a05f    0x18  Code  Gb  main.o [1]
I2cSimulationAck           0x2'cd3d    0x38  Code  Gb  twi.o [1]
I2cSimulationInit          0x2'cbd7    0x3c  Code  Gb  twi.o [1]
I2cSimulationNoAck         0x2'cd75    0x38  Code  Gb  twi.o [1]
I2cSimulationReadByte      0x2'cdad    0x62  Code  Gb  twi.o [1]
I2cSimulationSendByte      0x2'cc13    0x68  Code  Gb  twi.o [1]
I2cSimulationStart         0x2'cc7b    0x38  Code  Gb  twi.o [1]
I2cSimulationStop          0x2'ccb3    0x38  Code  Gb  twi.o [1]
I2cSimulationWaitAck       0x2'cceb    0x52  Code  Gb  twi.o [1]
I2c_Rx                     0x2'cb59    0x7e  Code  Gb  twi.o [1]
I2c_Tx                     0x2'cae3    0x76  Code  Gb  twi.o [1]
POWER_CLOCK_IRQHandler     0x3'0b03    0x52  Code  Gb  nrfx_clock.o [1]
PendSV_Handler             0x2'a2f1    0x5e  Code  Gb  port.o [1]
RTC1_IRQHandler            0x2'a1f1    0x5c  Code  Gb  port_cmsis_systick.o [1]
RTC2_IRQHandler            0x3'2a77     0xe  Code  Gb  nrfx_rtc.o [1]
RTC2_init                  0x3'11c7    0x46  Code  Gb  rtc.o [1]
RTCUpdateSem            0x2000'ee88     0x4  Data  Gb  rtc.o [1]
RTCUpdateTaskHandle     0x2000'ee8c     0x4  Data  Gb  rtc.o [1]
RTCUpdateTaskHandler       0x3'13ff    0x3c  Code  Gb  rtc.o [1]
Region$$Table$$Base        0x3'609c           --   Gb  - Linker created -
Region$$Table$$Limit       0x3'60bc           --   Gb  - Linker created -
SEGGER_RTT_Init            0x3'2675     0x8  Code  Gb  SEGGER_RTT.o [1]
SEGGER_RTT_WriteNoLock     0x3'2609    0x6c  Code  Gb  SEGGER_RTT.o [1]
SPIM0_SPIS0_TWIM0_TWIS0_SPI0_TWI0_IRQHandler
                           0x3'3f6d     0xc  Code  Gb  nrfx_twi.o [1]
SVC_Handler                0x2'a2cd    0x22  Code  Gb  port.o [1]
SWI2_EGU2_IRQHandler       0x2'cf15    0x2a  Code  Gb  nrf_sdh_freertos.o [1]
StartTask_Handle        0x2000'ee1c     0x4  Data  Gb  app_freertos.o [1]
Start_Task                 0x2'ce2d    0x8c  Code  Gb  app_freertos.o [1]
SystemCoreClock         0x2000'5a20     0x4  Data  Gb  system_nrf52.o [1]
SystemCoreClockUpdate      0x3'377f     0x8  Code  Gb  system_nrf52.o [1]
SystemInit                 0x3'3787   0x1b8  Code  Gb  system_nrf52.o [1]
UARTE0_UART0_IRQHandler
                           0x3'6b21     0xa  Code  Gb  nrfx_prs.o [1]
WDT_IRQHandler             0x3'1849    0x1e  Code  Gb  nrfx_wdt.o [1]
WdtFeedTask                0x2'c96d    0x22  Code  Gb  common.o [1]
_DoInit                    0x3'24b9    0x5c  Code  Lc  SEGGER_RTT.o [1]
_GetAvailWriteSpace        0x3'25eb    0x1a  Code  Lc  SEGGER_RTT.o [1]
_NRFX_IRQ_ENABLE           0x3'09af     0xa  Code  Lc  nrfx_clock.o [1]
_NRFX_IRQ_ENABLE           0x3'281f     0xa  Code  Lc  nrfx_rtc.o [1]
_NRFX_IRQ_ENABLE           0x3'17e9     0xa  Code  Lc  nrfx_wdt.o [1]
_NRFX_IRQ_IS_ENABLED       0x3'09b9    0x26  Code  Lc  nrfx_clock.o [1]
_NRFX_IRQ_PRIORITY_SET     0x3'09a3     0xc  Code  Lc  nrfx_clock.o [1]
_NRFX_IRQ_PRIORITY_SET     0x3'2813     0xc  Code  Lc  nrfx_rtc.o [1]
_NRFX_IRQ_PRIORITY_SET     0x3'17dd     0xc  Code  Lc  nrfx_wdt.o [1]
_SEGGER_RTT             0x2000'e974    0x78  Data  Gb  SEGGER_RTT.o [1]
_WriteBlocking             0x3'2515    0x82  Code  Lc  SEGGER_RTT.o [1]
_WriteNoCheck              0x3'2597    0x54  Code  Lc  SEGGER_RTT.o [1]
__ICFEDIT_region_RAM_end__ {Abs}
                        0x2000'ffff          Data  Gb  <internal module>
__ICFEDIT_region_RAM_start__ {Abs}
                        0x2000'5968          Data  Gb  <internal module>
__NVIC_DisableIRQ          0x2'bc9d    0x26  Code  Lc  nrf_drv_clock.o [1]
__NVIC_DisableIRQ          0x2'b3c7    0x26  Code  Lc  nrf_sdh.o [1]
__NVIC_EnableIRQ           0x2'b3a9    0x1e  Code  Lc  nrf_sdh.o [1]
__NVIC_EnableIRQ           0x3'095d    0x1c  Code  Lc  nrfx_clock.o [1]
__NVIC_EnableIRQ           0x3'27cd    0x1e  Code  Lc  nrfx_rtc.o [1]
__NVIC_EnableIRQ           0x3'179d    0x1c  Code  Lc  nrfx_wdt.o [1]
__NVIC_EnableIRQ           0x2'a16d    0x1c  Code  Lc  port_cmsis_systick.o [1]
__NVIC_GetPriority         0x2'b3ed    0x28  Code  Lc  nrf_sdh.o [1]
__NVIC_SetPriority         0x3'0979    0x24  Code  Lc  nrfx_clock.o [1]
__NVIC_SetPriority         0x3'27eb    0x28  Code  Lc  nrfx_rtc.o [1]
__NVIC_SetPriority         0x3'17b9    0x24  Code  Lc  nrfx_wdt.o [1]
__NVIC_SetPriority         0x2'969d    0x24  Code  Lc  port_cmsis.o [1]
__NVIC_SetPriority         0x2'a189    0x24  Code  Lc  port_cmsis_systick.o [1]
__NVIC_SystemReset         0x3'3421    0x1e  Code  Lc  system_nrf52.o [1]
__Vectors                  0x2'6000           --   Gb  iar_startup_nrf52.o [1]
__Vectors_End              0x2'6200          Data  Gb  iar_startup_nrf52.o [1]
__Vectors_Size {Abs}          0x200           --   Gb  iar_startup_nrf52.o [1]
__aeabi_ldiv0              0x3'2f6d          Code  Gb  I64DivZer.o [4]
__aeabi_memclr4            0x2'7c95          Code  Gb  ABImemclr4.o [4]
__aeabi_memcpy             0x2'87ad          Code  Gb  ABImemcpy.o [4]
__aeabi_memcpy4            0x2'87cd          Code  Gb  ABImemcpy.o [4]
__aeabi_memcpy8            0x2'87cd          Code  Gb  ABImemcpy.o [4]
__aeabi_memset             0x2'7c2d          Code  Gb  ABImemset.o [4]
__aeabi_uldivmod           0x3'2aa1          Code  Gb  I64DivMod.o [4]
__cmain                    0x3'6301          Code  Gb  cmain.o [4]
__exit                     0x3'6335    0x14  Code  Gb  exit.o [5]
__iar_Memset               0x2'7c2d          Code  Gb  ABImemset.o [4]
__iar_Memset4_word         0x2'8439          Code  Gb  ABImemset48.o [4]
__iar_Memset8_word         0x2'8439          Code  Gb  ABImemset48.o [4]
__iar_Memset_word          0x2'7c35          Code  Gb  ABImemset.o [4]
__iar_data_init3           0x3'5ee9    0x28  Code  Gb  data_init.o [4]
__iar_init_vfp             0x3'6079          Code  Gb  fpinit_M.o [3]
__iar_lz77_init_single3
                           0x2'78df    0x7a  Code  Gb  lz77_init_single.o [4]
__iar_program_start        0x3'6cc5          Code  Gb  cstartup_M.o [4]
__iar_zero_init3           0x2'7bf3    0x3a  Code  Gb  zero_init3.o [4]
__low_level_init           0x3'631f     0x4  Code  Gb  low_level_init.o [2]
__sd_nvic_app_accessible_irq
                           0x2'b419    0x36  Code  Lc  nrf_sdh.o [1]
__sd_nvic_irq_disable      0x2'8625     0x8  Code  Lc  app_util_platform.o [1]
__sd_nvic_irq_enable       0x2'862d     0x4  Code  Lc  app_util_platform.o [1]
__sd_nvic_is_app_accessible_priority
                           0x2'b44f    0x14  Code  Lc  nrf_sdh.o [1]
__vector_table             0x2'6000          Data  Gb  iar_startup_nrf52.o [1]
_acDownBuffer           0x2000'ed68    0x10  Data  Lc  SEGGER_RTT.o [1]
_acUpBuffer             0x2000'e298   0x200  Data  Lc  SEGGER_RTT.o [1]
_call_main                 0x3'630d          Code  Gb  cmain.o [4]
_conn_secure               0x2'c235   0x11e  Code  Lc  peer_manager_handler.o [1]
_exit                      0x3'6329          Code  Gb  cexit.o [4]
_main                      0x3'631b          Code  Gb  cmain.o [4]
addr_compare               0x2'd921    0x3a  Code  Gb  id_manager.o [1]
addr_is_aligned32          0x2'78bb    0x10  Code  Lc  nrf_fstorage.o [1]
addr_is_page_aligned       0x2'78cb    0x14  Code  Lc  nrf_fstorage.o [1]
addr_is_valid              0x2'cfc7    0x18  Code  Lc  ble_advertising.o [1]
addr_is_within_bounds      0x2'78a1    0x1a  Code  Lc  nrf_fstorage.o [1]
address_is_valid           0x2'630b    0x28  Code  Lc  fds.o [1]
adv_mode_next_avail_get
                           0x2'd067    0x64  Code  Lc  ble_advertising.o [1]
adv_mode_next_get          0x2'cfdf    0x12  Code  Lc  ble_advertising.o [1]
adv_set_data_size_max_get
                           0x2'd23f    0x12  Code  Lc  ble_advertising.o [1]
advertising_all_params_init
                           0x2'abb7    0x74  Code  Gb  advertising.o [1]
advertising_free_stop      0x2'ab5b    0x2e  Code  Gb  advertising.o [1]
advertising_start          0x2'ab2f    0x2c  Code  Gb  advertising.o [1]
ah                         0x2'dcf5    0x5a  Code  Gb  id_manager.o [1]
allow_repairing            0x2'fad1    0x10  Code  Lc  security_dispatcher.o [1]
app_error_fault_handler
                           0x3'0845   0x118  Code  Wk  app_error_weak.o [1]
app_error_handler          0x2'bc7d    0x1e  Code  Gb  app_error_handler_iar.o [1]
app_error_save_and_stop
                           0x3'2765    0x60  Code  Gb  app_error.o [1]
app_error_save_and_stop::m_error_data
                        0x2000'ebb8    0x20  Data  Lc  app_error.o [1]
app_timer_callback         0x3'0b81    0x24  Code  Lc  app_timer_freertos.o [1]
app_timer_create           0x3'0ba5    0x78  Code  Gb  app_timer_freertos.o [1]
app_timer_start            0x3'0c1d    0xae  Code  Gb  app_timer_freertos.o [1]
app_timer_stop             0x3'0ccb    0x66  Code  Gb  app_timer_freertos.o [1]
app_util_critical_region_enter
                           0x2'86bd     0x8  Code  Gb  app_util_platform.o [1]
app_util_critical_region_exit
                           0x2'86c5     0xa  Code  Gb  app_util_platform.o [1]
appearance_encode          0x3'1a61    0x4e  Code  Lc  ble_advdata.o [1]
apply_pending_flags_check
                           0x2'ee93    0x14  Code  Lc  gatt_cache_manager.o [1]
apply_pending_handle       0x2'ee89     0xa  Code  Lc  gatt_cache_manager.o [1]
auth_status_failure_process
                           0x3'0095    0x14  Code  Lc  security_dispatcher.o [1]
auth_status_process        0x3'00a9    0x14  Code  Lc  security_dispatcher.o [1]
auth_status_success_process
                           0x2'fedd   0x1b8  Code  Lc  security_dispatcher.o [1]
backend_id_assign          0x2'835f    0x3a  Code  Lc  nrf_log_frontend.o [1]
ble_adv_error_handler      0x2'ab89    0x2e  Code  Lc  advertising.o [1]
ble_adv_error_handler::__func__
                           0x3'64ac    0x18  Data  Lc  advertising.o [1]
ble_advdata_encode         0x3'1e3b   0x17c  Code  Gb  ble_advdata.o [1]
ble_advdata_parse          0x3'2045    0x2a  Code  Gb  ble_advdata.o [1]
ble_advdata_search         0x3'1fb7    0x8e  Code  Gb  ble_advdata.o [1]
ble_advertising_conn_cfg_tag_set
                           0x2'd251     0x6  Code  Gb  ble_advertising.o [1]
ble_advertising_init       0x2'd257    0xf4  Code  Gb  ble_advertising.o [1]
ble_advertising_on_ble_evt
                           0x2'd4dd    0x34  Code  Gb  ble_advertising.o [1]
ble_advertising_start      0x2'd35f   0x17e  Code  Gb  ble_advertising.o [1]
ble_conn_params_init       0x2'c02b    0x78  Code  Gb  ble_conn_params.o [1]
ble_conn_state_central_handles
                           0x2'd7b9    0x1c  Code  Gb  ble_conn_state.o [1]
ble_conn_state_encrypted
                           0x2'd759    0x20  Code  Gb  ble_conn_state.o [1]
ble_conn_state_for_each_set_user_flag
                           0x2'd895    0x2c  Code  Gb  ble_conn_state.o [1]
ble_conn_state_lesc        0x2'd799    0x20  Code  Gb  ble_conn_state.o [1]
ble_conn_state_mitm_protected
                           0x2'd779    0x20  Code  Gb  ble_conn_state.o [1]
ble_conn_state_role        0x2'd6fd    0x2e  Code  Gb  ble_conn_state.o [1]
ble_conn_state_status      0x2'd72b    0x2e  Code  Gb  ble_conn_state.o [1]
ble_conn_state_user_flag_acquire
                           0x2'd7d5    0x16  Code  Gb  ble_conn_state.o [1]
ble_conn_state_user_flag_get
                           0x2'd7eb    0x36  Code  Gb  ble_conn_state.o [1]
ble_conn_state_user_flag_set
                           0x2'd821    0x38  Code  Gb  ble_conn_state.o [1]
ble_conn_state_valid       0x2'd6e3    0x1a  Code  Gb  ble_conn_state.o [1]
ble_date_init              0x3'1475    0x1e  Code  Gb  ble_date.o [1]
ble_date_lvl_on_reconnection_update
                           0x3'1559    0x3a  Code  Lc  ble_date.o [1]
ble_date_notification      0x3'153d    0x1c  Code  Gb  ble_date.o [1]
ble_date_notification_enabled
                        0x2000'eef0     0x1  Data  Gb  ble_date.o [1]
ble_date_on_ble_evt        0x3'15cd    0x2a  Code  Lc  ble_date.o [1]
ble_date_service_init      0x3'1493    0xaa  Code  Gb  ble_date.o [1]
ble_device_addr_encode     0x3'1921    0x70  Code  Lc  ble_advdata.o [1]
ble_evt_handler            0x2'c1ef    0x30  Code  Lc  ble_conn_params.o [1]
ble_evt_handler            0x2'd617    0xcc  Code  Lc  ble_conn_state.o [1]
ble_evt_handler            0x2'9b87   0x24e  Code  Lc  main.o [1]
ble_evt_handler            0x2'ae81    0x22  Code  Lc  peer_manager.o [1]
ble_evt_handler::__func__
                           0x3'6970    0x10  Data  Lc  main.o [1]
ble_srv_is_notification_enabled
                           0x3'0d4b     0xc  Code  Gb  ble_srv_common.o [1]
[...]
rtc2                       0x3'6e40     0x8  Data  Gb  rtc.o [1]
rtc2_handler               0x3'1157    0x70  Code  Lc  rtc.o [1]
rtt_log_backend            0x3'6b30    0x10  Data  Lc  nrf_log_default_backends.o [1]
sc_send_pending_handle     0x2'eecd    0x20  Code  Lc  gatt_cache_manager.o [1]
sd_nvic_DisableIRQ         0x2'b4c1    0x48  Code  Lc  nrf_sdh.o [1]
sd_nvic_EnableIRQ          0x2'b463    0x5e  Code  Lc  nrf_sdh.o [1]
sd_nvic_critical_region_enter
                           0x2'8631    0x42  Code  Lc  app_util_platform.o [1]
sd_nvic_critical_region_exit
                           0x2'8673    0x30  Code  Lc  app_util_platform.o [1]
sd_state_evt_handler       0x2'be65    0x52  Code  Lc  nrf_drv_clock.o [1]
sdh_ble_observers          0x3'6c4c     0xc  Data  Lc  nrf_sdh_ble.o [1]
sdh_ble_observers0$$Base
                           0x3'6e88           --   Gb  - Linker created -
sdh_ble_observers0$$Limit
                           0x3'6e90           --   Gb  - Linker created -
sdh_ble_observers1$$Base
                           0x3'62e0           --   Gb  - Linker created -
sdh_ble_observers1$$Limit
                           0x3'6300           --   Gb  - Linker created -
sdh_ble_observers2$$Base
                           0x3'6b40           --   Gb  - Linker created -
sdh_ble_observers2$$Limit
                           0x3'6b50           --   Gb  - Linker created -
sdh_ble_observers3$$Base
                           0x3'6e90           --   Gb  - Linker created -
sdh_ble_observers3$$Limit
                           0x3'6e98           --   Gb  - Linker created -
sdh_ble_observers_array
                           0x3'6180    0x20  Data  Lc  nrf_sdh_ble.o [1]
sdh_req_observers          0x3'6c1c     0xc  Data  Lc  nrf_sdh.o [1]
sdh_req_observers0$$Base
                           0x3'6e98           --   Gb  - Linker created -
sdh_req_observers0$$Limit
                           0x3'6ea0           --   Gb  - Linker created -
sdh_req_observers1$$Base
                                0x0           --   Gb  - Linker created -
sdh_req_observers1$$Limit
                                0x0           --   Gb  - Linker created -
sdh_req_observers_array
                           0x3'69f0    0x10  Data  Lc  nrf_sdh.o [1]
sdh_request_observer_notify
                           0x2'b509    0x3c  Code  Lc  nrf_sdh.o [1]
sdh_soc_observers          0x3'6c64     0xc  Data  Lc  nrf_sdh_soc.o [1]
sdh_soc_observers0$$Base
                           0x3'6b50           --   Gb  - Linker created -
sdh_soc_observers0$$Limit
                           0x3'6b60           --   Gb  - Linker created -
sdh_soc_observers1$$Base
                                0x0           --   Gb  - Linker created -
sdh_soc_observers1$$Limit
                                0x0           --   Gb  - Linker created -
sdh_soc_observers_array
                           0x3'6a20    0x10  Data  Lc  nrf_sdh_soc.o [1]
sdh_stack_observers        0x3'6c34     0xc  Data  Lc  nrf_sdh.o [1]
sdh_stack_observers0$$Base
                           0x3'6b60           --   Gb  - Linker created -
sdh_stack_observers0$$Limit
                           0x3'6b70           --   Gb  - Linker created -
sdh_stack_observers1$$Base
                                0x0           --   Gb  - Linker created -
sdh_stack_observers1$$Limit
                                0x0           --   Gb  - Linker created -
sdh_stack_observers_array
                           0x3'6a10    0x10  Data  Lc  nrf_sdh.o [1]
sdh_state_observer_notify
                           0x2'b545    0x30  Code  Lc  nrf_sdh.o [1]
sdh_state_observers        0x3'6c28     0xc  Data  Lc  nrf_sdh.o [1]
sdh_state_observers0$$Base
                           0x3'6b70           --   Gb  - Linker created -
sdh_state_observers0$$Limit
                           0x3'6b80           --   Gb  - Linker created -
sdh_state_observers1$$Base
                                0x0           --   Gb  - Linker created -
sdh_state_observers1$$Limit
                                0x0           --   Gb  - Linker created -
sdh_state_observers_array
                           0x3'6a00    0x10  Data  Lc  nrf_sdh.o [1]
sec_info_request_process
                           0x2'fcf3    0xfe  Code  Lc  security_dispatcher.o [1]
sec_keyset_fill            0x3'0191    0xc4  Code  Lc  security_dispatcher.o [1]
sec_keyset_fill::__func__
                           0x3'6af0    0x10  Data  Lc  security_dispatcher.o [1]
sec_params              0x2000'eddc     0x8  Data  Gb  main.o [1]
sec_params_request_process
                           0x2'fe77    0x32  Code  Lc  security_dispatcher.o [1]
sec_params_verify          0x2'e965    0xd2  Code  Lc  security_manager.o [1]
sec_proc_start             0x2'fc89    0x6a  Code  Lc  security_dispatcher.o [1]
sec_procedure              0x2'faa1    0x10  Code  Lc  security_dispatcher.o [1]
sec_req_process            0x2'e7c5    0x80  Code  Lc  security_manager.o [1]
sec_start_send             0x2'fb05    0x26  Code  Lc  security_dispatcher.o [1]
send_config_req            0x2'fdf1    0x26  Code  Lc  security_dispatcher.o [1]
send_error_evt             0x2'bf89    0x12  Code  Lc  ble_conn_params.o [1]
send_params_req            0x2'fe53    0x24  Code  Lc  security_dispatcher.o [1]
send_storage_full_evt      0x2'fb4f    0x20  Code  Lc  security_dispatcher.o [1]
send_unexpected_error      0x2'eb6d    0x24  Code  Lc  gatt_cache_manager.o [1]
send_unexpected_error      0x2'de5d    0x24  Code  Lc  peer_data_storage.o [1]
send_unexpected_error      0x2'fb2b    0x24  Code  Lc  security_dispatcher.o [1]
send_unexpected_error      0x2'e45b    0x28  Code  Lc  security_manager.o [1]
send_update_request        0x2'bf9b    0x24  Code  Lc  ble_conn_params.o [1]
serial_tx                  0x3'07cd    0x54  Code  Lc  nrf_log_backend_rtt.o [1]
service_changed_cccd       0x2'ed21    0x82  Code  Lc  gatt_cache_manager.o [1]
service_changed_needed     0x2'ef01    0x22  Code  Lc  gatt_cache_manager.o [1]
service_changed_pending_flags_check
                           0x2'eeed    0x14  Code  Lc  gatt_cache_manager.o [1]
service_changed_pending_set
                           0x3'045b    0x88  Code  Lc  gatts_cache_manager.o [1]
service_changed_pending_set::service_changed_pending
                           0x3'6eb4     0x4  Data  Lc  gatts_cache_manager.o [1]
service_changed_send_in_evt
                           0x2'eda3    0xe6  Code  Lc  gatt_cache_manager.o [1]
service_data_encode        0x3'1d89    0xb2  Code  Lc  ble_advdata.o [1]
service_date_init          0x2'c95d    0x10  Code  Gb  service.o [1]
service_init               0x2'c931    0x1c  Code  Gb  service.o [1]
set_adv_mode_directed      0x2'd0ed    0x30  Code  Lc  ble_advertising.o [1]
set_adv_mode_directed_high_duty
                           0x2'd0cb    0x22  Code  Lc  ble_advertising.o [1]
set_adv_mode_fast          0x2'd169    0x58  Code  Lc  ble_advertising.o [1]
set_adv_mode_slow          0x2'd1c1    0x58  Code  Lc  ble_advertising.o [1]
set_security_req           0x3'0d57    0xbc  Code  Lc  ble_srv_common.o [1]
severity_names          0x2000'597c    0x14  Data  Lc  nrf_log_str_formatter.o [1]
sm_ble_evt_handler         0x2'e939    0x2c  Code  Gb  security_manager.o [1]
sm_conn_sec_config_reply
                           0x2'ea77    0x16  Code  Gb  security_manager.o [1]
sm_conn_sec_status_get     0x2'e6dd    0xb4  Code  Gb  security_manager.o [1]
sm_init                    0x2'e8ed    0x4c  Code  Gb  security_manager.o [1]
sm_link_secure             0x2'eadd    0x12  Code  Gb  security_manager.o [1]
sm_pdb_evt_handler         0x2'e8b1    0x2a  Code  Gb  security_manager.o [1]
sm_sec_is_sufficient       0x2'e791    0x34  Code  Gb  security_manager.o [1]
sm_sec_params_set          0x2'ea37    0x40  Code  Gb  security_manager.o [1]
sm_smd_evt_handler         0x2'e84d    0x26  Code  Gb  security_manager.o [1]
smd_ble_evt_handler        0x3'03e7    0x42  Code  Gb  security_dispatcher.o [1]
smd_conn_sec_config_reply
                           0x2'fe17    0x1e  Code  Gb  security_dispatcher.o [1]
smd_init                   0x3'0125    0x6c  Code  Gb  security_dispatcher.o [1]
smd_link_secure            0x3'03c1    0x26  Code  Gb  security_dispatcher.o [1]
smd_params_reply           0x3'0255    0xe8  Code  Gb  security_dispatcher.o [1]
smd_params_reply_perform
                           0x2'e68d    0x44  Code  Lc  security_manager.o [1]
soc_evt_handler            0x2'be51    0x14  Code  Lc  nrf_drv_clock.o [1]
softdevice_evt_irq_disable
                           0x2'b58b    0x16  Code  Lc  nrf_sdh.o [1]
softdevice_task            0x2'cf3f    0x1e  Code  Lc  nrf_sdh_freertos.o [1]
softdevices_evt_irq_enable
                           0x2'b575    0x16  Code  Lc  nrf_sdh.o [1]
std_header_set             0x2'7e9d    0x68  Code  Lc  nrf_log_frontend.o [1]
std_n                      0x2'7fcb    0x6a  Code  Lc  nrf_log_frontend.o [1]
store_car_value            0x2'f139    0x5e  Code  Gb  gatt_cache_manager.o [1]
store_car_value::car_value_false
                           0x3'6eb0     0x4  Data  Lc  gatt_cache_manager.o [1]
store_car_value::car_value_true
                           0x3'6eac     0x4  Data  Lc  gatt_cache_manager.o [1]
strcpy                     0x3'2cd1          Code  Gb  strcpy.o [4]
string_print               0x3'301d    0x72  Code  Lc  nrf_fprintf_format.o [1]
strlen                     0x3'33e9          Code  Gb  strlen.o [4]
task_init                  0x2'ceb9    0x22  Code  Gb  app_freertos.o [1]
test                       0x2'ca6b    0x78  Code  Gb  twi.o [1]
time_base               0x2000'5a18     0x8  Data  Gb  rtc.o [1]
timestamp_print            0x3'2ce9     0x2  Code  Lc  nrf_log_str_formatter.o [1]
twi_irq_handler            0x3'3e9b    0xd2  Code  Lc  nrfx_twi.o [1]
twi_process_error          0x3'3ab1    0x1e  Code  Lc  nrfx_twi.o [1]
twi_receive_byte           0x3'3b3b    0x74  Code  Lc  nrfx_twi.o [1]
twi_rx_start_transfer      0x3'3dc1    0xda  Code  Lc  nrfx_twi.o [1]
twi_send_byte              0x3'3aef    0x4c  Code  Lc  nrfx_twi.o [1]
twi_transfer               0x3'3baf   0x148  Code  Lc  nrfx_twi.o [1]
twi_tx_start_transfer      0x3'3cf7    0xca  Code  Lc  nrfx_twi.o [1]
tx_power_level_encode      0x3'1ae7    0x38  Code  Lc  ble_advdata.o [1]
ucHeap                  0x2000'5a44  0x8000  Data  Lc  heap_4.o [1]
uint16_decode              0x3'0d3d     0xe  Code  Lc  ble_srv_common.o [1]
uint16_encode              0x3'1915     0xc  Code  Lc  ble_advdata.o [1]
ulPortRaiseBASEPRI         0x2'a1ad     0xc  Code  Lc  port_cmsis_systick.o [1]
ulPortRaiseBASEPRI         0x2'a351     0xc  Code  Lc  queue.o [1]
ulPortRaiseBASEPRI         0x2'8855     0xc  Code  Lc  tasks.o [1]
ulTaskNotifyTake           0x2'9261    0x6e  Code  Gb  tasks.o [1]
uninit                     0x3'4195    0x1a  Code  Lc  nrf_fstorage_sd.o [1]
unsigned_print             0x3'308f    0xae  Code  Lc  nrf_fprintf_format.o [1]
unsigned_print::_aV2C      0x3'69c0    0x10  Data  Lc  nrf_fprintf_format.o [1]
update_date                0x3'1253   0x1ac  Code  Gb  rtc.o [1]
update_pending_flags_check
                           0x2'ef97    0x28  Code  Lc  gatt_cache_manager.o [1]
update_timeout_handler     0x2'bfbf    0x6c  Code  Lc  ble_conn_params.o [1]
use_whitelist              0x2'd11d    0x22  Code  Lc  ble_advertising.o [1]
user_flag_is_acquired      0x2'd5ef    0x10  Code  Lc  ble_conn_state.o [1]
user_mem_reply             0x3'1039    0x2a  Code  Lc  nrf_ble_qwr.o [1]
uuid_list_encode           0x3'1c07    0x4a  Code  Lc  ble_advdata.o [1]
uuid_list_sized_encode     0x3'1b1f    0xe8  Code  Lc  ble_advdata.o [1]
uxCriticalNesting       0x2000'ee80     0x4  Data  Lc  port_cmsis.o [1]
uxCurrentNumberOfTasks  0x2000'eea8     0x4  Data  Lc  tasks.o [1]
uxDeletedTasksWaitingCleanUp
                        0x2000'eea4     0x4  Data  Lc  tasks.o [1]
uxListRemove               0x2'9677    0x26  Code  Gb  list.o [1]
uxPendedTicks           0x2000'eeb8     0x4  Data  Lc  tasks.o [1]
uxSchedulerSuspended    0x2000'eed0     0x4  Data  Lc  tasks.o [1]
uxTaskNumber            0x2000'eec4     0x4  Data  Lc  tasks.o [1]
uxTaskResetEventItemValue
                           0x2'9225    0x16  Code  Gb  tasks.o [1]
uxTopReadyPriority      0x2000'eeb0     0x4  Data  Lc  tasks.o [1]
vApplicationIdleHook       0x2'9b63     0xe  Code  Gb  main.o [1]
vListInitialise            0x2'9605    0x1e  Code  Gb  list.o [1]
vListInitialiseItem        0x2'9623     0x6  Code  Gb  list.o [1]
vListInsert                0x2'9641    0x36  Code  Gb  list.o [1]
vListInsertEnd             0x2'9629    0x18  Code  Gb  list.o [1]
vPortEnableVFP             0x2'974d     0xc  Code  Lc  port_cmsis.o [1]
vPortEnterCritical         0x2'9727    0x10  Code  Gb  port_cmsis.o [1]
vPortExitCritical          0x2'9737    0x16  Code  Gb  port_cmsis.o [1]
vPortFree                  0x2'94e1    0x44  Code  Gb  heap_4.o [1]
vPortSetupTimerInterrupt
                           0x2'a24d    0x42  Code  Gb  port_cmsis_systick.o [1]
vPortStartFirstTask        0x2'a2a5    0x26  Code  Gb  port.o [1]
vQueueAddToRegistry        0x2'a9b9    0x24  Code  Gb  queue.o [1]
vQueueWaitForMessageRestricted
                           0x2'a9e5    0x4a  Code  Gb  queue.o [1]
vTaskDelete                0x2'8a11    0x90  Code  Gb  tasks.o [1]
vTaskInternalSetTimeOutState
                           0x2'8f4b    0x12  Code  Gb  tasks.o [1]
vTaskMissedYield           0x2'8fb5     0xa  Code  Gb  tasks.o [1]
vTaskNotifyGiveFromISR     0x2'92e1    0x7e  Code  Gb  tasks.o [1]
vTaskPlaceOnEventList      0x2'8e35    0x1a  Code  Gb  tasks.o [1]
vTaskPlaceOnEventListRestricted
                           0x2'8e71    0x24  Code  Gb  tasks.o [1]
vTaskPlaceOnUnorderedEventList
                           0x2'8e4f    0x22  Code  Gb  tasks.o [1]
vTaskPriorityDisinheritAfterTimeout
                           0x2'91c1    0x64  Code  Gb  tasks.o [1]
vTaskRemoveFromUnorderedEventList
                           0x2'8eff    0x4c  Code  Gb  tasks.o [1]
vTaskResume                0x2'8b5d    0x6e  Code  Gb  tasks.o [1]
vTaskStartScheduler        0x2'8bcb    0x4e  Code  Gb  tasks.o [1]
vTaskSuspend               0x2'8aa1    0x9a  Code  Gb  tasks.o [1]
vTaskSuspendAll            0x2'8c19     0xc  Code  Gb  tasks.o [1]
vTaskSwitchContext         0x2'8dd3    0x62  Code  Gb  tasks.o [1]
wdtFeedEventHandle      0x2000'ee24     0x4  Data  Gb  common.o [1]
wdtFeedTaskHanle        0x2000'ee20     0x4  Data  Gb  common.o [1]
whitelist_has_entries      0x2'cfc1     0x6  Code  Lc  ble_advertising.o [1]
wmap                       0x3'426d     0x4  Code  Lc  nrf_fstorage_sd.o [1]
write                      0x3'41af    0x54  Code  Lc  nrf_fstorage_sd.o [1]
write_buf_length_words_set
                           0x2'f5c7    0x34  Code  Lc  peer_database.o [1]
write_buf_store            0x2'f5fb    0xe6  Code  Gb  peer_database.o [1]
write_buf_store_in_event
                           0x2'f6e1    0x5e  Code  Lc  peer_database.o [1]
write_buffer_record_acquire
                           0x2'f547    0x22  Code  Lc  peer_database.o [1]
write_buffer_record_find
                           0x2'f4a3    0x44  Code  Lc  peer_database.o [1]
write_buffer_record_find_next
                           0x2'f473    0x30  Code  Lc  peer_database.o [1]
write_buffer_record_find_stored
                           0x2'f4e7    0x2c  Code  Lc  peer_database.o [1]
write_buffer_record_find_unused
                           0x2'f513     0xe  Code  Lc  peer_database.o [1]
write_buffer_record_invalidate
                           0x2'f44d    0x26  Code  Lc  peer_database.o [1]
write_buffer_record_release
                           0x2'f521    0x26  Code  Lc  peer_database.o [1]
write_enqueue              0x2'707f    0xec  Code  Lc  fds.o [1]
write_execute              0x2'6e21    0xc4  Code  Lc  fds.o [1]
write_execute              0x3'3feb    0x42  Code  Lc  nrf_fstorage_sd.o [1]
write_execute::desc     0x2000'ed90     0xc  Data  Lc  fds.o [1]
write_execute::page     0x2000'eee8     0x2  Data  Lc  fds.o [1]
write_space_free           0x2'654b    0x22  Code  Lc  fds.o [1]
write_space_reserve        0x2'64c7    0x84  Code  Lc  fds.o [1]
xActiveTimerList1       0x2000'ece0    0x14  Data  Lc  timers.o [1]
xActiveTimerList2       0x2000'ecf4    0x14  Data  Lc  timers.o [1]
xBlockAllocatedBit      0x2000'ee4c     0x4  Data  Lc  heap_4.o [1]
xDelayedTaskList1       0x2000'ec7c    0x14  Data  Lc  tasks.o [1]
xDelayedTaskList2       0x2000'ec90    0x14  Data  Lc  tasks.o [1]
xEventGroupCreate          0x3'1615    0x1c  Code  Gb  event_groups.o [1]
xEventGroupSetBits         0x3'1701    0x82  Code  Gb  event_groups.o [1]
xEventGroupWaitBits        0x3'1631    0xc8  Code  Gb  event_groups.o [1]
xFreeBytesRemaining     0x2000'ee44     0x4  Data  Lc  heap_4.o [1]
xHeapStructSize            0x3'6ebc     0x4  Data  Lc  heap_4.o [1]
xIdleTaskHandle         0x2000'eecc     0x4  Data  Lc  tasks.o [1]
xMinimumEverFreeBytesRemaining
                        0x2000'ee48     0x4  Data  Lc  heap_4.o [1]
xNextTaskUnblockTime    0x2000'eec8     0x4  Data  Lc  tasks.o [1]
xNumOfOverflows         0x2000'eec0     0x4  Data  Lc  tasks.o [1]
xPendingReadyList       0x2000'eca4    0x14  Data  Lc  tasks.o [1]
xPortGetFreeHeapSize       0x2'9525     0x6  Code  Gb  heap_4.o [1]
xPortStartScheduler        0x2'96ed    0x3a  Code  Gb  port_cmsis.o [1]
xQueueCreateCountingSemaphore
                           0x2'a42f    0x14  Code  Gb  queue.o [1]
xQueueGenericCreate        0x2'a3dd    0x36  Code  Gb  queue.o [1]
xQueueGenericReset         0x2'a35d    0x80  Code  Gb  queue.o [1]
xQueueGenericSend          0x2'a443   0x114  Code  Gb  queue.o [1]
xQueueGenericSendFromISR
                           0x2'a557    0x6a  Code  Gb  queue.o [1]
xQueueGiveFromISR          0x2'a5c1    0x56  Code  Gb  queue.o [1]
xQueueReceive              0x2'a617    0xfe  Code  Gb  queue.o [1]
xQueueRegistry          0x2000'ed58    0x10  Data  Gb  queue.o [1]
xQueueSemaphoreTake        0x2'a715   0x138  Code  Gb  queue.o [1]
xSchedulerRunning       0x2000'eeb4     0x4  Data  Lc  tasks.o [1]
xStart                  0x2000'edd4     0x8  Data  Lc  heap_4.o [1]
xSuspendedTaskList      0x2000'eccc    0x14  Data  Lc  tasks.o [1]
xTaskCheckForTimeOut       0x2'8f5d    0x58  Code  Gb  tasks.o [1]
xTaskCreate                0x2'8861    0x6e  Code  Gb  tasks.o [1]
xTaskGetSchedulerState     0x2'90b1    0x20  Code  Gb  tasks.o [1]
xTaskGetTickCount          0x2'8cf5     0x8  Code  Gb  tasks.o [1]
xTaskGetTickCountFromISR
                           0x2'8cfd     0xa  Code  Gb  tasks.o [1]
xTaskIncrementTick         0x2'8d07    0xcc  Code  Gb  tasks.o [1]
xTaskPriorityDisinherit
                           0x2'9161    0x5a  Code  Gb  tasks.o [1]
xTaskPriorityInherit       0x2'90d9    0x80  Code  Gb  tasks.o [1]
xTaskRemoveFromEventList
                           0x2'8e95    0x6a  Code  Gb  tasks.o [1]
xTaskResumeAll             0x2'8c25    0xd0  Code  Gb  tasks.o [1]
xTasksWaitingTermination
                        0x2000'ecb8    0x14  Data  Lc  tasks.o [1]
xTickCount              0x2000'eeac     0x4  Data  Lc  tasks.o [1]
xTimerCreate               0x2'97ab    0x30  Code  Gb  timers.o [1]
xTimerCreateTimerTask      0x2'9779    0x32  Code  Gb  timers.o [1]
xTimerGenericCommand       0x2'980d    0x50  Code  Gb  timers.o [1]
xTimerQueue             0x2000'eedc     0x4  Data  Lc  timers.o [1]
xTimerTaskHandle        0x2000'eee0     0x4  Data  Lc  timers.o [1]
xYieldPending           0x2000'eebc     0x4  Data  Lc  tasks.o [1]
xfer_completeness_check
                           0x3'3acf    0x20  Code  Lc  nrfx_twi.o [1]


[1] = D:\nRF5_SDK_15.2.0_9412b96\sdk17\project\iar\Debug\Obj
[2] = dl7M_tln.a
[3] = m7M_tls.a
[4] = rt7M_tl.a
[5] = shb_l.a

  58 500 bytes of readonly  code memory
  11 062 bytes of readonly  data memory
  40 356 bytes of readwrite data memory

Errors: none
Warnings: none
